###############################################################################
#
# IAR ELF Linker V7.30.4.8167/W32 for ARM                 11/Jul/2016  18:35:05
# Copyright 2007-2014 IAR Systems AB.
#
#    Output file  =  
#        D:\Project\SmartCar11\WesternComV4.0\Prj\Debug\Exe\WesternCom.out
#    Map file     =  
#        D:\Project\SmartCar11\WesternComV4.0\Prj\Debug\List\WesternCom.map
#    Command line =  
#        D:\Project\SmartCar11\WesternComV4.0\Prj\Debug\Obj\8700_2100.o
#        D:\Project\SmartCar11\WesternComV4.0\Prj\Debug\Obj\Calculate.o
#        D:\Project\SmartCar11\WesternComV4.0\Prj\Debug\Obj\CCD.o
#        D:\Project\SmartCar11\WesternComV4.0\Prj\Debug\Obj\control.o
#        D:\Project\SmartCar11\WesternComV4.0\Prj\Debug\Obj\diskio.o
#        D:\Project\SmartCar11\WesternComV4.0\Prj\Debug\Obj\ff.o
#        D:\Project\SmartCar11\WesternComV4.0\Prj\Debug\Obj\fuzzy.o
#        D:\Project\SmartCar11\WesternComV4.0\Lib\CMSIS\iar_cortexM4l_math.a
#        D:\Project\SmartCar11\WesternComV4.0\Lib\CMSIS\iar_cortexM4lf_math.a
#        D:\Project\SmartCar11\WesternComV4.0\Prj\Debug\Obj\Init.o
#        D:\Project\SmartCar11\WesternComV4.0\Prj\Debug\Obj\key_int.o
#        D:\Project\SmartCar11\WesternComV4.0\Prj\Debug\Obj\main.o
#        D:\Project\SmartCar11\WesternComV4.0\Prj\Debug\Obj\misc.o
#        D:\Project\SmartCar11\WesternComV4.0\Prj\Debug\Obj\MK60_adc.o
#        D:\Project\SmartCar11\WesternComV4.0\Prj\Debug\Obj\MK60_can.o
#        D:\Project\SmartCar11\WesternComV4.0\Prj\Debug\Obj\MK60_conf.o
#        D:\Project\SmartCar11\WesternComV4.0\Prj\Debug\Obj\MK60_dac.o
#        D:\Project\SmartCar11\WesternComV4.0\Prj\Debug\Obj\MK60_dma.o
#        D:\Project\SmartCar11\WesternComV4.0\Prj\Debug\Obj\MK60_DWT.o
#        D:\Project\SmartCar11\WesternComV4.0\Prj\Debug\Obj\MK60_flash.o
#        D:\Project\SmartCar11\WesternComV4.0\Prj\Debug\Obj\MK60_flexbus.o
#        D:\Project\SmartCar11\WesternComV4.0\Prj\Debug\Obj\MK60_ftm.o
#        D:\Project\SmartCar11\WesternComV4.0\Prj\Debug\Obj\MK60_gpio.o
#        D:\Project\SmartCar11\WesternComV4.0\Prj\Debug\Obj\MK60_i2c.o
#        D:\Project\SmartCar11\WesternComV4.0\Prj\Debug\Obj\MK60_it.o
#        D:\Project\SmartCar11\WesternComV4.0\Prj\Debug\Obj\MK60_lptmr.o
#        D:\Project\SmartCar11\WesternComV4.0\Prj\Debug\Obj\MK60_mcg.o
#        D:\Project\SmartCar11\WesternComV4.0\Prj\Debug\Obj\MK60_PIT.o
#        D:\Project\SmartCar11\WesternComV4.0\Prj\Debug\Obj\MK60_port.o
#        D:\Project\SmartCar11\WesternComV4.0\Prj\Debug\Obj\MK60_rtc.o
#        D:\Project\SmartCar11\WesternComV4.0\Prj\Debug\Obj\MK60_sdhc.o
#        D:\Project\SmartCar11\WesternComV4.0\Prj\Debug\Obj\MK60_spi.o
#        D:\Project\SmartCar11\WesternComV4.0\Prj\Debug\Obj\MK60_SysTick.o
#        D:\Project\SmartCar11\WesternComV4.0\Prj\Debug\Obj\MK60_uart.o
#        D:\Project\SmartCar11\WesternComV4.0\Prj\Debug\Obj\MK60_usb.o
#        D:\Project\SmartCar11\WesternComV4.0\Prj\Debug\Obj\MK60_wdog.o
#        D:\Project\SmartCar11\WesternComV4.0\Prj\Debug\Obj\motor.o
#        D:\Project\SmartCar11\WesternComV4.0\Prj\Debug\Obj\OLED.o
#        D:\Project\SmartCar11\WesternComV4.0\Prj\Debug\Obj\PID.o
#        D:\Project\SmartCar11\WesternComV4.0\Prj\Debug\Obj\PIT0.o
#        D:\Project\SmartCar11\WesternComV4.0\Prj\Debug\Obj\process.o
#        D:\Project\SmartCar11\WesternComV4.0\Prj\Debug\Obj\SD.o
#        D:\Project\SmartCar11\WesternComV4.0\Prj\Debug\Obj\Serial_oscilloscope.o
#        D:\Project\SmartCar11\WesternComV4.0\Prj\Debug\Obj\startup_MK60DZ10.o
#        D:\Project\SmartCar11\WesternComV4.0\Prj\Debug\Obj\Struct.o
#        D:\Project\SmartCar11\WesternComV4.0\Prj\Debug\Obj\system_MK60DZ10.o
#        D:\Project\SmartCar11\WesternComV4.0\Prj\Debug\Obj\USB.o
#        D:\Project\SmartCar11\WesternComV4.0\Prj\Debug\Obj\USB_CDC.o
#        D:\Project\SmartCar11\WesternComV4.0\Prj\Debug\Obj\VCAN_ASCII.o
#        D:\Project\SmartCar11\WesternComV4.0\Prj\Debug\Obj\VCAN_BMP.o
#        D:\Project\SmartCar11\WesternComV4.0\Prj\Debug\Obj\VCAN_camera.o
#        D:\Project\SmartCar11\WesternComV4.0\Prj\Debug\Obj\VCAN_computer.o
#        D:\Project\SmartCar11\WesternComV4.0\Prj\Debug\Obj\vcan_img2sd.o
#        D:\Project\SmartCar11\WesternComV4.0\Prj\Debug\Obj\VCAN_key.o
#        D:\Project\SmartCar11\WesternComV4.0\Prj\Debug\Obj\VCAN_key_event.o
#        D:\Project\SmartCar11\WesternComV4.0\Prj\Debug\Obj\VCAN_LCD.o
#        D:\Project\SmartCar11\WesternComV4.0\Prj\Debug\Obj\VCAN_LCD_CH.o
#        D:\Project\SmartCar11\WesternComV4.0\Prj\Debug\Obj\VCAN_LCD_ILI9341.o
#        D:\Project\SmartCar11\WesternComV4.0\Prj\Debug\Obj\VCAN_LCD_ST7735R.o
#        D:\Project\SmartCar11\WesternComV4.0\Prj\Debug\Obj\VCAN_LCD_ST7735S.o
#        D:\Project\SmartCar11\WesternComV4.0\Prj\Debug\Obj\VCAN_LED.o
#        D:\Project\SmartCar11\WesternComV4.0\Prj\Debug\Obj\VCAN_MMA7455.o
#        D:\Project\SmartCar11\WesternComV4.0\Prj\Debug\Obj\VCAN_NRF24L0.o
#        D:\Project\SmartCar11\WesternComV4.0\Prj\Debug\Obj\VCAN_NRF24L0_MSG.o
#        D:\Project\SmartCar11\WesternComV4.0\Prj\Debug\Obj\VCAN_OV7725_Eagle.o
#        D:\Project\SmartCar11\WesternComV4.0\Prj\Debug\Obj\VCAN_OV7725_Wolf.o
#        D:\Project\SmartCar11\WesternComV4.0\Prj\Debug\Obj\VCAN_RTC_count.o
#        D:\Project\SmartCar11\WesternComV4.0\Prj\Debug\Obj\VCAN_SCCB.o
#        D:\Project\SmartCar11\WesternComV4.0\Prj\Debug\Obj\vcan_sd_app.o
#        D:\Project\SmartCar11\WesternComV4.0\Prj\Debug\Obj\Vcan_touch.o
#        D:\Project\SmartCar11\WesternComV4.0\Prj\Debug\Obj\VCAN_TSL1401.o
#        D:\Project\SmartCar11\WesternComV4.0\Prj\Debug\Obj\VCAN_UI_VAR.o
#        D:\Project\SmartCar11\WesternComV4.0\Prj\Debug\Obj\vectors.o -o
#        D:\Project\SmartCar11\WesternComV4.0\Prj\Debug\Exe\WesternCom.out
#        --map
#        D:\Project\SmartCar11\WesternComV4.0\Prj\Debug\List\WesternCom.map
#        --config "D:\Project\SmartCar11\WesternComV4.0\Prj\config
#        files\vcan_ROM_K60N1M.icf"
#        D:\Project\SmartCar11\WesternComV4.0\Prj\..\Lib\CMSIS\iar_cortexM4l_math.a
#        --entry __iar_program_start --vfe
#
###############################################################################

*******************************************************************************
*** RUNTIME MODEL ATTRIBUTES
***

CppFlavor       = *
__SystemLibrary = DLib


*******************************************************************************
*** PLACEMENT SUMMARY
***

"A1":  place at 0x00000000 { ro section .intvec };
"A2":  place at 0x00000410 { ro section .noinit };
"P1":  place in [from 0x00000000 to 0x00100000] { ro, block CodeRelocate };
"P2":  place in [from 0x1fff0410 to 0x20010000] {
          rw, block CodeRelocateRam, block CSTACK, block HEAP };

  Section              Kind        Address    Size  Object
  -------              ----        -------    ----  ------
"A1":                                        0x410
  .intvec              const    0x00000000   0x410  vectors.o [1]
                              - 0x00000410   0x410

"A2":                                          0x8
  .noinit              ro code  0x00000410     0x8  startup_MK60DZ10.o [1]
                              - 0x00000418     0x8

"P1":                                       0x8e64
  .text                ro code  0x00000418  0x1e0c  Serial_oscilloscope.o [1]
  .text                ro code  0x00002224   0x2c0  MK60_uart.o [1]
  .text                ro code  0x000024e4    0x30  I32ToDbl.o [4]
  .text                ro code  0x00002514   0x1a2  DblMul.o [4]
  .text                ro code  0x000026b6    0x22  zero_init3.o [5]
  .text                ro code  0x000026d8    0x90  DblToFlt.o [4]
  .text                ro code  0x00002768    0xb0  MK60_port.o [1]
  Veneer               ro code  0x00002818     0x8  - Linker created -
  Veneer               ro code  0x00002820     0x8  - Linker created -
  .text                ro code  0x00002828   0x140  MK60_conf.o [1]
  .text                ro code  0x00002968    0x70  VCAN_LED.o [1]
  .text                ro code  0x000029d8    0x24  printf.o [3]
  .text                ro code  0x000029fc    0x64  MK60_SysTick.o [1]
  .text                ro code  0x00002a60    0x9c  VCAN_key.o [1]
  .text                ro code  0x00002afc   0x1a4  MK60_gpio.o [1]
  .text                ro code  0x00002ca0   0xd92  xprintffull_nomb.o [3]
  .text                ro code  0x00003a34    0x16  strchr.o [5]
  .text                ro code  0x00003a4c    0x36  strlen.o [5]
  .text                ro code  0x00003a84    0x58  memchr.o [5]
  .text                ro code  0x00003adc    0xee  I64DivMod.o [5]
  .text                ro code  0x00003bcc    0x76  ABImemcpy_unaligned.o [5]
  .text                ro code  0x00003c42    0x42  xdnorm.o [4]
  .text                ro code  0x00003c84    0x2e  DblCmpLe.o [4]
  .text                ro code  0x00003cb4    0x2e  DblCmpGe.o [4]
  .text                ro code  0x00003ce4   0x118  xdscale.o [4]
  .text                ro code  0x00003dfc    0x58  DblToI32.o [4]
  .text                ro code  0x00003e54   0x180  DblSub.o [4]
  .text                ro code  0x00003fd4   0x246  DblDiv.o [4]
  .text                ro code  0x0000421c    0x6c  localeconv.o [3]
  .text                ro code  0x00004288     0xe  div.o [3]
  .text                ro code  0x00004298     0x2  I64DivZer.o [5]
  .text                ro code  0x0000429c    0xd4  DblAdd.o [4]
  .text                ro code  0x00004370     0x2  xtls.o [3]
  .text                ro code  0x00004374   0xc4c  Calculate.o [1]
  .data_init                    0x00004fc0   0xa68  <Block>
    Initializer bytes  const    0x00004fc0   0xa68  <for .data-1>
  .text                ro code  0x00005a28   0x5f4  MK60_ftm.o [1]
  .text                ro code  0x0000601c   0x5e0  process.o [1]
  .text                ro code  0x000065fc   0x16e  CCD.o [1]
  .text                ro code  0x0000676c   0x2ec  PID.o [1]
  .text                ro code  0x00006a58   0x1a0  motor.o [1]
  .text                ro code  0x00006bf8   0x2b8  MK60_adc.o [1]
  .text                ro code  0x00006eb0   0x57c  fuzzy.o [1]
  .text                ro code  0x0000742c   0x5d4  MK60_i2c.o [1]
  .text                ro code  0x00007a00     0x8  abs.o [3]
  Veneer               ro code  0x00007a08     0x8  - Linker created -
  .text                ro code  0x00007a10   0x3d4  MK60_mcg.o [1]
  .text                ro code  0x00007de4   0x354  8700_2100.o [1]
  .text                ro code  0x00008138   0x290  key_int.o [1]
  .text                ro code  0x000083c8    0x50  misc.o [1]
  .text                ro code  0x00008418   0x210  OLED.o [1]
  .text                ro code  0x00008628   0x208  Init.o [1]
  .text                ro code  0x00008830    0x1c  Struct.o [1]
  .text                ro code  0x0000884c   0x144  PIT0.o [1]
  .text                ro code  0x00008990    0x7c  MK60_PIT.o [1]
  CodeRelocate                  0x00008a0c   0x1f0  <Block>
    Initializer bytes  const    0x00008a0c   0x1f0  <for CodeRelocateRam-1>
  .text                ro code  0x00008bfc   0x130  system_MK60DZ10.o [1]
  .text                ro code  0x00008d2c    0x40  MK60_wdog.o [1]
  .text                ro code  0x00008d6c    0xa4  main.o [1]
  .rodata              const    0x00008e10    0x80  MK60_i2c.o [1]
  .rodata              const    0x00008e90    0x40  MK60_ftm.o [1]
  .rodata              const    0x00008ed0    0x3c  MK60_conf.o [1]
  .rodata              const    0x00008f0c    0x3c  MK60_flash.o [1]
  .rodata              const    0x00008f48    0x3c  MK60_i2c.o [1]
  .rodata              const    0x00008f84    0x3c  MK60_SysTick.o [1]
  .rodata              const    0x00008fc0    0x38  MK60_adc.o [1]
  .rodata              const    0x00008ff8    0x38  MK60_gpio.o [1]
  .rodata              const    0x00009030    0x38  MK60_PIT.o [1]
  .rodata              const    0x00009068    0x38  MK60_uart.o [1]
  .rodata              const    0x000090a0    0x34  misc.o [1]
  .text                ro code  0x000090d4    0x28  data_init.o [5]
  .rodata              const    0x000090fc    0x24  MK60_conf.o [1]
  .text                ro code  0x00009120    0x22  fpinit_M.o [4]
  .iar.init_table      const    0x00009144    0x10  - Linker created -
  .rodata              const    0x00009154    0x20  MK60_conf.o [1]
  .text                ro code  0x00009174    0x1a  cmain.o [5]
  .text                ro code  0x0000918e     0x4  low_level_init.o [3]
  .text                ro code  0x00009192     0x4  exit.o [3]
  .text                ro code  0x00009198     0xa  cexit.o [5]
  .text                ro code  0x000091a4     0xc  XXexit.o [5]
  .text                ro code  0x000091b0    0x16  xprout.o [3]
  .text                ro code  0x000091c8     0xc  putchar.o [3]
  .rodata              const    0x000091d4    0x14  MK60_conf.o [1]
  .text                ro code  0x000091e8     0xc  cstartup_M.o [5]
  .rodata              const    0x000091f4     0x0  zero_init3.o [5]
  Initializer bytes    const    0x000091f4    0x88  <for P2 s0>
                              - 0x0000927c  0x8e64

"P2":                                       0x1cf4
  .data                         0x1fff0410   0xa68  <Block>
    .data-1                     0x1fff0410   0xa68  <Init block>
      .data            inited   0x1fff0410     0x2  Calculate.o [1]
      .data            inited   0x1fff0414    0xc4  fuzzy.o [1]
      .data            inited   0x1fff04d8    0xc4  fuzzy.o [1]
      .data            inited   0x1fff059c    0xc4  fuzzy.o [1]
      .data            inited   0x1fff0660     0x8  MK60_adc.o [1]
      .data            inited   0x1fff0668   0x708  MK60_conf.o [1]
      .data            inited   0x1fff0d70    0x10  MK60_ftm.o [1]
      .data            inited   0x1fff0d80    0x14  MK60_gpio.o [1]
      .data            inited   0x1fff0d94     0x8  MK60_i2c.o [1]
      .data            inited   0x1fff0d9c    0x58  MK60_mcg.o [1]
      .data            inited   0x1fff0df4     0x4  MK60_mcg.o [1]
      .data            inited   0x1fff0df8    0x14  MK60_port.o [1]
      .data            inited   0x1fff0e0c    0x18  MK60_uart.o [1]
      .data            inited   0x1fff0e24     0x4  PID.o [1]
      .data            inited   0x1fff0e28     0x1  process.o [1]
      .data            inited   0x1fff0e29     0x1  Serial_oscilloscope.o [1]
      .data            inited   0x1fff0e2c     0x8  VCAN_key.o [1]
      .data            inited   0x1fff0e34     0x4  VCAN_LED.o [1]
      .data            inited   0x1fff0e38    0x40  xfiles.o [3]
  CodeRelocateRam               0x1fff0e78   0x1f0  <Block>
    CodeRelocateRam-1           0x1fff0e78   0x1f0  <Init block>
      Veneer           inited   0x1fff0e78     0x8  - Linker created -
      Veneer           inited   0x1fff0e80     0x8  - Linker created -
      .textrw          inited   0x1fff0e88   0x190  MK60_flash.o [1]
      .textrw          inited   0x1fff1018    0x50  MK60_mcg.o [1]
  .bss                          0x1fff1068  0x1014  <Block>
    .bss               zero     0x1fff1068     0xc  8700_2100.o [1]
    .bss               zero     0x1fff1074    0x18  8700_2100.o [1]
    .bss               zero     0x1fff108c    0x10  8700_2100.o [1]
    .bss               zero     0x1fff109c     0x4  8700_2100.o [1]
    .bss               zero     0x1fff10a0    0x34  fuzzy.o [1]
    .bss               zero     0x1fff10d4    0x10  MK60_ftm.o [1]
    .bss               zero     0x1fff10e4     0x4  MK60_i2c.o [1]
    .bss               zero     0x1fff10e8     0x4  motor.o [1]
    .bss               zero     0x1fff10ec     0x4  motor.o [1]
    .bss               zero     0x1fff10f0   0x400  OLED.o [1]
    .bss               zero     0x1fff14f0    0x38  PID.o [1]
    .bss               zero     0x1fff1528    0x38  PID.o [1]
    .bss               zero     0x1fff1560    0x38  PID.o [1]
    .bss               zero     0x1fff1598     0x4  process.o [1]
    .bss               zero     0x1fff159c     0x4  process.o [1]
    .bss               zero     0x1fff15a0     0x4  process.o [1]
    .bss               zero     0x1fff15a4     0x4  process.o [1]
    .bss               zero     0x1fff15a8     0x4  process.o [1]
    .bss               zero     0x1fff15ac     0x4  process.o [1]
    .bss               zero     0x1fff15b0     0x4  process.o [1]
    .bss               zero     0x1fff15b4     0x4  process.o [1]
    .bss               zero     0x1fff15b8     0x4  process.o [1]
    .bss               zero     0x1fff15bc    0x34  Serial_oscilloscope.o [1]
    .bss               zero     0x1fff15f0    0x34  Serial_oscilloscope.o [1]
    .bss               zero     0x1fff1624    0x90  Struct.o [1]
    .bss               zero     0x1fff16b4     0x4  Struct.o [1]
    .bss               zero     0x1fff16b8     0x8  Struct.o [1]
    .bss               zero     0x1fff16c0    0x70  Struct.o [1]
    .bss               zero     0x1fff1730    0xdc  Struct.o [1]
    .bss               zero     0x1fff180c   0x404  Struct.o [1]
    .bss               zero     0x1fff1c10   0x404  Struct.o [1]
    .bss               zero     0x1fff2014     0x4  system_MK60DZ10.o [1]
    .bss               zero     0x1fff2018     0x4  system_MK60DZ10.o [1]
    .bss               zero     0x1fff201c     0x4  system_MK60DZ10.o [1]
    .bss               zero     0x1fff2020    0x50  xfiles.o [3]
    .bss               zero     0x1fff2070     0x1  PIT0.o [1]
    .bss               zero     0x1fff2071     0x1  PIT0.o [1]
    .bss               zero     0x1fff2072     0x1  PIT0.o [1]
    .bss               zero     0x1fff2073     0x1  PIT0.o [1]
    .bss               zero     0x1fff2074     0x1  PIT0.o [1]
    .bss               zero     0x1fff2075     0x1  PIT0.o [1]
    .bss               zero     0x1fff2076     0x1  PIT0.o [1]
    .bss               zero     0x1fff2077     0x1  Serial_oscilloscope.o [1]
    .bss               zero     0x1fff2078     0x1  Serial_oscilloscope.o [1]
    .bss               zero     0x1fff2079     0x1  Serial_oscilloscope.o [1]
  P2 s0                         0x1fff207c    0x88  <Init block>
    __DLIB_PERTHREAD   inited   0x1fff207c    0x88  localeconv.o [3]
                              - 0x1fff2104  0x1cf4


*******************************************************************************
*** INIT TABLE
***

          Address     Size
          -------     ----
Zero (__iar_zero_init3)
    1 destination range, total size 0x1012:
          0x1fff1068  0x1012



*******************************************************************************
*** MODULE SUMMARY
***

    Module                 ro code  rw code  ro data  rw data
    ------                 -------  -------  -------  -------
D:\Project\SmartCar11\WesternComV4.0\Prj\Debug\Obj: [1]
    8700_2100.o                852                         56
    CCD.o                      366
    Calculate.o              3 148                 2        2
    Init.o                     520
    MK60_PIT.o                 124                56
    MK60_SysTick.o             100                60
    MK60_adc.o                 696                64        8
    MK60_conf.o                320             1 948    1 800
    MK60_flash.o                        400      460
    MK60_ftm.o               1 524                80       32
    MK60_gpio.o                420                76       20
    MK60_i2c.o               1 492               196       12
    MK60_mcg.o                 980       80      172       92
    MK60_port.o                176                20       20
    MK60_uart.o                704                80       24
    MK60_wdog.o                 64
    OLED.o                     528                      1 024
    PID.o                      748                 4      172
    PIT0.o                     324                          7
    Serial_oscilloscope.o    7 692                 1      108
    Struct.o                    28                      2 544
    VCAN_LED.o                 112                 4        4
    VCAN_key.o                 156                10        8
    fuzzy.o                  1 404               590      640
    key_int.o                  656
    main.o                     164
    misc.o                      80                52
    motor.o                    416                          8
    process.o                1 504                 1       37
    startup_MK60DZ10.o           8
    system_MK60DZ10.o          304                         12
    vectors.o                                  1 040
    ---------------------------------------------------------
    Total:                  25 610      480    4 916    6 630

command line: [2]
    ---------------------------------------------------------
    Total:

dl7M_tlf.a: [3]
    abs.o                        8
    div.o                       14
    exit.o                       4
    localeconv.o               108               136      136
    low_level_init.o             4
    printf.o                    36
    putchar.o                   12
    xfiles.o                                      64      144
    xprintffull_nomb.o       3 474
    xprout.o                    22
    xtls.o                       2
    ---------------------------------------------------------
    Total:                   3 684               200      280

m7M_tls.a: [4]
    DblAdd.o                   212
    DblCmpGe.o                  46
    DblCmpLe.o                  46
    DblDiv.o                   582
    DblMul.o                   418
    DblSub.o                   384
    DblToFlt.o                 144
    DblToI32.o                  88
    I32ToDbl.o                  48
    fpinit_M.o                  34
    xdnorm.o                    66
    xdscale.o                  280
    ---------------------------------------------------------
    Total:                   2 348

rt7M_tl.a: [5]
    ABImemcpy_unaligned.o      118
    I64DivMod.o                238
    I64DivZer.o                  2
    XXexit.o                    12
    cexit.o                     10
    cmain.o                     26
    cstartup_M.o                12
    data_init.o                 40
    memchr.o                    88
    strchr.o                    22
    strlen.o                    54
    zero_init3.o                34
    ---------------------------------------------------------
    Total:                     656

    Gaps                        28                 2        4
    Linker created              24       16       32
-------------------------------------------------------------
    Grand Total:            32 350      496    5 150    6 914


*******************************************************************************
*** ENTRY LIST
***

Entry                      Address    Size  Type      Object
-----                      -------    ----  ----      ------
.bss$$Base              0x1fff1068           --   Gb  - Linker created -
.bss$$Limit             0x1fff207c           --   Gb  - Linker created -
.data$$Base             0x1fff0410           --   Gb  - Linker created -
.data$$Limit            0x1fff0e78           --   Gb  - Linker created -
.data_init$$Base        0x00004fc0           --   Gb  - Linker created -
.data_init$$Limit       0x00005a28           --   Gb  - Linker created -
.iar.init_table$$Base   0x00009144           --   Gb  - Linker created -
.iar.init_table$$Limit  0x00009154           --   Gb  - Linker created -
?main                   0x00009175          Code  Gb  cmain.o [5]
ADCN                    0x1fff0660     0x8  Data  Gb  MK60_adc.o [1]
ANO_DT_Data_Receive_Anl
                        0x00000535  0x1c96  Code  Gb  Serial_oscilloscope.o [1]
ANO_DT_Data_Receive_Prepare
                        0x0000043d    0xe4  Code  Gb  Serial_oscilloscope.o [1]
ANO_DT_Send_Check       0x000021cb    0x4a  Code  Lc  Serial_oscilloscope.o [1]
ANO_Send_Data           0x00000419    0x24  Code  Gb  Serial_oscilloscope.o [1]
ASSERT_FAILED_STR       0x000090fc    0x24  Data  Gb  MK60_conf.o [1]
B0_Process              0x000081f9    0x46  Code  Gb  key_int.o [1]
B1_Process              0x0000823f    0x46  Code  Gb  key_int.o [1]
B2_Process              0x00008285    0x88  Code  Gb  key_int.o [1]
B3_Process              0x0000830d    0x90  Code  Gb  key_int.o [1]
B4_Process              0x0000839d    0x18  Code  Gb  key_int.o [1]
CCD1_ImageCapture       0x00006639    0x96  Code  Gb  CCD.o [1]
CCD1_info               0x1fff180c   0x404  Data  Gb  Struct.o [1]
CCD1_init               0x000065fd    0x1e  Code  Gb  CCD.o [1]
CCD2_ImageCapture       0x000066cf    0x96  Code  Gb  CCD.o [1]
CCD2_info               0x1fff1c10   0x404  Data  Gb  Struct.o [1]
CCD2_init               0x0000661b    0x1e  Code  Gb  CCD.o [1]
Cal_Speed_L             0x1fff15a8     0x4  Data  Gb  process.o [1]
Cal_Speed_R             0x1fff15ac     0x4  Data  Gb  process.o [1]
Calservo                0x1fff1598     0x4  Data  Gb  process.o [1]
Car_State_Judge         0x0000652b    0x60  Code  Gb  process.o [1]
Car_state               0x1fff16b4     0x4  Data  Gb  Struct.o [1]
Car_stop                0x00006033    0x36  Code  Gb  process.o [1]
Center_Board_Value      0x1fff0410     0x2  Data  Gb  Calculate.o [1]
CodeRelocate$$Base      0x00008a0c           --   Gb  - Linker created -
CodeRelocate$$Limit     0x00008bfc           --   Gb  - Linker created -
CodeRelocateRam$$Base   0x1fff0e78           --   Gb  - Linker created -
CodeRelocateRam$$Limit  0x1fff1068           --   Gb  - Linker created -
FRD                     0x1fff0414    0xc4  Data  Gb  fuzzy.o [1]
FRP                     0x1fff04d8    0xc4  Data  Gb  fuzzy.o [1]
FR_Speed                0x1fff059c    0xc4  Data  Gb  fuzzy.o [1]
FTMN                    0x1fff0d70    0x10  Data  Gb  MK60_ftm.o [1]
FTM_port_mux            0x00005a29   0x1ac  Code  Lc  MK60_ftm.o [1]
Filter_binary           0x00004795    0x94  Code  Gb  Calculate.o [1]
Fuzzy_Cal               0x00006efd   0x50c  Code  Gb  fuzzy.o [1]
Fuzzy_Init              0x00006eb1    0x4c  Code  Gb  fuzzy.o [1]
GPIOX                   0x1fff0d80    0x14  Data  Gb  MK60_gpio.o [1]
Gyro_data               0x1fff1068     0xc  Data  Gb  8700_2100.o [1]
Gyro_info               0x1fff1730    0xdc  Data  Gb  Struct.o [1]
Gyro_read               0x00007e5d    0x4c  Code  Gb  8700_2100.o [1]
I2CN                    0x1fff0d94     0x8  Data  Gb  MK60_i2c.o [1]
IIC_Count               0x1fff10e4     0x4  Data  Gb  MK60_i2c.o [1]
Imu_calculate           0x00007ea9   0x268  Code  Gb  8700_2100.o [1]
Init2100                0x00007de5    0x4e  Code  Gb  8700_2100.o [1]
Init8700                0x00007e33    0x14  Code  Gb  8700_2100.o [1]
Init_PIT0               0x00008861    0x24  Code  Gb  PIT0.o [1]
Init_PIT1               0x00008921    0x24  Code  Gb  PIT0.o [1]
Init_PORT               0x0000814d    0x42  Code  Gb  key_int.o [1]
Init_PORT_C             0x00008709    0x4a  Code  Gb  Init.o [1]
Init_TLY                0x00007e47    0x16  Code  Gb  8700_2100.o [1]
Init_all                0x0000863d    0x8e  Code  Gb  Init.o [1]
Init_ftm_motor          0x00006a59    0x4a  Code  Gb  motor.o [1]
Init_quad               0x00006aa3    0x10  Code  Gb  motor.o [1]
Init_uart4              0x000086cb    0x1e  Code  Gb  Init.o [1]
KEY_PTxn                0x1fff0e2c     0x8  Data  Gb  VCAN_key.o [1]
K_Speed_Diff            0x1fff15b4     0x4  Data  Gb  process.o [1]
LED_PTxn                0x1fff0e34     0x4  Data  Gb  VCAN_LED.o [1]
LoadInt                 0x00003227    0x6e  Code  Lc  xprintffull_nomb.o [3]
Menu                    0x1fff16b8     0x8  Data  Gb  Struct.o [1]
MotorSpeedOut           0x00006af1    0xf4  Code  Gb  motor.o [1]
Motor_Process           0x0000627d   0x2ae  Code  Gb  process.o [1]
NVIC_DisableIRQ         0x00008629    0x14  Code  Lc  Init.o [1]
NVIC_EnableIRQ          0x00008139    0x14  Code  Lc  key_int.o [1]
NVIC_EnableIRQ          0x00002225    0x16  Code  Lc  MK60_uart.o [1]
NVIC_EnableIRQ          0x0000884d    0x14  Code  Lc  PIT0.o [1]
NVIC_EnableIRQ          0x0000601d    0x16  Code  Lc  process.o [1]
NVIC_SystemReset        0x00002829    0x1a  Code  Lc  MK60_conf.o [1]
OLED_GRAM               0x1fff10f0   0x400  Data  Gb  OLED.o [1]
PIT0_IRQHandler         0x00008885    0x9c  Code  Gb  PIT0.o [1]
PIT1_IRQHandler         0x00008945    0x20  Code  Gb  PIT0.o [1]
PORTB_IRQHandler        0x00008191    0x68  Code  Gb  key_int.o [1]
PORTC_IRQHandler        0x00008755    0x3a  Code  Gb  Init.o [1]
PORTX                   0x1fff0df8    0x14  Data  Gb  MK60_port.o [1]
Parameter_info          0x1fff1624    0x90  Data  Gb  Struct.o [1]
PidServo                0x1fff14f0    0x38  Data  Gb  PID.o [1]
PidSpeedLeft            0x1fff1528    0x38  Data  Gb  PID.o [1]
PidSpeedRight           0x1fff1560    0x38  Data  Gb  PID.o [1]
Pid_Calculate_Servo     0x0000684d   0x136  Code  Gb  PID.o [1]
Pid_Calculate_Speed     0x00006985    0x92  Code  Gb  PID.o [1]
Pid_Init                0x0000676d    0xe0  Code  Gb  PID.o [1]
Region$$Table$$Base     0x00009144           --   Gb  - Linker created -
Region$$Table$$Limit    0x00009154           --   Gb  - Linker created -
Reset_Handler           0x00000411          Code  Gb  startup_MK60DZ10.o [1]
SamplingDelay           0x00006765     0x6  Code  Gb  CCD.o [1]
Send_CCD_Imag           0x00006595     0x2  Code  Gb  process.o [1]
ServoFuzzy              0x1fff10a0    0x34  Data  Gb  fuzzy.o [1]
Speed_Average           0x1fff15a4     0x4  Data  Gb  process.o [1]
Speed_Expect            0x1fff0e24     0x4  Data  Gb  PID.o [1]
Speed_Expect_L          0x1fff159c     0x4  Data  Gb  process.o [1]
Speed_Expect_R          0x1fff15a0     0x4  Data  Gb  process.o [1]
Speed_Read              0x00006ab3    0x3c  Code  Gb  motor.o [1]
Speed_Val1_L            0x1fff10e8     0x4  Data  Gb  motor.o [1]
Speed_Val2_R            0x1fff10ec     0x4  Data  Gb  motor.o [1]
Speed_info              0x1fff16c0    0x70  Data  Gb  Struct.o [1]
Steer_Process           0x00006069   0x212  Code  Gb  process.o [1]
TIME0flag_100ms         0x1fff2075     0x1  Data  Gb  PIT0.o [1]
TIME0flag_10ms          0x1fff2071     0x1  Data  Gb  PIT0.o [1]
TIME0flag_15ms          0x1fff2072     0x1  Data  Gb  PIT0.o [1]
TIME0flag_20ms          0x1fff2073     0x1  Data  Gb  PIT0.o [1]
TIME0flag_25ms          0x1fff2074     0x1  Data  Gb  PIT0.o [1]
TIME0flag_5ms           0x1fff2070     0x1  Data  Gb  PIT0.o [1]
TimeCount               0x1fff2076     0x1  Data  Gb  PIT0.o [1]
Tune_Mode               0x1fff0e29     0x1  Data  Gb  Serial_oscilloscope.o [1]
UARTN                   0x1fff0e0c    0x18  Data  Gb  MK60_uart.o [1]
_GenldFullNoMb          0x0000379f   0x24c  Code  Lc  xprintffull_nomb.o [3]
_LdtobFullNoMb          0x0000339d   0x3fc  Code  Lc  xprintffull_nomb.o [3]
_LitobFullNoMb          0x00003295   0x106  Code  Lc  xprintffull_nomb.o [3]
_Locale_aeabi_lconv     0x1fff20cc    0x38  Data  Gb  localeconv.o [3]
_Locale_lconv           0x1fff207c    0x50  Data  Gb  localeconv.o [3]
_PrintfFullNoMb         0x00002ca1   0x580  Code  Gb  xprintffull_nomb.o [3]
_Prout                  0x000091b1    0x16  Code  Gb  xprout.o [3]
_PutcharsFullNoMb       0x000039eb    0x2e  Code  Lc  xprintffull_nomb.o [3]
__BOOT_STACK_ADDRESS {Abs}
                        0x2000fff8           --   Gb  command line/config [2]
__VECTOR_RAM {Abs}      0x1fff0000           --   Gb  command line/config [2]
__VECTOR_TABLE {Abs}    0x00000000           --   Gb  command line/config [2]
__aeabi_cdcmple         0x00003c85          Code  Gb  DblCmpLe.o [4]
__aeabi_cdrcmple        0x00003cb5          Code  Gb  DblCmpGe.o [4]
__aeabi_d2f             0x000026d9          Code  Gb  DblToFlt.o [4]
__aeabi_d2iz            0x00003dfd          Code  Gb  DblToI32.o [4]
__aeabi_d2uiz           0x00003e29          Code  Gb  DblToI32.o [4]
__aeabi_ddiv            0x00003fd5          Code  Gb  DblDiv.o [4]
__aeabi_dmul            0x00002515          Code  Gb  DblMul.o [4]
__aeabi_dsub            0x00003e55          Code  Gb  DblSub.o [4]
__aeabi_i2d             0x000024e5          Code  Gb  I32ToDbl.o [4]
__aeabi_ldiv0           0x00004299          Code  Gb  I64DivZer.o [5]
__aeabi_ui2d            0x000024f9          Code  Gb  I32ToDbl.o [4]
__aeabi_uldivmod        0x00003add          Code  Gb  I64DivMod.o [5]
__cmain                 0x00009175          Code  Gb  cmain.o [5]
__code_start__ {Abs}    0x00000410           --   Gb  command line/config [2]
__exit                  0x000091a5          Code  Gb  XXexit.o [5]
__iar_Dnorm             0x00003c43    0x42  Code  Gb  xdnorm.o [4]
__iar_Dscale            0x00003ce5   0x118  Code  Gb  xdscale.o [4]
__iar_Locale_lconv_init
                        0x0000421d    0x3a  Code  Gb  localeconv.o [3]
__iar_Memchr            0x00003a85          Code  Gb  memchr.o [5]
__iar_Stdout            0x1fff0e38    0x40  Data  Gb  xfiles.o [3]
__iar_Strchr            0x00003a35          Code  Gb  strchr.o [5]
__iar_d2uiz             0x00003e35          Code  Gb  DblToI32.o [4]
__iar_dadd              0x0000429d          Code  Gb  DblAdd.o [4]
__iar_data_init3        0x000090d5    0x28  Code  Gb  data_init.o [5]
__iar_dlib_perthread_access
                        0x00004371     0x2  Code  Gb  xtls.o [3]
__iar_dsub              0x00003e69          Code  Gb  DblSub.o [4]
__iar_dsubStart         0x00003e7b          Code  Gb  DblSub.o [4]
__iar_init_vfp          0x00009121          Code  Gb  fpinit_M.o [4]
__iar_program_start     0x000091e9          Code  Gb  cstartup_M.o [5]
__iar_ui2d              0x000024fd          Code  Gb  I32ToDbl.o [4]
__iar_unaligned___aeabi_memcpy
                        0x00003bcd          Code  Gb  ABImemcpy_unaligned.o [5]
__iar_unaligned___aeabi_memcpy4
                        0x00003bed          Code  Gb  ABImemcpy_unaligned.o [5]
__iar_unaligned___aeabi_memcpy8
                        0x00003bed          Code  Gb  ABImemcpy_unaligned.o [5]
__iar_zero_init3        0x000026b7    0x22  Code  Gb  zero_init3.o [5]
__low_level_init        0x0000918f     0x4  Code  Gb  low_level_init.o [3]
__vector_table          0x00000000   0x410  Data  Gb  vectors.o [1]
_call_main              0x00009181          Code  Gb  cmain.o [5]
_exit                   0x00009199          Code  Gb  cexit.o [5]
_main                   0x0000918b          Code  Gb  cmain.o [5]
abs                     0x00007a01     0x8  Code  Gb  abs.o [3]
adc_init                0x00006bf9   0x20e  Code  Gb  MK60_adc.o [1]
adc_once                0x00006e07    0x50  Code  Gb  MK60_adc.o [1]
adc_start               0x00006e57    0x44  Code  Lc  MK60_adc.o [1]
assert_failed           0x00002843    0x26  Code  Gb  MK60_conf.o [1]
bus_clk_khz             0x1fff201c     0x4  Data  Gb  system_MK60DZ10.o [1]
check_flag              0x1fff15b0     0x4  Data  Gb  process.o [1]
common_startup          0x00008c5b    0x98  Code  Gb  system_MK60DZ10.o [1]
core_clk_khz            0x1fff2014     0x4  Data  Gb  system_MK60DZ10.o [1]
core_clk_mhz            0x1fff2018     0x4  Data  Gb  system_MK60DZ10.o [1]
data_to_send            0x1fff15bc    0x34  Data  Gb  Serial_oscilloscope.o [1]
default_isr             0x00002917    0x30  Code  Gb  MK60_conf.o [1]
div                     0x00004289     0xe  Code  Gb  div.o [3]
exit                    0x00009193     0x4  Code  Gb  exit.o [3]
flash_cmd               0x1fff0e89    0x20  Code  Gb  MK60_flash.o [1]
flash_erase_sector      0x1fff0ecd    0x5c  Code  Gb  MK60_flash.o [1]
flash_init              0x1fff0ea9    0x24  Code  Gb  MK60_flash.o [1]
flash_write             0x1fff0f29    0xb4  Code  Gb  MK60_flash.o [1]
fputc                   0x00002869    0x14  Code  Gb  MK60_conf.o [1]
ftm_mod                 0x1fff10d4    0x10  Data  Lc  MK60_ftm.o [1]
ftm_pwm_duty            0x00005d87   0x122  Code  Gb  MK60_ftm.o [1]
ftm_pwm_init            0x00005bd5   0x1b2  Code  Gb  MK60_ftm.o [1]
ftm_quad_clean          0x00005fdb    0x28  Code  Gb  MK60_ftm.o [1]
ftm_quad_get            0x00005faf    0x2c  Code  Gb  MK60_ftm.o [1]
ftm_quad_init           0x00005ea9   0x106  Code  Gb  MK60_ftm.o [1]
gpio_get                0x00002c59    0x3e  Code  Gb  MK60_gpio.o [1]
gpio_init               0x00002afd    0xae  Code  Gb  MK60_gpio.o [1]
gpio_set                0x00002bab    0x74  Code  Gb  MK60_gpio.o [1]
gpio_turn               0x00002c1f    0x3a  Code  Gb  MK60_gpio.o [1]
i2c_delay               0x00007569    0x20  Code  Gb  MK60_i2c.o [1]
i2c_init                0x0000742d   0x13a  Code  Gb  MK60_i2c.o [1]
i2c_read_reg            0x00007589   0x2b6  Code  Gb  MK60_i2c.o [1]
i2c_write_reg           0x0000783f   0x1a6  Code  Gb  MK60_i2c.o [1]
key_check               0x00002acd    0x2a  Code  Gb  VCAN_key.o [1]
key_get                 0x00002ab3    0x1a  Code  Gb  VCAN_key.o [1]
key_init                0x00002a61    0x52  Code  Gb  VCAN_key.o [1]
led_init                0x00002969    0x3a  Code  Gb  VCAN_LED.o [1]
led_turn                0x000029a3    0x32  Code  Gb  VCAN_LED.o [1]
localeconv              0x00004257    0x16  Code  Gb  localeconv.o [3]
main                    0x00008d6d    0xa4  Code  Gb  main.o [1]
mcg_cfg                 0x1fff0d9c    0x58  Data  Gb  MK60_mcg.o [1]
mcg_div                 0x1fff0df4     0x4  Data  Gb  MK60_mcg.o [1]
mcg_div_count           0x00007a11   0x304  Code  Gb  MK60_mcg.o [1]
memchr                  0x00003a85          Code  Gb  memchr.o [5]
myCCD_CCD1_GetLineError
                        0x00004949   0x2ec  Code  Gb  Calculate.o [1]
myCCD_CCD2_GetLineError
                        0x00004c35   0x2ea  Code  Gb  Calculate.o [1]
myCCD_DataHandle        0x000048bd    0x88  Code  Gb  Calculate.o [1]
myCCD_DataInit          0x00004375   0x17c  Code  Gb  Calculate.o [1]
myCCD_FilterAndBinarization
                        0x000044f1   0x2a4  Code  Gb  Calculate.o [1]
myCCD_FilterAtFirst     0x00004829    0x2e  Code  Gb  Calculate.o [1]
myCCD_GetBeginLineError
                        0x00004857    0x66  Code  Gb  Calculate.o [1]
myCCD_GetObstacle       0x00004f1f    0xa2  Code  Gb  Calculate.o [1]
myData_Init             0x00008831    0x1c  Code  Gb  Struct.o [1]
myOLED_Clear            0x0000859d    0x3a  Code  Gb  OLED.o [1]
myOLED_GPIO_Init        0x00008419    0x36  Code  Gb  OLED.o [1]
myOLED_Init             0x0000844f    0xa6  Code  Gb  OLED.o [1]
myOLED_REST             0x00008583    0x1a  Code  Gb  OLED.o [1]
myOLED_RefreshGRAM      0x000085d7    0x4e  Code  Gb  OLED.o [1]
myOLED_Write_DAT        0x0000853b    0x48  Code  Gb  OLED.o [1]
myOLED_Write_REG        0x000084f5    0x46  Code  Gb  OLED.o [1]
obuf                    0x1fff2020    0x50  Data  Lc  xfiles.o [3]
pit_init                0x00008991    0x6c  Code  Gb  MK60_PIT.o [1]
pll_init                0x00007d15    0xb2  Code  Gb  MK60_mcg.o [1]
port_init               0x00002769    0x44  Code  Gb  MK60_port.o [1]
port_init_NoALT         0x000027ad    0x62  Code  Gb  MK60_port.o [1]
printf                  0x000029d9    0x24  Code  Gb  printf.o [3]
putchar                 0x000091c9     0xc  Code  Gb  putchar.o [3]
set_sys_dividers        0x1fff1019    0x50  Code  Gb  MK60_mcg.o [1]
set_vector_handler      0x000083eb    0x22  Code  Gb  misc.o [1]
start                   0x00008bfd    0x22  Code  Gb  system_MK60DZ10.o [1]
start_check             0x0000287d    0x9a  Code  Gb  MK60_conf.o [1]
stop_IRQProcess         0x0000878f    0x68  Code  Gb  Init.o [1]
stop_flag               0x1fff0e28     0x1  Data  Gb  process.o [1]
strchr                  0x00003a35          Code  Gb  strchr.o [5]
strlen                  0x00003a4d          Code  Gb  strlen.o [5]
sysinit                 0x00008c1f    0x3c  Code  Gb  system_MK60DZ10.o [1]
systick_delay           0x000029fd    0x36  Code  Gb  MK60_SysTick.o [1]
systick_delay_ms        0x00002a33    0x18  Code  Gb  MK60_SysTick.o [1]
uart4_test_handler      0x000086e9    0x20  Code  Gb  Init.o [1]
uart_getchar            0x0000244f    0x1e  Code  Gb  MK60_uart.o [1]
uart_init               0x0000223b   0x214  Code  Gb  MK60_uart.o [1]
uart_putchar            0x0000246d    0x1a  Code  Gb  MK60_uart.o [1]
uart_query              0x00002487    0x18  Code  Gb  MK60_uart.o [1]
uart_rx_irq_en          0x0000249f    0x2a  Code  Gb  MK60_uart.o [1]
vector_str              0x1fff0668   0x708  Data  Gb  MK60_conf.o [1]
wdog_disable            0x00008d2d    0x16  Code  Gb  MK60_wdog.o [1]
wdog_unlock             0x00008d43    0x20  Code  Lc  MK60_wdog.o [1]
write_vtor              0x000083c9    0x22  Code  Gb  misc.o [1]


[1] = D:\Project\SmartCar11\WesternComV4.0\Prj\Debug\Obj
[2] = command line
[3] = dl7M_tlf.a
[4] = m7M_tls.a
[5] = rt7M_tl.a

  32 350 bytes of readonly  code memory
     496 bytes of readwrite code memory
   5 150 bytes of readonly  data memory
   6 914 bytes of readwrite data memory

Errors: none
Warnings: none
