###############################################################################
#
# IAR ELF Linker V7.30.4.8167/W32 for ARM                 11/Jul/2016  01:30:54
# Copyright 2007-2014 IAR Systems AB.
#
#    Output file  =  
#        D:\Project\SmartCar11\WesternComV4.0\Prj\Debug\Exe\WesternCom.out
#    Map file     =  
#        D:\Project\SmartCar11\WesternComV4.0\Prj\Debug\List\WesternCom.map
#    Command line =  
#        D:\Project\SmartCar11\WesternComV4.0\Prj\Debug\Obj\8700_2100.o
#        D:\Project\SmartCar11\WesternComV4.0\Prj\Debug\Obj\Calculate.o
#        D:\Project\SmartCar11\WesternComV4.0\Prj\Debug\Obj\CCD.o
#        D:\Project\SmartCar11\WesternComV4.0\Prj\Debug\Obj\control.o
#        D:\Project\SmartCar11\WesternComV4.0\Prj\Debug\Obj\diskio.o
#        D:\Project\SmartCar11\WesternComV4.0\Prj\Debug\Obj\ff.o
#        D:\Project\SmartCar11\WesternComV4.0\Prj\Debug\Obj\fuzzy.o
#        D:\Project\SmartCar11\WesternComV4.0\Lib\CMSIS\iar_cortexM4l_math.a
#        D:\Project\SmartCar11\WesternComV4.0\Lib\CMSIS\iar_cortexM4lf_math.a
#        D:\Project\SmartCar11\WesternComV4.0\Prj\Debug\Obj\Init.o
#        D:\Project\SmartCar11\WesternComV4.0\Prj\Debug\Obj\key_int.o
#        D:\Project\SmartCar11\WesternComV4.0\Prj\Debug\Obj\main.o
#        D:\Project\SmartCar11\WesternComV4.0\Prj\Debug\Obj\misc.o
#        D:\Project\SmartCar11\WesternComV4.0\Prj\Debug\Obj\MK60_adc.o
#        D:\Project\SmartCar11\WesternComV4.0\Prj\Debug\Obj\MK60_can.o
#        D:\Project\SmartCar11\WesternComV4.0\Prj\Debug\Obj\MK60_conf.o
#        D:\Project\SmartCar11\WesternComV4.0\Prj\Debug\Obj\MK60_dac.o
#        D:\Project\SmartCar11\WesternComV4.0\Prj\Debug\Obj\MK60_dma.o
#        D:\Project\SmartCar11\WesternComV4.0\Prj\Debug\Obj\MK60_DWT.o
#        D:\Project\SmartCar11\WesternComV4.0\Prj\Debug\Obj\MK60_flash.o
#        D:\Project\SmartCar11\WesternComV4.0\Prj\Debug\Obj\MK60_flexbus.o
#        D:\Project\SmartCar11\WesternComV4.0\Prj\Debug\Obj\MK60_ftm.o
#        D:\Project\SmartCar11\WesternComV4.0\Prj\Debug\Obj\MK60_gpio.o
#        D:\Project\SmartCar11\WesternComV4.0\Prj\Debug\Obj\MK60_i2c.o
#        D:\Project\SmartCar11\WesternComV4.0\Prj\Debug\Obj\MK60_it.o
#        D:\Project\SmartCar11\WesternComV4.0\Prj\Debug\Obj\MK60_lptmr.o
#        D:\Project\SmartCar11\WesternComV4.0\Prj\Debug\Obj\MK60_mcg.o
#        D:\Project\SmartCar11\WesternComV4.0\Prj\Debug\Obj\MK60_PIT.o
#        D:\Project\SmartCar11\WesternComV4.0\Prj\Debug\Obj\MK60_port.o
#        D:\Project\SmartCar11\WesternComV4.0\Prj\Debug\Obj\MK60_rtc.o
#        D:\Project\SmartCar11\WesternComV4.0\Prj\Debug\Obj\MK60_sdhc.o
#        D:\Project\SmartCar11\WesternComV4.0\Prj\Debug\Obj\MK60_spi.o
#        D:\Project\SmartCar11\WesternComV4.0\Prj\Debug\Obj\MK60_SysTick.o
#        D:\Project\SmartCar11\WesternComV4.0\Prj\Debug\Obj\MK60_uart.o
#        D:\Project\SmartCar11\WesternComV4.0\Prj\Debug\Obj\MK60_usb.o
#        D:\Project\SmartCar11\WesternComV4.0\Prj\Debug\Obj\MK60_wdog.o
#        D:\Project\SmartCar11\WesternComV4.0\Prj\Debug\Obj\motor.o
#        D:\Project\SmartCar11\WesternComV4.0\Prj\Debug\Obj\OLED.o
#        D:\Project\SmartCar11\WesternComV4.0\Prj\Debug\Obj\PID.o
#        D:\Project\SmartCar11\WesternComV4.0\Prj\Debug\Obj\PIT0.o
#        D:\Project\SmartCar11\WesternComV4.0\Prj\Debug\Obj\process.o
#        D:\Project\SmartCar11\WesternComV4.0\Prj\Debug\Obj\SD.o
#        D:\Project\SmartCar11\WesternComV4.0\Prj\Debug\Obj\Serial_oscilloscope.o
#        D:\Project\SmartCar11\WesternComV4.0\Prj\Debug\Obj\startup_MK60DZ10.o
#        D:\Project\SmartCar11\WesternComV4.0\Prj\Debug\Obj\Struct.o
#        D:\Project\SmartCar11\WesternComV4.0\Prj\Debug\Obj\system_MK60DZ10.o
#        D:\Project\SmartCar11\WesternComV4.0\Prj\Debug\Obj\USB.o
#        D:\Project\SmartCar11\WesternComV4.0\Prj\Debug\Obj\USB_CDC.o
#        D:\Project\SmartCar11\WesternComV4.0\Prj\Debug\Obj\VCAN_ASCII.o
#        D:\Project\SmartCar11\WesternComV4.0\Prj\Debug\Obj\VCAN_BMP.o
#        D:\Project\SmartCar11\WesternComV4.0\Prj\Debug\Obj\VCAN_camera.o
#        D:\Project\SmartCar11\WesternComV4.0\Prj\Debug\Obj\VCAN_computer.o
#        D:\Project\SmartCar11\WesternComV4.0\Prj\Debug\Obj\vcan_img2sd.o
#        D:\Project\SmartCar11\WesternComV4.0\Prj\Debug\Obj\VCAN_key.o
#        D:\Project\SmartCar11\WesternComV4.0\Prj\Debug\Obj\VCAN_key_event.o
#        D:\Project\SmartCar11\WesternComV4.0\Prj\Debug\Obj\VCAN_LCD.o
#        D:\Project\SmartCar11\WesternComV4.0\Prj\Debug\Obj\VCAN_LCD_CH.o
#        D:\Project\SmartCar11\WesternComV4.0\Prj\Debug\Obj\VCAN_LCD_ILI9341.o
#        D:\Project\SmartCar11\WesternComV4.0\Prj\Debug\Obj\VCAN_LCD_ST7735R.o
#        D:\Project\SmartCar11\WesternComV4.0\Prj\Debug\Obj\VCAN_LCD_ST7735S.o
#        D:\Project\SmartCar11\WesternComV4.0\Prj\Debug\Obj\VCAN_LED.o
#        D:\Project\SmartCar11\WesternComV4.0\Prj\Debug\Obj\VCAN_MMA7455.o
#        D:\Project\SmartCar11\WesternComV4.0\Prj\Debug\Obj\VCAN_NRF24L0.o
#        D:\Project\SmartCar11\WesternComV4.0\Prj\Debug\Obj\VCAN_NRF24L0_MSG.o
#        D:\Project\SmartCar11\WesternComV4.0\Prj\Debug\Obj\VCAN_OV7725_Eagle.o
#        D:\Project\SmartCar11\WesternComV4.0\Prj\Debug\Obj\VCAN_OV7725_Wolf.o
#        D:\Project\SmartCar11\WesternComV4.0\Prj\Debug\Obj\VCAN_RTC_count.o
#        D:\Project\SmartCar11\WesternComV4.0\Prj\Debug\Obj\VCAN_SCCB.o
#        D:\Project\SmartCar11\WesternComV4.0\Prj\Debug\Obj\vcan_sd_app.o
#        D:\Project\SmartCar11\WesternComV4.0\Prj\Debug\Obj\Vcan_touch.o
#        D:\Project\SmartCar11\WesternComV4.0\Prj\Debug\Obj\VCAN_TSL1401.o
#        D:\Project\SmartCar11\WesternComV4.0\Prj\Debug\Obj\VCAN_UI_VAR.o
#        D:\Project\SmartCar11\WesternComV4.0\Prj\Debug\Obj\vectors.o -o
#        D:\Project\SmartCar11\WesternComV4.0\Prj\Debug\Exe\WesternCom.out
#        --map
#        D:\Project\SmartCar11\WesternComV4.0\Prj\Debug\List\WesternCom.map
#        --config "D:\Project\SmartCar11\WesternComV4.0\Prj\config
#        files\vcan_ROM_K60N1M.icf"
#        D:\Project\SmartCar11\WesternComV4.0\Prj\..\Lib\CMSIS\iar_cortexM4l_math.a
#        --entry __iar_program_start --vfe
#
###############################################################################

*******************************************************************************
*** RUNTIME MODEL ATTRIBUTES
***

CppFlavor       = *
__SystemLibrary = DLib


*******************************************************************************
*** PLACEMENT SUMMARY
***

"A1":  place at 0x00000000 { ro section .intvec };
"A2":  place at 0x00000410 { ro section .noinit };
"P1":  place in [from 0x00000000 to 0x00100000] { ro, block CodeRelocate };
"P2":  place in [from 0x1fff0410 to 0x20010000] {
          rw, block CodeRelocateRam, block CSTACK, block HEAP };

  Section              Kind        Address    Size  Object
  -------              ----        -------    ----  ------
"A1":                                        0x410
  .intvec              const    0x00000000   0x410  vectors.o [1]
                              - 0x00000410   0x410

"A2":                                          0x8
  .noinit              ro code  0x00000410     0x8  startup_MK60DZ10.o [1]
                              - 0x00000418     0x8

"P1":                                       0x8d18
  .text                ro code  0x00000418  0x1df0  Serial_oscilloscope.o [1]
  .text                ro code  0x00002208   0x2c0  MK60_uart.o [1]
  .text                ro code  0x000024c8    0x30  I32ToDbl.o [4]
  .text                ro code  0x000024f8   0x1a2  DblMul.o [4]
  .text                ro code  0x0000269a    0x22  zero_init3.o [5]
  .text                ro code  0x000026bc    0x90  DblToFlt.o [4]
  .text                ro code  0x0000274c    0xb0  MK60_port.o [1]
  Veneer               ro code  0x000027fc     0x8  - Linker created -
  Veneer               ro code  0x00002804     0x8  - Linker created -
  .text                ro code  0x0000280c   0x140  MK60_conf.o [1]
  .text                ro code  0x0000294c    0x70  VCAN_LED.o [1]
  .text                ro code  0x000029bc    0x24  printf.o [3]
  .text                ro code  0x000029e0    0x64  MK60_SysTick.o [1]
  .text                ro code  0x00002a44    0x9c  VCAN_key.o [1]
  .text                ro code  0x00002ae0   0x1a4  MK60_gpio.o [1]
  .text                ro code  0x00002c84   0xd92  xprintffull_nomb.o [3]
  .text                ro code  0x00003a18    0x16  strchr.o [5]
  .text                ro code  0x00003a30    0x36  strlen.o [5]
  .text                ro code  0x00003a68    0x58  memchr.o [5]
  .text                ro code  0x00003ac0    0xee  I64DivMod.o [5]
  .text                ro code  0x00003bb0    0x76  ABImemcpy_unaligned.o [5]
  .text                ro code  0x00003c26    0x42  xdnorm.o [4]
  .text                ro code  0x00003c68    0x2e  DblCmpLe.o [4]
  .text                ro code  0x00003c98    0x2e  DblCmpGe.o [4]
  .text                ro code  0x00003cc8   0x118  xdscale.o [4]
  .text                ro code  0x00003de0    0x58  DblToI32.o [4]
  .text                ro code  0x00003e38   0x180  DblSub.o [4]
  .text                ro code  0x00003fb8   0x246  DblDiv.o [4]
  .text                ro code  0x00004200    0x6c  localeconv.o [3]
  .text                ro code  0x0000426c     0xe  div.o [3]
  .text                ro code  0x0000427c     0x2  I64DivZer.o [5]
  .text                ro code  0x00004280    0xd4  DblAdd.o [4]
  .text                ro code  0x00004354     0x2  xtls.o [3]
  .text                ro code  0x00004358   0xc3c  Calculate.o [1]
  .data_init                    0x00004f94   0xa68  <Block>
    Initializer bytes  const    0x00004f94   0xa68  <for .data-1>
  .text                ro code  0x000059fc   0x5f4  MK60_ftm.o [1]
  .text                ro code  0x00005ff0   0x5d4  MK60_i2c.o [1]
  .text                ro code  0x000065c4     0x8  abs.o [3]
  .text                ro code  0x000065cc   0x57c  fuzzy.o [1]
  .text                ro code  0x00006b48   0x518  process.o [1]
  .text                ro code  0x00007060   0x16e  CCD.o [1]
  .text                ro code  0x000071d0   0x2ec  PID.o [1]
  .text                ro code  0x000074bc   0x1a0  motor.o [1]
  .text                ro code  0x0000765c   0x2b8  MK60_adc.o [1]
  Veneer               ro code  0x00007914     0x8  - Linker created -
  .text                ro code  0x0000791c   0x3d4  MK60_mcg.o [1]
  .text                ro code  0x00007cf0   0x354  8700_2100.o [1]
  .text                ro code  0x00008044   0x290  key_int.o [1]
  .text                ro code  0x000082d4    0x50  misc.o [1]
  .text                ro code  0x00008324   0x210  OLED.o [1]
  CodeRelocate                  0x00008534   0x1f0  <Block>
    Initializer bytes  const    0x00008534   0x1f0  <for CodeRelocateRam-1>
  .text                ro code  0x00008724   0x1ac  Init.o [1]
  .text                ro code  0x000088d0    0x20  Struct.o [1]
  .text                ro code  0x000088f0   0x144  PIT0.o [1]
  .text                ro code  0x00008a34    0x7c  MK60_PIT.o [1]
  .text                ro code  0x00008ab0   0x130  system_MK60DZ10.o [1]
  .text                ro code  0x00008be0    0x40  MK60_wdog.o [1]
  .text                ro code  0x00008c20    0xa4  main.o [1]
  .rodata              const    0x00008cc4    0x80  MK60_i2c.o [1]
  .rodata              const    0x00008d44    0x40  MK60_ftm.o [1]
  .rodata              const    0x00008d84    0x3c  MK60_conf.o [1]
  .rodata              const    0x00008dc0    0x3c  MK60_flash.o [1]
  .rodata              const    0x00008dfc    0x3c  MK60_i2c.o [1]
  .rodata              const    0x00008e38    0x3c  MK60_SysTick.o [1]
  .rodata              const    0x00008e74    0x38  MK60_adc.o [1]
  .rodata              const    0x00008eac    0x38  MK60_gpio.o [1]
  .rodata              const    0x00008ee4    0x38  MK60_PIT.o [1]
  .rodata              const    0x00008f1c    0x38  MK60_uart.o [1]
  .rodata              const    0x00008f54    0x34  misc.o [1]
  .text                ro code  0x00008f88    0x28  data_init.o [5]
  .rodata              const    0x00008fb0    0x24  MK60_conf.o [1]
  .text                ro code  0x00008fd4    0x22  fpinit_M.o [4]
  .iar.init_table      const    0x00008ff8    0x10  - Linker created -
  .rodata              const    0x00009008    0x20  MK60_conf.o [1]
  .text                ro code  0x00009028    0x1a  cmain.o [5]
  .text                ro code  0x00009042     0x4  low_level_init.o [3]
  .text                ro code  0x00009046     0x4  exit.o [3]
  .text                ro code  0x0000904c     0xa  cexit.o [5]
  .text                ro code  0x00009058     0xc  XXexit.o [5]
  .text                ro code  0x00009064    0x16  xprout.o [3]
  .text                ro code  0x0000907c     0xc  putchar.o [3]
  .rodata              const    0x00009088    0x14  MK60_conf.o [1]
  .text                ro code  0x0000909c     0xc  cstartup_M.o [5]
  .rodata              const    0x000090a8     0x0  zero_init3.o [5]
  Initializer bytes    const    0x000090a8    0x88  <for P2 s0>
                              - 0x00009130  0x8d18

"P2":                                       0x1cfc
  .data                         0x1fff0410   0xa68  <Block>
    .data-1                     0x1fff0410   0xa68  <Init block>
      .data            inited   0x1fff0410     0x2  Calculate.o [1]
      .data            inited   0x1fff0414    0xc4  fuzzy.o [1]
      .data            inited   0x1fff04d8    0xc4  fuzzy.o [1]
      .data            inited   0x1fff059c    0xc4  fuzzy.o [1]
      .data            inited   0x1fff0660     0x8  MK60_adc.o [1]
      .data            inited   0x1fff0668   0x708  MK60_conf.o [1]
      .data            inited   0x1fff0d70    0x10  MK60_ftm.o [1]
      .data            inited   0x1fff0d80    0x14  MK60_gpio.o [1]
      .data            inited   0x1fff0d94     0x8  MK60_i2c.o [1]
      .data            inited   0x1fff0d9c    0x58  MK60_mcg.o [1]
      .data            inited   0x1fff0df4     0x4  MK60_mcg.o [1]
      .data            inited   0x1fff0df8    0x14  MK60_port.o [1]
      .data            inited   0x1fff0e0c    0x18  MK60_uart.o [1]
      .data            inited   0x1fff0e24     0x4  PID.o [1]
      .data            inited   0x1fff0e28     0x1  process.o [1]
      .data            inited   0x1fff0e29     0x1  Serial_oscilloscope.o [1]
      .data            inited   0x1fff0e2c     0x8  VCAN_key.o [1]
      .data            inited   0x1fff0e34     0x4  VCAN_LED.o [1]
      .data            inited   0x1fff0e38    0x40  xfiles.o [3]
  CodeRelocateRam               0x1fff0e78   0x1f0  <Block>
    CodeRelocateRam-1           0x1fff0e78   0x1f0  <Init block>
      Veneer           inited   0x1fff0e78     0x8  - Linker created -
      Veneer           inited   0x1fff0e80     0x8  - Linker created -
      .textrw          inited   0x1fff0e88   0x190  MK60_flash.o [1]
      .textrw          inited   0x1fff1018    0x50  MK60_mcg.o [1]
  .bss                          0x1fff1068  0x101c  <Block>
    .bss               zero     0x1fff1068     0xc  8700_2100.o [1]
    .bss               zero     0x1fff1074    0x18  8700_2100.o [1]
    .bss               zero     0x1fff108c    0x10  8700_2100.o [1]
    .bss               zero     0x1fff109c     0x4  8700_2100.o [1]
    .bss               zero     0x1fff10a0    0x34  fuzzy.o [1]
    .bss               zero     0x1fff10d4    0x10  MK60_ftm.o [1]
    .bss               zero     0x1fff10e4     0x4  MK60_i2c.o [1]
    .bss               zero     0x1fff10e8     0x4  motor.o [1]
    .bss               zero     0x1fff10ec     0x4  motor.o [1]
    .bss               zero     0x1fff10f0   0x400  OLED.o [1]
    .bss               zero     0x1fff14f0    0x38  PID.o [1]
    .bss               zero     0x1fff1528    0x38  PID.o [1]
    .bss               zero     0x1fff1560    0x38  PID.o [1]
    .bss               zero     0x1fff1598     0x4  process.o [1]
    .bss               zero     0x1fff159c     0x4  process.o [1]
    .bss               zero     0x1fff15a0     0x4  process.o [1]
    .bss               zero     0x1fff15a4     0x4  process.o [1]
    .bss               zero     0x1fff15a8     0x4  process.o [1]
    .bss               zero     0x1fff15ac     0x4  process.o [1]
    .bss               zero     0x1fff15b0     0x4  process.o [1]
    .bss               zero     0x1fff15b4     0x4  process.o [1]
    .bss               zero     0x1fff15b8     0x4  process.o [1]
    .bss               zero     0x1fff15bc    0x34  Serial_oscilloscope.o [1]
    .bss               zero     0x1fff15f0    0x34  Serial_oscilloscope.o [1]
    .bss               zero     0x1fff1624    0xa0  Struct.o [1]
    .bss               zero     0x1fff16c4     0x4  Struct.o [1]
    .bss               zero     0x1fff16c8     0x8  Struct.o [1]
    .bss               zero     0x1fff16d0    0x78  Struct.o [1]
    .bss               zero     0x1fff1748    0xdc  Struct.o [1]
    .bss               zero     0x1fff1824   0x3fc  Struct.o [1]
    .bss               zero     0x1fff1c20   0x3fc  Struct.o [1]
    .bss               zero     0x1fff201c     0x4  system_MK60DZ10.o [1]
    .bss               zero     0x1fff2020     0x4  system_MK60DZ10.o [1]
    .bss               zero     0x1fff2024     0x4  system_MK60DZ10.o [1]
    .bss               zero     0x1fff2028    0x50  xfiles.o [3]
    .bss               zero     0x1fff2078     0x1  PIT0.o [1]
    .bss               zero     0x1fff2079     0x1  PIT0.o [1]
    .bss               zero     0x1fff207a     0x1  PIT0.o [1]
    .bss               zero     0x1fff207b     0x1  PIT0.o [1]
    .bss               zero     0x1fff207c     0x1  PIT0.o [1]
    .bss               zero     0x1fff207d     0x1  PIT0.o [1]
    .bss               zero     0x1fff207e     0x1  PIT0.o [1]
    .bss               zero     0x1fff207f     0x1  Serial_oscilloscope.o [1]
    .bss               zero     0x1fff2080     0x1  Serial_oscilloscope.o [1]
    .bss               zero     0x1fff2081     0x1  Serial_oscilloscope.o [1]
  P2 s0                         0x1fff2084    0x88  <Init block>
    __DLIB_PERTHREAD   inited   0x1fff2084    0x88  localeconv.o [3]
                              - 0x1fff210c  0x1cfc


*******************************************************************************
*** INIT TABLE
***

          Address     Size
          -------     ----
Zero (__iar_zero_init3)
    1 destination range, total size 0x101a:
          0x1fff1068  0x101a



*******************************************************************************
*** MODULE SUMMARY
***

    Module                 ro code  rw code  ro data  rw data
    ------                 -------  -------  -------  -------
D:\Project\SmartCar11\WesternComV4.0\Prj\Debug\Obj: [1]
    8700_2100.o                852                         56
    CCD.o                      366
    Calculate.o              3 132                 2        2
    Init.o                     428
    MK60_PIT.o                 124                56
    MK60_SysTick.o             100                60
    MK60_adc.o                 696                64        8
    MK60_conf.o                320             1 948    1 800
    MK60_flash.o                        400      460
    MK60_ftm.o               1 524                80       32
    MK60_gpio.o                420                76       20
    MK60_i2c.o               1 492               196       12
    MK60_mcg.o                 980       80      172       92
    MK60_port.o                176                20       20
    MK60_uart.o                704                80       24
    MK60_wdog.o                 64
    OLED.o                     528                      1 024
    PID.o                      748                 4      172
    PIT0.o                     324                          7
    Serial_oscilloscope.o    7 664                 1      108
    Struct.o                    32                      2 552
    VCAN_LED.o                 112                 4        4
    VCAN_key.o                 156                10        8
    fuzzy.o                  1 404               590      640
    key_int.o                  656
    main.o                     164
    misc.o                      80                52
    motor.o                    416                          8
    process.o                1 304                 1       37
    startup_MK60DZ10.o           8
    system_MK60DZ10.o          304                         12
    vectors.o                                  1 040
    ---------------------------------------------------------
    Total:                  25 278      480    4 916    6 638

command line: [2]
    ---------------------------------------------------------
    Total:

dl7M_tlf.a: [3]
    abs.o                        8
    div.o                       14
    exit.o                       4
    localeconv.o               108               136      136
    low_level_init.o             4
    printf.o                    36
    putchar.o                   12
    xfiles.o                                      64      144
    xprintffull_nomb.o       3 474
    xprout.o                    22
    xtls.o                       2
    ---------------------------------------------------------
    Total:                   3 684               200      280

m7M_tls.a: [4]
    DblAdd.o                   212
    DblCmpGe.o                  46
    DblCmpLe.o                  46
    DblDiv.o                   582
    DblMul.o                   418
    DblSub.o                   384
    DblToFlt.o                 144
    DblToI32.o                  88
    I32ToDbl.o                  48
    fpinit_M.o                  34
    xdnorm.o                    66
    xdscale.o                  280
    ---------------------------------------------------------
    Total:                   2 348

rt7M_tl.a: [5]
    ABImemcpy_unaligned.o      118
    I64DivMod.o                238
    I64DivZer.o                  2
    XXexit.o                    12
    cexit.o                     10
    cmain.o                     26
    cstartup_M.o                12
    data_init.o                 40
    memchr.o                    88
    strchr.o                    22
    strlen.o                    54
    zero_init3.o                34
    ---------------------------------------------------------
    Total:                     656

    Gaps                        28                 2        4
    Linker created              24       16       32
-------------------------------------------------------------
    Grand Total:            32 018      496    5 150    6 922


*******************************************************************************
*** ENTRY LIST
***

Entry                      Address    Size  Type      Object
-----                      -------    ----  ----      ------
.bss$$Base              0x1fff1068           --   Gb  - Linker created -
.bss$$Limit             0x1fff2084           --   Gb  - Linker created -
.data$$Base             0x1fff0410           --   Gb  - Linker created -
.data$$Limit            0x1fff0e78           --   Gb  - Linker created -
.data_init$$Base        0x00004f94           --   Gb  - Linker created -
.data_init$$Limit       0x000059fc           --   Gb  - Linker created -
.iar.init_table$$Base   0x00008ff8           --   Gb  - Linker created -
.iar.init_table$$Limit  0x00009008           --   Gb  - Linker created -
?main                   0x00009029          Code  Gb  cmain.o [5]
ADCN                    0x1fff0660     0x8  Data  Gb  MK60_adc.o [1]
ANO_DT_Data_Receive_Anl
                        0x00000535  0x1c7a  Code  Gb  Serial_oscilloscope.o [1]
ANO_DT_Data_Receive_Prepare
                        0x0000043d    0xe4  Code  Gb  Serial_oscilloscope.o [1]
ANO_DT_Send_Check       0x000021af    0x4a  Code  Lc  Serial_oscilloscope.o [1]
ANO_Send_Data           0x00000419    0x24  Code  Gb  Serial_oscilloscope.o [1]
ASSERT_FAILED_STR       0x00008fb0    0x24  Data  Gb  MK60_conf.o [1]
B0_Process              0x00008105    0x46  Code  Gb  key_int.o [1]
B1_Process              0x0000814b    0x46  Code  Gb  key_int.o [1]
B2_Process              0x00008191    0x88  Code  Gb  key_int.o [1]
B3_Process              0x00008219    0x90  Code  Gb  key_int.o [1]
B4_Process              0x000082a9    0x18  Code  Gb  key_int.o [1]
CCD1_ImageCapture       0x0000709d    0x96  Code  Gb  CCD.o [1]
CCD1_info               0x1fff1824   0x3fc  Data  Gb  Struct.o [1]
CCD1_init               0x00007061    0x1e  Code  Gb  CCD.o [1]
CCD2_ImageCapture       0x00007133    0x96  Code  Gb  CCD.o [1]
CCD2_info               0x1fff1c20   0x3fc  Data  Gb  Struct.o [1]
CCD2_init               0x0000707f    0x1e  Code  Gb  CCD.o [1]
Cal_Speed_L             0x1fff15a8     0x4  Data  Gb  process.o [1]
Cal_Speed_R             0x1fff15ac     0x4  Data  Gb  process.o [1]
Calservo                0x1fff1598     0x4  Data  Gb  process.o [1]
Car_State_Judge         0x00006f8f    0x60  Code  Gb  process.o [1]
Car_state               0x1fff16c4     0x4  Data  Gb  Struct.o [1]
Car_stop                0x00006b5f    0x36  Code  Gb  process.o [1]
Center_Board_Value      0x1fff0410     0x2  Data  Gb  Calculate.o [1]
CodeRelocate$$Base      0x00008534           --   Gb  - Linker created -
CodeRelocate$$Limit     0x00008724           --   Gb  - Linker created -
CodeRelocateRam$$Base   0x1fff0e78           --   Gb  - Linker created -
CodeRelocateRam$$Limit  0x1fff1068           --   Gb  - Linker created -
FRD                     0x1fff0414    0xc4  Data  Gb  fuzzy.o [1]
FRP                     0x1fff04d8    0xc4  Data  Gb  fuzzy.o [1]
FR_Speed                0x1fff059c    0xc4  Data  Gb  fuzzy.o [1]
FTMN                    0x1fff0d70    0x10  Data  Gb  MK60_ftm.o [1]
FTM_port_mux            0x000059fd   0x1ac  Code  Lc  MK60_ftm.o [1]
Filter_binary           0x00004767    0x94  Code  Gb  Calculate.o [1]
Fuzzy_Cal               0x00006619   0x50c  Code  Gb  fuzzy.o [1]
Fuzzy_Init              0x000065cd    0x4c  Code  Gb  fuzzy.o [1]
GPIOX                   0x1fff0d80    0x14  Data  Gb  MK60_gpio.o [1]
Gyro_data               0x1fff1068     0xc  Data  Gb  8700_2100.o [1]
Gyro_info               0x1fff1748    0xdc  Data  Gb  Struct.o [1]
Gyro_read               0x00007d69    0x4c  Code  Gb  8700_2100.o [1]
I2CN                    0x1fff0d94     0x8  Data  Gb  MK60_i2c.o [1]
IIC_Count               0x1fff10e4     0x4  Data  Gb  MK60_i2c.o [1]
Imu_calculate           0x00007db5   0x268  Code  Gb  8700_2100.o [1]
Init2100                0x00007cf1    0x4e  Code  Gb  8700_2100.o [1]
Init8700                0x00007d3f    0x14  Code  Gb  8700_2100.o [1]
Init_PIT0               0x00008905    0x24  Code  Gb  PIT0.o [1]
Init_PIT1               0x000089c5    0x24  Code  Gb  PIT0.o [1]
Init_PORT               0x00008059    0x42  Code  Gb  key_int.o [1]
Init_PORT_C             0x00008805    0x4a  Code  Gb  Init.o [1]
Init_TLY                0x00007d53    0x16  Code  Gb  8700_2100.o [1]
Init_all                0x00008739    0x8e  Code  Gb  Init.o [1]
Init_ftm_motor          0x000074bd    0x4a  Code  Gb  motor.o [1]
Init_quad               0x00007507    0x10  Code  Gb  motor.o [1]
Init_uart4              0x000087c7    0x1e  Code  Gb  Init.o [1]
KEY_PTxn                0x1fff0e2c     0x8  Data  Gb  VCAN_key.o [1]
K_Speed_Diff            0x1fff15b4     0x4  Data  Gb  process.o [1]
LED_PTxn                0x1fff0e34     0x4  Data  Gb  VCAN_LED.o [1]
LoadInt                 0x0000320b    0x6e  Code  Lc  xprintffull_nomb.o [3]
Menu                    0x1fff16c8     0x8  Data  Gb  Struct.o [1]
MotorSpeedOut           0x00007555    0xf4  Code  Gb  motor.o [1]
Motor_Process           0x00006ce1   0x2ae  Code  Gb  process.o [1]
NVIC_DisableIRQ         0x00008725    0x14  Code  Lc  Init.o [1]
NVIC_EnableIRQ          0x00008045    0x14  Code  Lc  key_int.o [1]
NVIC_EnableIRQ          0x00002209    0x16  Code  Lc  MK60_uart.o [1]
NVIC_EnableIRQ          0x000088f1    0x14  Code  Lc  PIT0.o [1]
NVIC_EnableIRQ          0x00006b49    0x16  Code  Lc  process.o [1]
NVIC_SystemReset        0x0000280d    0x1a  Code  Lc  MK60_conf.o [1]
OLED_GRAM               0x1fff10f0   0x400  Data  Gb  OLED.o [1]
PIT0_IRQHandler         0x00008929    0x9c  Code  Gb  PIT0.o [1]
PIT1_IRQHandler         0x000089e9    0x20  Code  Gb  PIT0.o [1]
PORTB_IRQHandler        0x0000809d    0x68  Code  Gb  key_int.o [1]
PORTC_IRQHandler        0x00008851    0x3a  Code  Gb  Init.o [1]
PORTX                   0x1fff0df8    0x14  Data  Gb  MK60_port.o [1]
Parameter_info          0x1fff1624    0xa0  Data  Gb  Struct.o [1]
PidServo                0x1fff14f0    0x38  Data  Gb  PID.o [1]
PidSpeedLeft            0x1fff1528    0x38  Data  Gb  PID.o [1]
PidSpeedRight           0x1fff1560    0x38  Data  Gb  PID.o [1]
Pid_Calculate_Servo     0x000072b1   0x136  Code  Gb  PID.o [1]
Pid_Calculate_Speed     0x000073e9    0x92  Code  Gb  PID.o [1]
Pid_Init                0x000071d1    0xe0  Code  Gb  PID.o [1]
Region$$Table$$Base     0x00008ff8           --   Gb  - Linker created -
Region$$Table$$Limit    0x00009008           --   Gb  - Linker created -
Reset_Handler           0x00000411          Code  Gb  startup_MK60DZ10.o [1]
SamplingDelay           0x000071c9     0x6  Code  Gb  CCD.o [1]
Send_CCD_Imag           0x00006ff9     0x2  Code  Gb  process.o [1]
ServoFuzzy              0x1fff10a0    0x34  Data  Gb  fuzzy.o [1]
Speed_Average           0x1fff15a4     0x4  Data  Gb  process.o [1]
Speed_Expect            0x1fff0e24     0x4  Data  Gb  PID.o [1]
Speed_Expect_L          0x1fff159c     0x4  Data  Gb  process.o [1]
Speed_Expect_R          0x1fff15a0     0x4  Data  Gb  process.o [1]
Speed_Read              0x00007517    0x3c  Code  Gb  motor.o [1]
Speed_Val1_L            0x1fff10e8     0x4  Data  Gb  motor.o [1]
Speed_Val2_R            0x1fff10ec     0x4  Data  Gb  motor.o [1]
Speed_info              0x1fff16d0    0x78  Data  Gb  Struct.o [1]
Steer_Process           0x00006b95   0x14a  Code  Gb  process.o [1]
TIME0flag_100ms         0x1fff207d     0x1  Data  Gb  PIT0.o [1]
TIME0flag_10ms          0x1fff2079     0x1  Data  Gb  PIT0.o [1]
TIME0flag_15ms          0x1fff207a     0x1  Data  Gb  PIT0.o [1]
TIME0flag_20ms          0x1fff207b     0x1  Data  Gb  PIT0.o [1]
TIME0flag_25ms          0x1fff207c     0x1  Data  Gb  PIT0.o [1]
TIME0flag_5ms           0x1fff2078     0x1  Data  Gb  PIT0.o [1]
TimeCount               0x1fff207e     0x1  Data  Gb  PIT0.o [1]
Tune_Mode               0x1fff0e29     0x1  Data  Gb  Serial_oscilloscope.o [1]
UARTN                   0x1fff0e0c    0x18  Data  Gb  MK60_uart.o [1]
_GenldFullNoMb          0x00003783   0x24c  Code  Lc  xprintffull_nomb.o [3]
_LdtobFullNoMb          0x00003381   0x3fc  Code  Lc  xprintffull_nomb.o [3]
_LitobFullNoMb          0x00003279   0x106  Code  Lc  xprintffull_nomb.o [3]
_Locale_aeabi_lconv     0x1fff20d4    0x38  Data  Gb  localeconv.o [3]
_Locale_lconv           0x1fff2084    0x50  Data  Gb  localeconv.o [3]
_PrintfFullNoMb         0x00002c85   0x580  Code  Gb  xprintffull_nomb.o [3]
_Prout                  0x00009065    0x16  Code  Gb  xprout.o [3]
_PutcharsFullNoMb       0x000039cf    0x2e  Code  Lc  xprintffull_nomb.o [3]
__BOOT_STACK_ADDRESS {Abs}
                        0x2000fff8           --   Gb  command line/config [2]
__VECTOR_RAM {Abs}      0x1fff0000           --   Gb  command line/config [2]
__VECTOR_TABLE {Abs}    0x00000000           --   Gb  command line/config [2]
__aeabi_cdcmple         0x00003c69          Code  Gb  DblCmpLe.o [4]
__aeabi_cdrcmple        0x00003c99          Code  Gb  DblCmpGe.o [4]
__aeabi_d2f             0x000026bd          Code  Gb  DblToFlt.o [4]
__aeabi_d2iz            0x00003de1          Code  Gb  DblToI32.o [4]
__aeabi_d2uiz           0x00003e0d          Code  Gb  DblToI32.o [4]
__aeabi_ddiv            0x00003fb9          Code  Gb  DblDiv.o [4]
__aeabi_dmul            0x000024f9          Code  Gb  DblMul.o [4]
__aeabi_dsub            0x00003e39          Code  Gb  DblSub.o [4]
__aeabi_i2d             0x000024c9          Code  Gb  I32ToDbl.o [4]
__aeabi_ldiv0           0x0000427d          Code  Gb  I64DivZer.o [5]
__aeabi_ui2d            0x000024dd          Code  Gb  I32ToDbl.o [4]
__aeabi_uldivmod        0x00003ac1          Code  Gb  I64DivMod.o [5]
__cmain                 0x00009029          Code  Gb  cmain.o [5]
__code_start__ {Abs}    0x00000410           --   Gb  command line/config [2]
__exit                  0x00009059          Code  Gb  XXexit.o [5]
__iar_Dnorm             0x00003c27    0x42  Code  Gb  xdnorm.o [4]
__iar_Dscale            0x00003cc9   0x118  Code  Gb  xdscale.o [4]
__iar_Locale_lconv_init
                        0x00004201    0x3a  Code  Gb  localeconv.o [3]
__iar_Memchr            0x00003a69          Code  Gb  memchr.o [5]
__iar_Stdout            0x1fff0e38    0x40  Data  Gb  xfiles.o [3]
__iar_Strchr            0x00003a19          Code  Gb  strchr.o [5]
__iar_d2uiz             0x00003e19          Code  Gb  DblToI32.o [4]
__iar_dadd              0x00004281          Code  Gb  DblAdd.o [4]
__iar_data_init3        0x00008f89    0x28  Code  Gb  data_init.o [5]
__iar_dlib_perthread_access
                        0x00004355     0x2  Code  Gb  xtls.o [3]
__iar_dsub              0x00003e4d          Code  Gb  DblSub.o [4]
__iar_dsubStart         0x00003e5f          Code  Gb  DblSub.o [4]
__iar_init_vfp          0x00008fd5          Code  Gb  fpinit_M.o [4]
__iar_program_start     0x0000909d          Code  Gb  cstartup_M.o [5]
__iar_ui2d              0x000024e1          Code  Gb  I32ToDbl.o [4]
__iar_unaligned___aeabi_memcpy
                        0x00003bb1          Code  Gb  ABImemcpy_unaligned.o [5]
__iar_unaligned___aeabi_memcpy4
                        0x00003bd1          Code  Gb  ABImemcpy_unaligned.o [5]
__iar_unaligned___aeabi_memcpy8
                        0x00003bd1          Code  Gb  ABImemcpy_unaligned.o [5]
__iar_zero_init3        0x0000269b    0x22  Code  Gb  zero_init3.o [5]
__low_level_init        0x00009043     0x4  Code  Gb  low_level_init.o [3]
__vector_table          0x00000000   0x410  Data  Gb  vectors.o [1]
_call_main              0x00009035          Code  Gb  cmain.o [5]
_exit                   0x0000904d          Code  Gb  cexit.o [5]
_main                   0x0000903f          Code  Gb  cmain.o [5]
abs                     0x000065c5     0x8  Code  Gb  abs.o [3]
adc_init                0x0000765d   0x20e  Code  Gb  MK60_adc.o [1]
adc_once                0x0000786b    0x50  Code  Gb  MK60_adc.o [1]
adc_start               0x000078bb    0x44  Code  Lc  MK60_adc.o [1]
assert_failed           0x00002827    0x26  Code  Gb  MK60_conf.o [1]
bus_clk_khz             0x1fff2024     0x4  Data  Gb  system_MK60DZ10.o [1]
check_flag              0x1fff15b0     0x4  Data  Gb  process.o [1]
common_startup          0x00008b0f    0x98  Code  Gb  system_MK60DZ10.o [1]
core_clk_khz            0x1fff201c     0x4  Data  Gb  system_MK60DZ10.o [1]
core_clk_mhz            0x1fff2020     0x4  Data  Gb  system_MK60DZ10.o [1]
data_to_send            0x1fff15bc    0x34  Data  Gb  Serial_oscilloscope.o [1]
default_isr             0x000028fb    0x30  Code  Gb  MK60_conf.o [1]
div                     0x0000426d     0xe  Code  Gb  div.o [3]
exit                    0x00009047     0x4  Code  Gb  exit.o [3]
flash_cmd               0x1fff0e89    0x20  Code  Gb  MK60_flash.o [1]
flash_erase_sector      0x1fff0ecd    0x5c  Code  Gb  MK60_flash.o [1]
flash_init              0x1fff0ea9    0x24  Code  Gb  MK60_flash.o [1]
flash_write             0x1fff0f29    0xb4  Code  Gb  MK60_flash.o [1]
fputc                   0x0000284d    0x14  Code  Gb  MK60_conf.o [1]
ftm_mod                 0x1fff10d4    0x10  Data  Lc  MK60_ftm.o [1]
ftm_pwm_duty            0x00005d5b   0x122  Code  Gb  MK60_ftm.o [1]
ftm_pwm_init            0x00005ba9   0x1b2  Code  Gb  MK60_ftm.o [1]
ftm_quad_clean          0x00005faf    0x28  Code  Gb  MK60_ftm.o [1]
ftm_quad_get            0x00005f83    0x2c  Code  Gb  MK60_ftm.o [1]
ftm_quad_init           0x00005e7d   0x106  Code  Gb  MK60_ftm.o [1]
gpio_get                0x00002c3d    0x3e  Code  Gb  MK60_gpio.o [1]
gpio_init               0x00002ae1    0xae  Code  Gb  MK60_gpio.o [1]
gpio_set                0x00002b8f    0x74  Code  Gb  MK60_gpio.o [1]
gpio_turn               0x00002c03    0x3a  Code  Gb  MK60_gpio.o [1]
i2c_delay               0x0000612d    0x20  Code  Gb  MK60_i2c.o [1]
i2c_init                0x00005ff1   0x13a  Code  Gb  MK60_i2c.o [1]
i2c_read_reg            0x0000614d   0x2b6  Code  Gb  MK60_i2c.o [1]
i2c_write_reg           0x00006403   0x1a6  Code  Gb  MK60_i2c.o [1]
key_check               0x00002ab1    0x2a  Code  Gb  VCAN_key.o [1]
key_get                 0x00002a97    0x1a  Code  Gb  VCAN_key.o [1]
key_init                0x00002a45    0x52  Code  Gb  VCAN_key.o [1]
led_init                0x0000294d    0x3a  Code  Gb  VCAN_LED.o [1]
led_turn                0x00002987    0x32  Code  Gb  VCAN_LED.o [1]
localeconv              0x0000423b    0x16  Code  Gb  localeconv.o [3]
main                    0x00008c21    0xa4  Code  Gb  main.o [1]
mcg_cfg                 0x1fff0d9c    0x58  Data  Gb  MK60_mcg.o [1]
mcg_div                 0x1fff0df4     0x4  Data  Gb  MK60_mcg.o [1]
mcg_div_count           0x0000791d   0x304  Code  Gb  MK60_mcg.o [1]
memchr                  0x00003a69          Code  Gb  memchr.o [5]
myCCD_CCD1_GetLineError
                        0x0000491d   0x2ec  Code  Gb  Calculate.o [1]
myCCD_CCD2_GetLineError
                        0x00004c09   0x2ea  Code  Gb  Calculate.o [1]
myCCD_DataHandle        0x0000488f    0x88  Code  Gb  Calculate.o [1]
myCCD_DataInit          0x00004359   0x16a  Code  Gb  Calculate.o [1]
myCCD_FilterAndBinarization
                        0x000044c3   0x2a4  Code  Gb  Calculate.o [1]
myCCD_FilterAtFirst     0x000047fb    0x2e  Code  Gb  Calculate.o [1]
myCCD_GetBeginLineError
                        0x00004829    0x66  Code  Gb  Calculate.o [1]
myCCD_GetObstacle       0x00004ef3    0xa2  Code  Gb  Calculate.o [1]
myData_Init             0x000088d1    0x20  Code  Gb  Struct.o [1]
myOLED_Clear            0x000084a9    0x3a  Code  Gb  OLED.o [1]
myOLED_GPIO_Init        0x00008325    0x36  Code  Gb  OLED.o [1]
myOLED_Init             0x0000835b    0xa6  Code  Gb  OLED.o [1]
myOLED_REST             0x0000848f    0x1a  Code  Gb  OLED.o [1]
myOLED_RefreshGRAM      0x000084e3    0x4e  Code  Gb  OLED.o [1]
myOLED_Write_DAT        0x00008447    0x48  Code  Gb  OLED.o [1]
myOLED_Write_REG        0x00008401    0x46  Code  Gb  OLED.o [1]
obuf                    0x1fff2028    0x50  Data  Lc  xfiles.o [3]
pit_init                0x00008a35    0x6c  Code  Gb  MK60_PIT.o [1]
pll_init                0x00007c21    0xb2  Code  Gb  MK60_mcg.o [1]
port_init               0x0000274d    0x44  Code  Gb  MK60_port.o [1]
port_init_NoALT         0x00002791    0x62  Code  Gb  MK60_port.o [1]
printf                  0x000029bd    0x24  Code  Gb  printf.o [3]
putchar                 0x0000907d     0xc  Code  Gb  putchar.o [3]
set_sys_dividers        0x1fff1019    0x50  Code  Gb  MK60_mcg.o [1]
set_vector_handler      0x000082f7    0x22  Code  Gb  misc.o [1]
start                   0x00008ab1    0x22  Code  Gb  system_MK60DZ10.o [1]
start_check             0x00002861    0x9a  Code  Gb  MK60_conf.o [1]
stop_IRQProcess         0x0000888b    0x1c  Code  Gb  Init.o [1]
stop_flag               0x1fff0e28     0x1  Data  Gb  process.o [1]
strchr                  0x00003a19          Code  Gb  strchr.o [5]
strlen                  0x00003a31          Code  Gb  strlen.o [5]
sysinit                 0x00008ad3    0x3c  Code  Gb  system_MK60DZ10.o [1]
systick_delay           0x000029e1    0x36  Code  Gb  MK60_SysTick.o [1]
systick_delay_ms        0x00002a17    0x18  Code  Gb  MK60_SysTick.o [1]
uart4_test_handler      0x000087e5    0x20  Code  Gb  Init.o [1]
uart_getchar            0x00002433    0x1e  Code  Gb  MK60_uart.o [1]
uart_init               0x0000221f   0x214  Code  Gb  MK60_uart.o [1]
uart_putchar            0x00002451    0x1a  Code  Gb  MK60_uart.o [1]
uart_query              0x0000246b    0x18  Code  Gb  MK60_uart.o [1]
uart_rx_irq_en          0x00002483    0x2a  Code  Gb  MK60_uart.o [1]
vector_str              0x1fff0668   0x708  Data  Gb  MK60_conf.o [1]
wdog_disable            0x00008be1    0x16  Code  Gb  MK60_wdog.o [1]
wdog_unlock             0x00008bf7    0x20  Code  Lc  MK60_wdog.o [1]
write_vtor              0x000082d5    0x22  Code  Gb  misc.o [1]


[1] = D:\Project\SmartCar11\WesternComV4.0\Prj\Debug\Obj
[2] = command line
[3] = dl7M_tlf.a
[4] = m7M_tls.a
[5] = rt7M_tl.a

  32 018 bytes of readonly  code memory
     496 bytes of readwrite code memory
   5 150 bytes of readonly  data memory
   6 922 bytes of readwrite data memory

Errors: none
Warnings: none
