###############################################################################
#
# IAR ELF Linker V7.30.4.8167/W32 for ARM                 08/Jul/2016  17:24:02
# Copyright 2007-2014 IAR Systems AB.
#
#    Output file  =  
#        D:\Project\SmartCar11\WesternComV4.0\Prj\Debug\Exe\WesternCom.out
#    Map file     =  
#        D:\Project\SmartCar11\WesternComV4.0\Prj\Debug\List\WesternCom.map
#    Command line =  
#        D:\Project\SmartCar11\WesternComV4.0\Prj\Debug\Obj\8700_2100.o
#        D:\Project\SmartCar11\WesternComV4.0\Prj\Debug\Obj\Calculate.o
#        D:\Project\SmartCar11\WesternComV4.0\Prj\Debug\Obj\CCD.o
#        D:\Project\SmartCar11\WesternComV4.0\Prj\Debug\Obj\control.o
#        D:\Project\SmartCar11\WesternComV4.0\Prj\Debug\Obj\diskio.o
#        D:\Project\SmartCar11\WesternComV4.0\Prj\Debug\Obj\ff.o
#        D:\Project\SmartCar11\WesternComV4.0\Prj\Debug\Obj\fuzzy.o
#        D:\Project\SmartCar11\WesternComV4.0\Lib\CMSIS\iar_cortexM4l_math.a
#        D:\Project\SmartCar11\WesternComV4.0\Lib\CMSIS\iar_cortexM4lf_math.a
#        D:\Project\SmartCar11\WesternComV4.0\Prj\Debug\Obj\Init.o
#        D:\Project\SmartCar11\WesternComV4.0\Prj\Debug\Obj\key_int.o
#        D:\Project\SmartCar11\WesternComV4.0\Prj\Debug\Obj\main.o
#        D:\Project\SmartCar11\WesternComV4.0\Prj\Debug\Obj\misc.o
#        D:\Project\SmartCar11\WesternComV4.0\Prj\Debug\Obj\MK60_adc.o
#        D:\Project\SmartCar11\WesternComV4.0\Prj\Debug\Obj\MK60_can.o
#        D:\Project\SmartCar11\WesternComV4.0\Prj\Debug\Obj\MK60_conf.o
#        D:\Project\SmartCar11\WesternComV4.0\Prj\Debug\Obj\MK60_dac.o
#        D:\Project\SmartCar11\WesternComV4.0\Prj\Debug\Obj\MK60_dma.o
#        D:\Project\SmartCar11\WesternComV4.0\Prj\Debug\Obj\MK60_DWT.o
#        D:\Project\SmartCar11\WesternComV4.0\Prj\Debug\Obj\MK60_flash.o
#        D:\Project\SmartCar11\WesternComV4.0\Prj\Debug\Obj\MK60_flexbus.o
#        D:\Project\SmartCar11\WesternComV4.0\Prj\Debug\Obj\MK60_ftm.o
#        D:\Project\SmartCar11\WesternComV4.0\Prj\Debug\Obj\MK60_gpio.o
#        D:\Project\SmartCar11\WesternComV4.0\Prj\Debug\Obj\MK60_i2c.o
#        D:\Project\SmartCar11\WesternComV4.0\Prj\Debug\Obj\MK60_it.o
#        D:\Project\SmartCar11\WesternComV4.0\Prj\Debug\Obj\MK60_lptmr.o
#        D:\Project\SmartCar11\WesternComV4.0\Prj\Debug\Obj\MK60_mcg.o
#        D:\Project\SmartCar11\WesternComV4.0\Prj\Debug\Obj\MK60_PIT.o
#        D:\Project\SmartCar11\WesternComV4.0\Prj\Debug\Obj\MK60_port.o
#        D:\Project\SmartCar11\WesternComV4.0\Prj\Debug\Obj\MK60_rtc.o
#        D:\Project\SmartCar11\WesternComV4.0\Prj\Debug\Obj\MK60_sdhc.o
#        D:\Project\SmartCar11\WesternComV4.0\Prj\Debug\Obj\MK60_spi.o
#        D:\Project\SmartCar11\WesternComV4.0\Prj\Debug\Obj\MK60_SysTick.o
#        D:\Project\SmartCar11\WesternComV4.0\Prj\Debug\Obj\MK60_uart.o
#        D:\Project\SmartCar11\WesternComV4.0\Prj\Debug\Obj\MK60_usb.o
#        D:\Project\SmartCar11\WesternComV4.0\Prj\Debug\Obj\MK60_wdog.o
#        D:\Project\SmartCar11\WesternComV4.0\Prj\Debug\Obj\motor.o
#        D:\Project\SmartCar11\WesternComV4.0\Prj\Debug\Obj\OLED.o
#        D:\Project\SmartCar11\WesternComV4.0\Prj\Debug\Obj\PID.o
#        D:\Project\SmartCar11\WesternComV4.0\Prj\Debug\Obj\PIT0.o
#        D:\Project\SmartCar11\WesternComV4.0\Prj\Debug\Obj\process.o
#        D:\Project\SmartCar11\WesternComV4.0\Prj\Debug\Obj\SD.o
#        D:\Project\SmartCar11\WesternComV4.0\Prj\Debug\Obj\Serial_oscilloscope.o
#        D:\Project\SmartCar11\WesternComV4.0\Prj\Debug\Obj\startup_MK60DZ10.o
#        D:\Project\SmartCar11\WesternComV4.0\Prj\Debug\Obj\Struct.o
#        D:\Project\SmartCar11\WesternComV4.0\Prj\Debug\Obj\system_MK60DZ10.o
#        D:\Project\SmartCar11\WesternComV4.0\Prj\Debug\Obj\USB.o
#        D:\Project\SmartCar11\WesternComV4.0\Prj\Debug\Obj\USB_CDC.o
#        D:\Project\SmartCar11\WesternComV4.0\Prj\Debug\Obj\VCAN_ASCII.o
#        D:\Project\SmartCar11\WesternComV4.0\Prj\Debug\Obj\VCAN_BMP.o
#        D:\Project\SmartCar11\WesternComV4.0\Prj\Debug\Obj\VCAN_camera.o
#        D:\Project\SmartCar11\WesternComV4.0\Prj\Debug\Obj\VCAN_computer.o
#        D:\Project\SmartCar11\WesternComV4.0\Prj\Debug\Obj\vcan_img2sd.o
#        D:\Project\SmartCar11\WesternComV4.0\Prj\Debug\Obj\VCAN_key.o
#        D:\Project\SmartCar11\WesternComV4.0\Prj\Debug\Obj\VCAN_key_event.o
#        D:\Project\SmartCar11\WesternComV4.0\Prj\Debug\Obj\VCAN_LCD.o
#        D:\Project\SmartCar11\WesternComV4.0\Prj\Debug\Obj\VCAN_LCD_CH.o
#        D:\Project\SmartCar11\WesternComV4.0\Prj\Debug\Obj\VCAN_LCD_ILI9341.o
#        D:\Project\SmartCar11\WesternComV4.0\Prj\Debug\Obj\VCAN_LCD_ST7735R.o
#        D:\Project\SmartCar11\WesternComV4.0\Prj\Debug\Obj\VCAN_LCD_ST7735S.o
#        D:\Project\SmartCar11\WesternComV4.0\Prj\Debug\Obj\VCAN_LED.o
#        D:\Project\SmartCar11\WesternComV4.0\Prj\Debug\Obj\VCAN_MMA7455.o
#        D:\Project\SmartCar11\WesternComV4.0\Prj\Debug\Obj\VCAN_NRF24L0.o
#        D:\Project\SmartCar11\WesternComV4.0\Prj\Debug\Obj\VCAN_NRF24L0_MSG.o
#        D:\Project\SmartCar11\WesternComV4.0\Prj\Debug\Obj\VCAN_OV7725_Eagle.o
#        D:\Project\SmartCar11\WesternComV4.0\Prj\Debug\Obj\VCAN_OV7725_Wolf.o
#        D:\Project\SmartCar11\WesternComV4.0\Prj\Debug\Obj\VCAN_RTC_count.o
#        D:\Project\SmartCar11\WesternComV4.0\Prj\Debug\Obj\VCAN_SCCB.o
#        D:\Project\SmartCar11\WesternComV4.0\Prj\Debug\Obj\vcan_sd_app.o
#        D:\Project\SmartCar11\WesternComV4.0\Prj\Debug\Obj\Vcan_touch.o
#        D:\Project\SmartCar11\WesternComV4.0\Prj\Debug\Obj\VCAN_TSL1401.o
#        D:\Project\SmartCar11\WesternComV4.0\Prj\Debug\Obj\VCAN_UI_VAR.o
#        D:\Project\SmartCar11\WesternComV4.0\Prj\Debug\Obj\vectors.o -o
#        D:\Project\SmartCar11\WesternComV4.0\Prj\Debug\Exe\WesternCom.out
#        --map
#        D:\Project\SmartCar11\WesternComV4.0\Prj\Debug\List\WesternCom.map
#        --config "D:\Project\SmartCar11\WesternComV4.0\Prj\config
#        files\vcan_ROM_K60N1M.icf"
#        D:\Project\SmartCar11\WesternComV4.0\Prj\..\Lib\CMSIS\iar_cortexM4l_math.a
#        --entry __iar_program_start --vfe
#
###############################################################################

*******************************************************************************
*** RUNTIME MODEL ATTRIBUTES
***

CppFlavor       = *
__SystemLibrary = DLib


*******************************************************************************
*** PLACEMENT SUMMARY
***

"A1":  place at 0x00000000 { ro section .intvec };
"A2":  place at 0x00000410 { ro section .noinit };
"P1":  place in [from 0x00000000 to 0x00100000] { ro, block CodeRelocate };
"P2":  place in [from 0x1fff0410 to 0x20010000] {
          rw, block CodeRelocateRam, block CSTACK, block HEAP };

  Section              Kind        Address    Size  Object
  -------              ----        -------    ----  ------
"A1":                                        0x410
  .intvec              const    0x00000000   0x410  vectors.o [1]
                              - 0x00000410   0x410

"A2":                                          0x8
  .noinit              ro code  0x00000410     0x8  startup_MK60DZ10.o [1]
                              - 0x00000418     0x8

"P1":                                       0x8c30
  .text                ro code  0x00000418  0x1f54  Serial_oscilloscope.o [1]
  .text                ro code  0x0000236c   0x2c0  MK60_uart.o [1]
  .text                ro code  0x0000262c    0x30  I32ToDbl.o [4]
  .text                ro code  0x0000265c   0x1a2  DblMul.o [4]
  .text                ro code  0x000027fe    0x22  zero_init3.o [5]
  .text                ro code  0x00002820    0x90  DblToFlt.o [4]
  .text                ro code  0x000028b0    0xb0  MK60_port.o [1]
  Veneer               ro code  0x00002960     0x8  - Linker created -
  Veneer               ro code  0x00002968     0x8  - Linker created -
  .text                ro code  0x00002970   0x140  MK60_conf.o [1]
  .text                ro code  0x00002ab0    0x70  VCAN_LED.o [1]
  .text                ro code  0x00002b20    0x24  printf.o [3]
  .text                ro code  0x00002b44    0x64  MK60_SysTick.o [1]
  .text                ro code  0x00002ba8    0x9c  VCAN_key.o [1]
  .text                ro code  0x00002c44   0x1a4  MK60_gpio.o [1]
  .text                ro code  0x00002de8   0xd92  xprintffull_nomb.o [3]
  .text                ro code  0x00003b7c    0x16  strchr.o [5]
  .text                ro code  0x00003b94    0x36  strlen.o [5]
  .text                ro code  0x00003bcc    0x58  memchr.o [5]
  .text                ro code  0x00003c24    0xee  I64DivMod.o [5]
  .text                ro code  0x00003d14    0x76  ABImemcpy_unaligned.o [5]
  .text                ro code  0x00003d8a    0x42  xdnorm.o [4]
  .text                ro code  0x00003dcc    0x2e  DblCmpLe.o [4]
  .text                ro code  0x00003dfc    0x2e  DblCmpGe.o [4]
  .text                ro code  0x00003e2c   0x118  xdscale.o [4]
  .text                ro code  0x00003f44    0x58  DblToI32.o [4]
  .text                ro code  0x00003f9c   0x180  DblSub.o [4]
  .text                ro code  0x0000411c   0x246  DblDiv.o [4]
  .text                ro code  0x00004364    0x6c  localeconv.o [3]
  .text                ro code  0x000043d0     0xe  div.o [3]
  .text                ro code  0x000043e0     0x2  I64DivZer.o [5]
  .text                ro code  0x000043e4    0xd4  DblAdd.o [4]
  .text                ro code  0x000044b8     0x2  xtls.o [3]
  .data_init                    0x000044bc   0xa6c  <Block>
    Initializer bytes  const    0x000044bc   0xa6c  <for .data-1>
  .text                ro code  0x00004f28   0x732  Calculate.o [1]
  .text                ro code  0x0000565c   0x5f4  MK60_ftm.o [1]
  .text                ro code  0x00005c50   0x5f0  MK60_i2c.o [1]
  .text                ro code  0x00006240     0x8  abs.o [3]
  .text                ro code  0x00006248   0x5a4  fuzzy.o [1]
  .text                ro code  0x000067ec     0x6  ABImemclr4.o [5]
  .text                ro code  0x000067f4    0x32  ABImemset48.o [5]
  .text                ro code  0x00006828   0x59c  process.o [1]
  .text                ro code  0x00006dc4   0x21e  CCD.o [1]
  .text                ro code  0x00006fe4   0x2d0  PID.o [1]
  .text                ro code  0x000072b4   0x1a0  motor.o [1]
  .text                ro code  0x00007454    0x4e  FltToDbl.o [4]
  .text                ro code  0x000074a4   0x2b8  MK60_adc.o [1]
  .text                ro code  0x0000775c   0x440  8700_2100.o [1]
  Veneer               ro code  0x00007b9c     0x8  - Linker created -
  .text                ro code  0x00007ba4   0x3d4  MK60_mcg.o [1]
  .text                ro code  0x00007f78   0x290  key_int.o [1]
  .text                ro code  0x00008208    0x50  misc.o [1]
  .text                ro code  0x00008258   0x210  OLED.o [1]
  CodeRelocate                  0x00008468   0x1f0  <Block>
    Initializer bytes  const    0x00008468   0x1f0  <for CodeRelocateRam-1>
  .text                ro code  0x00008658   0x1b0  Init.o [1]
  .text                ro code  0x00008808   0x144  PIT0.o [1]
  .text                ro code  0x0000894c    0x7c  MK60_PIT.o [1]
  .text                ro code  0x000089c8   0x130  system_MK60DZ10.o [1]
  .text                ro code  0x00008af8    0x40  MK60_wdog.o [1]
  .text                ro code  0x00008b38    0xa4  main.o [1]
  .rodata              const    0x00008bdc    0x80  MK60_i2c.o [1]
  .rodata              const    0x00008c5c    0x40  MK60_ftm.o [1]
  .rodata              const    0x00008c9c    0x3c  MK60_conf.o [1]
  .rodata              const    0x00008cd8    0x3c  MK60_flash.o [1]
  .rodata              const    0x00008d14    0x3c  MK60_i2c.o [1]
  .rodata              const    0x00008d50    0x3c  MK60_SysTick.o [1]
  .rodata              const    0x00008d8c    0x38  MK60_adc.o [1]
  .rodata              const    0x00008dc4    0x38  MK60_gpio.o [1]
  .rodata              const    0x00008dfc    0x38  MK60_PIT.o [1]
  .rodata              const    0x00008e34    0x38  MK60_uart.o [1]
  .rodata              const    0x00008e6c    0x34  misc.o [1]
  .text                ro code  0x00008ea0    0x28  data_init.o [5]
  .rodata              const    0x00008ec8    0x24  MK60_conf.o [1]
  .text                ro code  0x00008eec    0x22  fpinit_M.o [4]
  .iar.init_table      const    0x00008f10    0x10  - Linker created -
  .rodata              const    0x00008f20    0x20  MK60_conf.o [1]
  .text                ro code  0x00008f40    0x1a  cmain.o [5]
  .text                ro code  0x00008f5a     0x4  low_level_init.o [3]
  .text                ro code  0x00008f5e     0x4  exit.o [3]
  .text                ro code  0x00008f64     0xa  cexit.o [5]
  .text                ro code  0x00008f70     0xc  XXexit.o [5]
  .text                ro code  0x00008f7c    0x16  xprout.o [3]
  .text                ro code  0x00008f94     0xc  putchar.o [3]
  .rodata              const    0x00008fa0    0x14  MK60_conf.o [1]
  .text                ro code  0x00008fb4     0xc  cstartup_M.o [5]
  .rodata              const    0x00008fc0     0x0  zero_init3.o [5]
  Initializer bytes    const    0x00008fc0    0x88  <for P2 s0>
                              - 0x00009048  0x8c30

"P2":                                       0x1d40
  .data                         0x1fff0410   0xa6c  <Block>
    .data-1                     0x1fff0410   0xa6c  <Init block>
      .data            inited   0x1fff0410     0x2  Calculate.o [1]
      .data            inited   0x1fff0414    0xc4  fuzzy.o [1]
      .data            inited   0x1fff04d8    0xc4  fuzzy.o [1]
      .data            inited   0x1fff059c    0xc4  fuzzy.o [1]
      .data            inited   0x1fff0660     0x1  key_int.o [1]
      .data            inited   0x1fff0664     0x8  MK60_adc.o [1]
      .data            inited   0x1fff066c   0x708  MK60_conf.o [1]
      .data            inited   0x1fff0d74    0x10  MK60_ftm.o [1]
      .data            inited   0x1fff0d84    0x14  MK60_gpio.o [1]
      .data            inited   0x1fff0d98     0x8  MK60_i2c.o [1]
      .data            inited   0x1fff0da0    0x58  MK60_mcg.o [1]
      .data            inited   0x1fff0df8     0x4  MK60_mcg.o [1]
      .data            inited   0x1fff0dfc    0x14  MK60_port.o [1]
      .data            inited   0x1fff0e10    0x18  MK60_uart.o [1]
      .data            inited   0x1fff0e28     0x4  PID.o [1]
      .data            inited   0x1fff0e2c     0x1  process.o [1]
      .data            inited   0x1fff0e2d     0x1  Serial_oscilloscope.o [1]
      .data            inited   0x1fff0e30     0x8  VCAN_key.o [1]
      .data            inited   0x1fff0e38     0x4  VCAN_LED.o [1]
      .data            inited   0x1fff0e3c    0x40  xfiles.o [3]
  CodeRelocateRam               0x1fff0e7c   0x1f0  <Block>
    CodeRelocateRam-1           0x1fff0e7c   0x1f0  <Init block>
      Veneer           inited   0x1fff0e7c     0x8  - Linker created -
      Veneer           inited   0x1fff0e84     0x8  - Linker created -
      .textrw          inited   0x1fff0e8c   0x190  MK60_flash.o [1]
      .textrw          inited   0x1fff101c    0x50  MK60_mcg.o [1]
  .bss                          0x1fff106c  0x105c  <Block>
    .bss               zero     0x1fff106c     0xc  8700_2100.o [1]
    .bss               zero     0x1fff1078     0xc  8700_2100.o [1]
    .bss               zero     0x1fff1084    0x18  8700_2100.o [1]
    .bss               zero     0x1fff109c    0x18  8700_2100.o [1]
    .bss               zero     0x1fff10b4    0x10  8700_2100.o [1]
    .bss               zero     0x1fff10c4     0x4  8700_2100.o [1]
    .bss               zero     0x1fff10c8    0x34  fuzzy.o [1]
    .bss               zero     0x1fff10fc    0x10  MK60_ftm.o [1]
    .bss               zero     0x1fff110c     0x4  MK60_i2c.o [1]
    .bss               zero     0x1fff1110     0x4  motor.o [1]
    .bss               zero     0x1fff1114     0x4  motor.o [1]
    .bss               zero     0x1fff1118   0x400  OLED.o [1]
    .bss               zero     0x1fff1518    0x38  PID.o [1]
    .bss               zero     0x1fff1550    0x38  PID.o [1]
    .bss               zero     0x1fff1588    0x38  PID.o [1]
    .bss               zero     0x1fff15c0     0x4  process.o [1]
    .bss               zero     0x1fff15c4     0x4  process.o [1]
    .bss               zero     0x1fff15c8     0x4  process.o [1]
    .bss               zero     0x1fff15cc     0x4  process.o [1]
    .bss               zero     0x1fff15d0     0x4  process.o [1]
    .bss               zero     0x1fff15d4     0x4  process.o [1]
    .bss               zero     0x1fff15d8     0x4  process.o [1]
    .bss               zero     0x1fff15dc     0x4  process.o [1]
    .bss               zero     0x1fff15e0    0x34  Serial_oscilloscope.o [1]
    .bss               zero     0x1fff1614    0x24  Serial_oscilloscope.o [1]
    .bss               zero     0x1fff1638    0x34  Serial_oscilloscope.o [1]
    .bss               zero     0x1fff166c    0xa0  Struct.o [1]
    .bss               zero     0x1fff170c     0x8  Struct.o [1]
    .bss               zero     0x1fff1714    0x78  Struct.o [1]
    .bss               zero     0x1fff178c    0xdc  Struct.o [1]
    .bss               zero     0x1fff1868   0x3fc  Struct.o [1]
    .bss               zero     0x1fff1c64   0x3fc  Struct.o [1]
    .bss               zero     0x1fff2060     0x4  system_MK60DZ10.o [1]
    .bss               zero     0x1fff2064     0x4  system_MK60DZ10.o [1]
    .bss               zero     0x1fff2068     0x4  system_MK60DZ10.o [1]
    .bss               zero     0x1fff206c    0x50  xfiles.o [3]
    .bss               zero     0x1fff20bc     0x1  PIT0.o [1]
    .bss               zero     0x1fff20bd     0x1  PIT0.o [1]
    .bss               zero     0x1fff20be     0x1  PIT0.o [1]
    .bss               zero     0x1fff20bf     0x1  PIT0.o [1]
    .bss               zero     0x1fff20c0     0x1  PIT0.o [1]
    .bss               zero     0x1fff20c1     0x1  PIT0.o [1]
    .bss               zero     0x1fff20c2     0x1  PIT0.o [1]
    .bss               zero     0x1fff20c3     0x1  Serial_oscilloscope.o [1]
    .bss               zero     0x1fff20c4     0x1  Serial_oscilloscope.o [1]
    .bss               zero     0x1fff20c5     0x1  Serial_oscilloscope.o [1]
  P2 s0                         0x1fff20c8    0x88  <Init block>
    __DLIB_PERTHREAD   inited   0x1fff20c8    0x88  localeconv.o [3]
                              - 0x1fff2150  0x1d40


*******************************************************************************
*** INIT TABLE
***

          Address     Size
          -------     ----
Zero (__iar_zero_init3)
    1 destination range, total size 0x105a:
          0x1fff106c  0x105a



*******************************************************************************
*** MODULE SUMMARY
***

    Module                 ro code  rw code  ro data  rw data
    ------                 -------  -------  -------  -------
D:\Project\SmartCar11\WesternComV4.0\Prj\Debug\Obj: [1]
    8700_2100.o              1 088                         92
    CCD.o                      542
    Calculate.o              1 842                 2        2
    Init.o                     432
    MK60_PIT.o                 124                56
    MK60_SysTick.o             100                60
    MK60_adc.o                 696                67        8
    MK60_conf.o                320             1 948    1 800
    MK60_flash.o                        400      460
    MK60_ftm.o               1 524                80       32
    MK60_gpio.o                420                76       20
    MK60_i2c.o               1 520               196       12
    MK60_mcg.o                 980       80      172       92
    MK60_port.o                176                20       20
    MK60_uart.o                704                80       24
    MK60_wdog.o                 64
    OLED.o                     528                      1 024
    PID.o                      720                 4      172
    PIT0.o                     324                          7
    Serial_oscilloscope.o    8 020                 1      144
    Struct.o                                            2 548
    VCAN_LED.o                 112                 4        4
    VCAN_key.o                 156                10        8
    fuzzy.o                  1 444               590      640
    key_int.o                  656                 1        1
    main.o                     164
    misc.o                      80                52
    motor.o                    416                          8
    process.o                1 436                 1       33
    startup_MK60DZ10.o           8
    system_MK60DZ10.o          304                         12
    vectors.o                                  1 040
    ---------------------------------------------------------
    Total:                  24 900      480    4 920    6 703

command line: [2]
    ---------------------------------------------------------
    Total:

dl7M_tlf.a: [3]
    abs.o                        8
    div.o                       14
    exit.o                       4
    localeconv.o               108               136      136
    low_level_init.o             4
    printf.o                    36
    putchar.o                   12
    xfiles.o                                      64      144
    xprintffull_nomb.o       3 474
    xprout.o                    22
    xtls.o                       2
    ---------------------------------------------------------
    Total:                   3 684               200      280

m7M_tls.a: [4]
    DblAdd.o                   212
    DblCmpGe.o                  46
    DblCmpLe.o                  46
    DblDiv.o                   582
    DblMul.o                   418
    DblSub.o                   384
    DblToFlt.o                 144
    DblToI32.o                  88
    FltToDbl.o                  78
    I32ToDbl.o                  48
    fpinit_M.o                  34
    xdnorm.o                    66
    xdscale.o                  280
    ---------------------------------------------------------
    Total:                   2 426

rt7M_tl.a: [5]
    ABImemclr4.o                 6
    ABImemcpy_unaligned.o      118
    ABImemset48.o               50
    I64DivMod.o                238
    I64DivZer.o                  2
    XXexit.o                    12
    cexit.o                     10
    cmain.o                     26
    cstartup_M.o                12
    data_init.o                 40
    memchr.o                    88
    strchr.o                    22
    strlen.o                    54
    zero_init3.o                34
    ---------------------------------------------------------
    Total:                     712

    Gaps                        34                 2        7
    Linker created              24       16       32
-------------------------------------------------------------
    Grand Total:            31 780      496    5 154    6 990


*******************************************************************************
*** ENTRY LIST
***

Entry                      Address    Size  Type      Object
-----                      -------    ----  ----      ------
.bss$$Base              0x1fff106c           --   Gb  - Linker created -
.bss$$Limit             0x1fff20c8           --   Gb  - Linker created -
.data$$Base             0x1fff0410           --   Gb  - Linker created -
.data$$Limit            0x1fff0e7c           --   Gb  - Linker created -
.data_init$$Base        0x000044bc           --   Gb  - Linker created -
.data_init$$Limit       0x00004f28           --   Gb  - Linker created -
.iar.init_table$$Base   0x00008f10           --   Gb  - Linker created -
.iar.init_table$$Limit  0x00008f20           --   Gb  - Linker created -
?main                   0x00008f41          Code  Gb  cmain.o [5]
ADCN                    0x1fff0664     0x8  Data  Gb  MK60_adc.o [1]
ANO_DT_Data_Receive_Anl
                        0x000006a1  0x1c72  Code  Gb  Serial_oscilloscope.o [1]
ANO_DT_Data_Receive_Prepare
                        0x000005a5    0xe4  Code  Gb  Serial_oscilloscope.o [1]
ANO_DT_Send_Check       0x00002313    0x4a  Code  Lc  Serial_oscilloscope.o [1]
ANO_Send_Data           0x00000581    0x24  Code  Gb  Serial_oscilloscope.o [1]
ASSERT_FAILED_STR       0x00008ec8    0x24  Data  Gb  MK60_conf.o [1]
Acc_data                0x1fff1078     0xc  Data  Gb  8700_2100.o [1]
Acc_read                0x000077d5    0x98  Code  Gb  8700_2100.o [1]
Angle_Servo             0x1fff15dc     0x4  Data  Gb  process.o [1]
B0_Process              0x00008039    0x46  Code  Gb  key_int.o [1]
B1_Process              0x0000807f    0x46  Code  Gb  key_int.o [1]
B2_Process              0x000080c5    0x88  Code  Gb  key_int.o [1]
B3_Process              0x0000814d    0x90  Code  Gb  key_int.o [1]
B4_Process              0x000081dd    0x18  Code  Gb  key_int.o [1]
CCD1_ImageCapture       0x00006e01    0x96  Code  Gb  CCD.o [1]
CCD1_info               0x1fff1868   0x3fc  Data  Gb  Struct.o [1]
CCD1_init               0x00006dc5    0x1e  Code  Gb  CCD.o [1]
CCD2_ImageCapture       0x00006e97    0x96  Code  Gb  CCD.o [1]
CCD2_info               0x1fff1c64   0x3fc  Data  Gb  Struct.o [1]
CCD2_init               0x00006de3    0x1e  Code  Gb  CCD.o [1]
Cal_Speed_L             0x1fff15d0     0x4  Data  Gb  process.o [1]
Cal_Speed_R             0x1fff15d4     0x4  Data  Gb  process.o [1]
Calservo                0x1fff15c0     0x4  Data  Gb  process.o [1]
Car_stop                0x00006829    0x36  Code  Gb  process.o [1]
Center_Board_Value      0x1fff0410     0x2  Data  Gb  Calculate.o [1]
CodeRelocate$$Base      0x00008468           --   Gb  - Linker created -
CodeRelocate$$Limit     0x00008658           --   Gb  - Linker created -
CodeRelocateRam$$Base   0x1fff0e7c           --   Gb  - Linker created -
CodeRelocateRam$$Limit  0x1fff106c           --   Gb  - Linker created -
Data_Send               0x00000445   0x13c  Code  Gb  Serial_oscilloscope.o [1]
FRD                     0x1fff0414    0xc4  Data  Gb  fuzzy.o [1]
FRP                     0x1fff04d8    0xc4  Data  Gb  fuzzy.o [1]
FR_Speed                0x1fff059c    0xc4  Data  Gb  fuzzy.o [1]
FTMN                    0x1fff0d74    0x10  Data  Gb  MK60_ftm.o [1]
FTM_port_mux            0x0000565d   0x1ac  Code  Lc  MK60_ftm.o [1]
Filter_binary           0x00005225    0x94  Code  Gb  Calculate.o [1]
Fuzzy_Cal               0x0000629d   0x52a  Code  Gb  fuzzy.o [1]
Fuzzy_Init              0x00006249    0x52  Code  Gb  fuzzy.o [1]
GPIOX                   0x1fff0d84    0x14  Data  Gb  MK60_gpio.o [1]
Gyro_data               0x1fff106c     0xc  Data  Gb  8700_2100.o [1]
Gyro_info               0x1fff178c    0xdc  Data  Gb  Struct.o [1]
Gyro_read               0x0000786d    0xb8  Code  Gb  8700_2100.o [1]
I2CN                    0x1fff0d98     0x8  Data  Gb  MK60_i2c.o [1]
IIC_Count               0x1fff110c     0x4  Data  Gb  MK60_i2c.o [1]
Imu_calculate           0x00007925   0x246  Code  Gb  8700_2100.o [1]
Init2100                0x0000775d    0x4e  Code  Gb  8700_2100.o [1]
Init8700                0x000077ab    0x14  Code  Gb  8700_2100.o [1]
Init_PIT0               0x0000881d    0x24  Code  Gb  PIT0.o [1]
Init_PIT1               0x000088dd    0x24  Code  Gb  PIT0.o [1]
Init_PORT               0x00007f8d    0x42  Code  Gb  key_int.o [1]
Init_PORT_C             0x00008735    0x4a  Code  Gb  Init.o [1]
Init_TLY                0x000077bf    0x16  Code  Gb  8700_2100.o [1]
Init_all                0x0000866d    0x8a  Code  Gb  Init.o [1]
Init_ftm_motor          0x000072b5    0x4a  Code  Gb  motor.o [1]
Init_quad               0x000072ff    0x10  Code  Gb  motor.o [1]
Init_uart4              0x000086f7    0x1e  Code  Gb  Init.o [1]
KEY_PTxn                0x1fff0e30     0x8  Data  Gb  VCAN_key.o [1]
K_Speed_Diff            0x1fff15d8     0x4  Data  Gb  process.o [1]
LED_PTxn                0x1fff0e38     0x4  Data  Gb  VCAN_LED.o [1]
LoadInt                 0x0000336f    0x6e  Code  Lc  xprintffull_nomb.o [3]
Menu                    0x1fff170c     0x8  Data  Gb  Struct.o [1]
MotorSpeedOut           0x0000734d    0xf4  Code  Gb  motor.o [1]
Motor_Process           0x00006961   0x152  Code  Gb  process.o [1]
NVIC_EnableIRQ          0x00008659    0x14  Code  Lc  Init.o [1]
NVIC_EnableIRQ          0x00007f79    0x14  Code  Lc  key_int.o [1]
NVIC_EnableIRQ          0x0000236d    0x16  Code  Lc  MK60_uart.o [1]
NVIC_EnableIRQ          0x00008809    0x14  Code  Lc  PIT0.o [1]
NVIC_SystemReset        0x00002971    0x1a  Code  Lc  MK60_conf.o [1]
OLED_GRAM               0x1fff1118   0x400  Data  Gb  OLED.o [1]
PIT0_IRQHandler         0x00008841    0x9c  Code  Gb  PIT0.o [1]
PIT1_IRQHandler         0x00008901    0x20  Code  Gb  PIT0.o [1]
PORTB_IRQHandler        0x00007fd1    0x68  Code  Gb  key_int.o [1]
PORTC_IRQHandler        0x00008781    0x3a  Code  Gb  Init.o [1]
PORTX                   0x1fff0dfc    0x14  Data  Gb  MK60_port.o [1]
Parameter_info          0x1fff166c    0xa0  Data  Gb  Struct.o [1]
PidServo                0x1fff1518    0x38  Data  Gb  PID.o [1]
PidSpeedLeft            0x1fff1550    0x38  Data  Gb  PID.o [1]
PidSpeedRight           0x1fff1588    0x38  Data  Gb  PID.o [1]
Pid_Calculate_Servo     0x000070bd   0x122  Code  Gb  PID.o [1]
Pid_Calculate_Speed     0x000071e1    0x92  Code  Gb  PID.o [1]
Pid_Init                0x00006fe5    0xd6  Code  Gb  PID.o [1]
Region$$Table$$Base     0x00008f10           --   Gb  - Linker created -
Region$$Table$$Limit    0x00008f20           --   Gb  - Linker created -
Reset_Handler           0x00000411          Code  Gb  startup_MK60DZ10.o [1]
SamplingDelay           0x00006fdd     0x6  Code  Gb  CCD.o [1]
SendBuf                 0x1fff1614    0x24  Data  Gb  Serial_oscilloscope.o [1]
SendHex                 0x00006f2d    0x52  Code  Gb  CCD.o [1]
SendImageData           0x00006f7f    0x5e  Code  Gb  CCD.o [1]
Send_CCD_Imag           0x00006ab3    0x22  Code  Gb  process.o [1]
Send_Motor_Info         0x00006bb9   0x18c  Code  Gb  process.o [1]
Send_Steer_Info         0x00006ad5    0xda  Code  Gb  process.o [1]
ServoFuzzy              0x1fff10c8    0x34  Data  Gb  fuzzy.o [1]
Speed_Average           0x1fff15cc     0x4  Data  Gb  process.o [1]
Speed_Expect            0x1fff0e28     0x4  Data  Gb  PID.o [1]
Speed_Expect_L          0x1fff15c4     0x4  Data  Gb  process.o [1]
Speed_Expect_R          0x1fff15c8     0x4  Data  Gb  process.o [1]
Speed_Read              0x0000730f    0x3c  Code  Gb  motor.o [1]
Speed_Val1_L            0x1fff1110     0x4  Data  Gb  motor.o [1]
Speed_Val2_R            0x1fff1114     0x4  Data  Gb  motor.o [1]
Speed_info              0x1fff1714    0x78  Data  Gb  Struct.o [1]
Steer_Process           0x0000685f   0x102  Code  Gb  process.o [1]
TIME0flag_100ms         0x1fff20c1     0x1  Data  Gb  PIT0.o [1]
TIME0flag_10ms          0x1fff20bd     0x1  Data  Gb  PIT0.o [1]
TIME0flag_15ms          0x1fff20be     0x1  Data  Gb  PIT0.o [1]
TIME0flag_20ms          0x1fff20bf     0x1  Data  Gb  PIT0.o [1]
TIME0flag_25ms          0x1fff20c0     0x1  Data  Gb  PIT0.o [1]
TIME0flag_5ms           0x1fff20bc     0x1  Data  Gb  PIT0.o [1]
TimeCount               0x1fff20c2     0x1  Data  Gb  PIT0.o [1]
Tune_Mode               0x1fff0e2d     0x1  Data  Gb  Serial_oscilloscope.o [1]
UARTN                   0x1fff0e10    0x18  Data  Gb  MK60_uart.o [1]
_GenldFullNoMb          0x000038e7   0x24c  Code  Lc  xprintffull_nomb.o [3]
_LdtobFullNoMb          0x000034e5   0x3fc  Code  Lc  xprintffull_nomb.o [3]
_LitobFullNoMb          0x000033dd   0x106  Code  Lc  xprintffull_nomb.o [3]
_Locale_aeabi_lconv     0x1fff2118    0x38  Data  Gb  localeconv.o [3]
_Locale_lconv           0x1fff20c8    0x50  Data  Gb  localeconv.o [3]
_PrintfFullNoMb         0x00002de9   0x580  Code  Gb  xprintffull_nomb.o [3]
_Prout                  0x00008f7d    0x16  Code  Gb  xprout.o [3]
_PutcharsFullNoMb       0x00003b33    0x2e  Code  Lc  xprintffull_nomb.o [3]
__BOOT_STACK_ADDRESS {Abs}
                        0x2000fff8           --   Gb  command line/config [2]
__VECTOR_RAM {Abs}      0x1fff0000           --   Gb  command line/config [2]
__VECTOR_TABLE {Abs}    0x00000000           --   Gb  command line/config [2]
__aeabi_cdcmple         0x00003dcd          Code  Gb  DblCmpLe.o [4]
__aeabi_cdrcmple        0x00003dfd          Code  Gb  DblCmpGe.o [4]
__aeabi_d2f             0x00002821          Code  Gb  DblToFlt.o [4]
__aeabi_d2iz            0x00003f45          Code  Gb  DblToI32.o [4]
__aeabi_d2uiz           0x00003f71          Code  Gb  DblToI32.o [4]
__aeabi_ddiv            0x0000411d          Code  Gb  DblDiv.o [4]
__aeabi_dmul            0x0000265d          Code  Gb  DblMul.o [4]
__aeabi_dsub            0x00003f9d          Code  Gb  DblSub.o [4]
__aeabi_f2d             0x00007455          Code  Gb  FltToDbl.o [4]
__aeabi_i2d             0x0000262d          Code  Gb  I32ToDbl.o [4]
__aeabi_ldiv0           0x000043e1          Code  Gb  I64DivZer.o [5]
__aeabi_memclr4         0x000067ed          Code  Gb  ABImemclr4.o [5]
__aeabi_ui2d            0x00002641          Code  Gb  I32ToDbl.o [4]
__aeabi_uldivmod        0x00003c25          Code  Gb  I64DivMod.o [5]
__cmain                 0x00008f41          Code  Gb  cmain.o [5]
__code_start__ {Abs}    0x00000410           --   Gb  command line/config [2]
__exit                  0x00008f71          Code  Gb  XXexit.o [5]
__iar_Dnorm             0x00003d8b    0x42  Code  Gb  xdnorm.o [4]
__iar_Dscale            0x00003e2d   0x118  Code  Gb  xdscale.o [4]
__iar_Locale_lconv_init
                        0x00004365    0x3a  Code  Gb  localeconv.o [3]
__iar_Memchr            0x00003bcd          Code  Gb  memchr.o [5]
__iar_Memset4_word      0x000067f5          Code  Gb  ABImemset48.o [5]
__iar_Memset8_word      0x000067f5          Code  Gb  ABImemset48.o [5]
__iar_Stdout            0x1fff0e3c    0x40  Data  Gb  xfiles.o [3]
__iar_Strchr            0x00003b7d          Code  Gb  strchr.o [5]
__iar_d2uiz             0x00003f7d          Code  Gb  DblToI32.o [4]
__iar_dadd              0x000043e5          Code  Gb  DblAdd.o [4]
__iar_data_init3        0x00008ea1    0x28  Code  Gb  data_init.o [5]
__iar_dlib_perthread_access
                        0x000044b9     0x2  Code  Gb  xtls.o [3]
__iar_dsub              0x00003fb1          Code  Gb  DblSub.o [4]
__iar_dsubStart         0x00003fc3          Code  Gb  DblSub.o [4]
__iar_init_vfp          0x00008eed          Code  Gb  fpinit_M.o [4]
__iar_program_start     0x00008fb5          Code  Gb  cstartup_M.o [5]
__iar_ui2d              0x00002645          Code  Gb  I32ToDbl.o [4]
__iar_unaligned___aeabi_memcpy
                        0x00003d15          Code  Gb  ABImemcpy_unaligned.o [5]
__iar_unaligned___aeabi_memcpy4
                        0x00003d35          Code  Gb  ABImemcpy_unaligned.o [5]
__iar_unaligned___aeabi_memcpy8
                        0x00003d35          Code  Gb  ABImemcpy_unaligned.o [5]
__iar_zero_init3        0x000027ff    0x22  Code  Gb  zero_init3.o [5]
__low_level_init        0x00008f5b     0x4  Code  Gb  low_level_init.o [3]
__vector_table          0x00000000   0x410  Data  Gb  vectors.o [1]
_call_main              0x00008f4d          Code  Gb  cmain.o [5]
_exit                   0x00008f65          Code  Gb  cexit.o [5]
_main                   0x00008f57          Code  Gb  cmain.o [5]
abs                     0x00006241     0x8  Code  Gb  abs.o [3]
adc_init                0x000074a5   0x20e  Code  Gb  MK60_adc.o [1]
adc_once                0x000076b3    0x50  Code  Gb  MK60_adc.o [1]
adc_start               0x00007703    0x44  Code  Lc  MK60_adc.o [1]
assert_failed           0x0000298b    0x26  Code  Gb  MK60_conf.o [1]
bus_clk_khz             0x1fff2068     0x4  Data  Gb  system_MK60DZ10.o [1]
ccd_switch_flag         0x1fff0660     0x1  Data  Gb  key_int.o [1]
common_startup          0x00008a27    0x98  Code  Gb  system_MK60DZ10.o [1]
core_clk_khz            0x1fff2060     0x4  Data  Gb  system_MK60DZ10.o [1]
core_clk_mhz            0x1fff2064     0x4  Data  Gb  system_MK60DZ10.o [1]
data_to_send            0x1fff15e0    0x34  Data  Gb  Serial_oscilloscope.o [1]
default_isr             0x00002a5f    0x30  Code  Gb  MK60_conf.o [1]
div                     0x000043d1     0xe  Code  Gb  div.o [3]
exit                    0x00008f5f     0x4  Code  Gb  exit.o [3]
flash_cmd               0x1fff0e8d    0x20  Code  Gb  MK60_flash.o [1]
flash_erase_sector      0x1fff0ed1    0x5c  Code  Gb  MK60_flash.o [1]
flash_init              0x1fff0ead    0x24  Code  Gb  MK60_flash.o [1]
flash_write             0x1fff0f2d    0xb4  Code  Gb  MK60_flash.o [1]
fputc                   0x000029b1    0x14  Code  Gb  MK60_conf.o [1]
ftm_mod                 0x1fff10fc    0x10  Data  Lc  MK60_ftm.o [1]
ftm_pwm_duty            0x000059bb   0x122  Code  Gb  MK60_ftm.o [1]
ftm_pwm_init            0x00005809   0x1b2  Code  Gb  MK60_ftm.o [1]
ftm_quad_clean          0x00005c0f    0x28  Code  Gb  MK60_ftm.o [1]
ftm_quad_get            0x00005be3    0x2c  Code  Gb  MK60_ftm.o [1]
ftm_quad_init           0x00005add   0x106  Code  Gb  MK60_ftm.o [1]
gpio_get                0x00002da1    0x3e  Code  Gb  MK60_gpio.o [1]
gpio_init               0x00002c45    0xae  Code  Gb  MK60_gpio.o [1]
gpio_set                0x00002cf3    0x74  Code  Gb  MK60_gpio.o [1]
gpio_turn               0x00002d67    0x3a  Code  Gb  MK60_gpio.o [1]
i2c_delay               0x00005d8d    0x20  Code  Gb  MK60_i2c.o [1]
i2c_init                0x00005c51   0x13a  Code  Gb  MK60_i2c.o [1]
i2c_read_reg            0x00005dad   0x2d4  Code  Gb  MK60_i2c.o [1]
i2c_write_reg           0x00006081   0x1a4  Code  Gb  MK60_i2c.o [1]
key_check               0x00002c15    0x2a  Code  Gb  VCAN_key.o [1]
key_get                 0x00002bfb    0x1a  Code  Gb  VCAN_key.o [1]
key_init                0x00002ba9    0x52  Code  Gb  VCAN_key.o [1]
led_init                0x00002ab1    0x3a  Code  Gb  VCAN_LED.o [1]
led_turn                0x00002aeb    0x32  Code  Gb  VCAN_LED.o [1]
localeconv              0x0000439f    0x16  Code  Gb  localeconv.o [3]
main                    0x00008b39    0xa4  Code  Gb  main.o [1]
mcg_cfg                 0x1fff0da0    0x58  Data  Gb  MK60_mcg.o [1]
mcg_div                 0x1fff0df8     0x4  Data  Gb  MK60_mcg.o [1]
mcg_div_count           0x00007ba5   0x304  Code  Gb  MK60_mcg.o [1]
memchr                  0x00003bcd          Code  Gb  memchr.o [5]
myCCD_CCD1_GetLineError
                        0x0000537d   0x2dc  Code  Gb  Calculate.o [1]
myCCD_CCD2_GetLineError
                        0x00005659     0x2  Code  Gb  Calculate.o [1]
myCCD_DataHandle        0x00005351    0x2c  Code  Gb  Calculate.o [1]
myCCD_DataInit          0x00004f29   0x16a  Code  Gb  Calculate.o [1]
myCCD_FilterAndBinarization
                        0x00005093   0x192  Code  Gb  Calculate.o [1]
myCCD_FilterAtFirst     0x000052b9    0x2e  Code  Gb  Calculate.o [1]
myCCD_GetBeginLineError
                        0x000052e7    0x6a  Code  Gb  Calculate.o [1]
myOLED_Clear            0x000083dd    0x3a  Code  Gb  OLED.o [1]
myOLED_GPIO_Init        0x00008259    0x36  Code  Gb  OLED.o [1]
myOLED_Init             0x0000828f    0xa6  Code  Gb  OLED.o [1]
myOLED_REST             0x000083c3    0x1a  Code  Gb  OLED.o [1]
myOLED_RefreshGRAM      0x00008417    0x4e  Code  Gb  OLED.o [1]
myOLED_Write_DAT        0x0000837b    0x48  Code  Gb  OLED.o [1]
myOLED_Write_REG        0x00008335    0x46  Code  Gb  OLED.o [1]
obuf                    0x1fff206c    0x50  Data  Lc  xfiles.o [3]
pit_init                0x0000894d    0x6c  Code  Gb  MK60_PIT.o [1]
pll_init                0x00007ea9    0xb2  Code  Gb  MK60_mcg.o [1]
port_init               0x000028b1    0x44  Code  Gb  MK60_port.o [1]
port_init_NoALT         0x000028f5    0x62  Code  Gb  MK60_port.o [1]
printf                  0x00002b21    0x24  Code  Gb  printf.o [3]
push                    0x00000419    0x2c  Code  Gb  Serial_oscilloscope.o [1]
putchar                 0x00008f95     0xc  Code  Gb  putchar.o [3]
set_sys_dividers        0x1fff101d    0x50  Code  Gb  MK60_mcg.o [1]
set_vector_handler      0x0000822b    0x22  Code  Gb  misc.o [1]
start                   0x000089c9    0x22  Code  Gb  system_MK60DZ10.o [1]
start_check             0x000029c5    0x9a  Code  Gb  MK60_conf.o [1]
stop_IRQProcess         0x000087bb    0x22  Code  Gb  Init.o [1]
stop_flag               0x1fff0e2c     0x1  Data  Gb  process.o [1]
strchr                  0x00003b7d          Code  Gb  strchr.o [5]
strlen                  0x00003b95          Code  Gb  strlen.o [5]
sysinit                 0x000089eb    0x3c  Code  Gb  system_MK60DZ10.o [1]
systick_delay           0x00002b45    0x36  Code  Gb  MK60_SysTick.o [1]
systick_delay_ms        0x00002b7b    0x18  Code  Gb  MK60_SysTick.o [1]
uart4_test_handler      0x00008715    0x20  Code  Gb  Init.o [1]
uart_getchar            0x00002597    0x1e  Code  Gb  MK60_uart.o [1]
uart_init               0x00002383   0x214  Code  Gb  MK60_uart.o [1]
uart_putchar            0x000025b5    0x1a  Code  Gb  MK60_uart.o [1]
uart_query              0x000025cf    0x18  Code  Gb  MK60_uart.o [1]
uart_rx_irq_en          0x000025e7    0x2a  Code  Gb  MK60_uart.o [1]
vector_str              0x1fff066c   0x708  Data  Gb  MK60_conf.o [1]
wdog_disable            0x00008af9    0x16  Code  Gb  MK60_wdog.o [1]
wdog_unlock             0x00008b0f    0x20  Code  Lc  MK60_wdog.o [1]
write_vtor              0x00008209    0x22  Code  Gb  misc.o [1]


[1] = D:\Project\SmartCar11\WesternComV4.0\Prj\Debug\Obj
[2] = command line
[3] = dl7M_tlf.a
[4] = m7M_tls.a
[5] = rt7M_tl.a

  31 780 bytes of readonly  code memory
     496 bytes of readwrite code memory
   5 154 bytes of readonly  data memory
   6 990 bytes of readwrite data memory

Errors: none
Warnings: none
