###############################################################################
#
# IAR ELF Linker V7.30.4.8167/W32 for ARM                 10/Aug/2016  19:32:07
# Copyright 2007-2014 IAR Systems AB.
#
#    Output file  =  
#        D:\Project\SmartCar11\WesternComV4.0\Prj\Debug\Exe\WesternCom.out
#    Map file     =  
#        D:\Project\SmartCar11\WesternComV4.0\Prj\Debug\List\WesternCom.map
#    Command line =  
#        D:\Project\SmartCar11\WesternComV4.0\Prj\Debug\Obj\8700_2100.o
#        D:\Project\SmartCar11\WesternComV4.0\Prj\Debug\Obj\Calculate.o
#        D:\Project\SmartCar11\WesternComV4.0\Prj\Debug\Obj\CCD.o
#        D:\Project\SmartCar11\WesternComV4.0\Prj\Debug\Obj\CH_dma.o
#        D:\Project\SmartCar11\WesternComV4.0\Prj\Debug\Obj\control.o
#        D:\Project\SmartCar11\WesternComV4.0\Prj\Debug\Obj\diskio.o
#        D:\Project\SmartCar11\WesternComV4.0\Prj\Debug\Obj\ff.o
#        D:\Project\SmartCar11\WesternComV4.0\Prj\Debug\Obj\fuzzy.o
#        D:\Project\SmartCar11\WesternComV4.0\Lib\CMSIS\iar_cortexM4l_math.a
#        D:\Project\SmartCar11\WesternComV4.0\Lib\CMSIS\iar_cortexM4lf_math.a
#        D:\Project\SmartCar11\WesternComV4.0\Prj\Debug\Obj\Init.o
#        D:\Project\SmartCar11\WesternComV4.0\Prj\Debug\Obj\key_int.o
#        D:\Project\SmartCar11\WesternComV4.0\Prj\Debug\Obj\main.o
#        D:\Project\SmartCar11\WesternComV4.0\Prj\Debug\Obj\misc.o
#        D:\Project\SmartCar11\WesternComV4.0\Prj\Debug\Obj\MK60_adc.o
#        D:\Project\SmartCar11\WesternComV4.0\Prj\Debug\Obj\MK60_can.o
#        D:\Project\SmartCar11\WesternComV4.0\Prj\Debug\Obj\MK60_conf.o
#        D:\Project\SmartCar11\WesternComV4.0\Prj\Debug\Obj\MK60_dac.o
#        D:\Project\SmartCar11\WesternComV4.0\Prj\Debug\Obj\MK60_dma.o
#        D:\Project\SmartCar11\WesternComV4.0\Prj\Debug\Obj\MK60_DWT.o
#        D:\Project\SmartCar11\WesternComV4.0\Prj\Debug\Obj\MK60_flash.o
#        D:\Project\SmartCar11\WesternComV4.0\Prj\Debug\Obj\MK60_flexbus.o
#        D:\Project\SmartCar11\WesternComV4.0\Prj\Debug\Obj\MK60_ftm.o
#        D:\Project\SmartCar11\WesternComV4.0\Prj\Debug\Obj\MK60_gpio.o
#        D:\Project\SmartCar11\WesternComV4.0\Prj\Debug\Obj\MK60_i2c.o
#        D:\Project\SmartCar11\WesternComV4.0\Prj\Debug\Obj\MK60_it.o
#        D:\Project\SmartCar11\WesternComV4.0\Prj\Debug\Obj\MK60_lptmr.o
#        D:\Project\SmartCar11\WesternComV4.0\Prj\Debug\Obj\MK60_mcg.o
#        D:\Project\SmartCar11\WesternComV4.0\Prj\Debug\Obj\MK60_PIT.o
#        D:\Project\SmartCar11\WesternComV4.0\Prj\Debug\Obj\MK60_port.o
#        D:\Project\SmartCar11\WesternComV4.0\Prj\Debug\Obj\MK60_rtc.o
#        D:\Project\SmartCar11\WesternComV4.0\Prj\Debug\Obj\MK60_sdhc.o
#        D:\Project\SmartCar11\WesternComV4.0\Prj\Debug\Obj\MK60_spi.o
#        D:\Project\SmartCar11\WesternComV4.0\Prj\Debug\Obj\MK60_SysTick.o
#        D:\Project\SmartCar11\WesternComV4.0\Prj\Debug\Obj\MK60_uart.o
#        D:\Project\SmartCar11\WesternComV4.0\Prj\Debug\Obj\MK60_usb.o
#        D:\Project\SmartCar11\WesternComV4.0\Prj\Debug\Obj\MK60_wdog.o
#        D:\Project\SmartCar11\WesternComV4.0\Prj\Debug\Obj\motor.o
#        D:\Project\SmartCar11\WesternComV4.0\Prj\Debug\Obj\OLED.o
#        D:\Project\SmartCar11\WesternComV4.0\Prj\Debug\Obj\PID.o
#        D:\Project\SmartCar11\WesternComV4.0\Prj\Debug\Obj\PIT0.o
#        D:\Project\SmartCar11\WesternComV4.0\Prj\Debug\Obj\process.o
#        D:\Project\SmartCar11\WesternComV4.0\Prj\Debug\Obj\SD.o
#        D:\Project\SmartCar11\WesternComV4.0\Prj\Debug\Obj\Serial_oscilloscope.o
#        D:\Project\SmartCar11\WesternComV4.0\Prj\Debug\Obj\startup_MK60DZ10.o
#        D:\Project\SmartCar11\WesternComV4.0\Prj\Debug\Obj\Struct.o
#        D:\Project\SmartCar11\WesternComV4.0\Prj\Debug\Obj\system_MK60DZ10.o
#        D:\Project\SmartCar11\WesternComV4.0\Prj\Debug\Obj\USB.o
#        D:\Project\SmartCar11\WesternComV4.0\Prj\Debug\Obj\USB_CDC.o
#        D:\Project\SmartCar11\WesternComV4.0\Prj\Debug\Obj\VCAN_ASCII.o
#        D:\Project\SmartCar11\WesternComV4.0\Prj\Debug\Obj\VCAN_BMP.o
#        D:\Project\SmartCar11\WesternComV4.0\Prj\Debug\Obj\VCAN_camera.o
#        D:\Project\SmartCar11\WesternComV4.0\Prj\Debug\Obj\VCAN_computer.o
#        D:\Project\SmartCar11\WesternComV4.0\Prj\Debug\Obj\vcan_img2sd.o
#        D:\Project\SmartCar11\WesternComV4.0\Prj\Debug\Obj\VCAN_key.o
#        D:\Project\SmartCar11\WesternComV4.0\Prj\Debug\Obj\VCAN_key_event.o
#        D:\Project\SmartCar11\WesternComV4.0\Prj\Debug\Obj\VCAN_LCD.o
#        D:\Project\SmartCar11\WesternComV4.0\Prj\Debug\Obj\VCAN_LCD_CH.o
#        D:\Project\SmartCar11\WesternComV4.0\Prj\Debug\Obj\VCAN_LCD_ILI9341.o
#        D:\Project\SmartCar11\WesternComV4.0\Prj\Debug\Obj\VCAN_LCD_ST7735R.o
#        D:\Project\SmartCar11\WesternComV4.0\Prj\Debug\Obj\VCAN_LCD_ST7735S.o
#        D:\Project\SmartCar11\WesternComV4.0\Prj\Debug\Obj\VCAN_LED.o
#        D:\Project\SmartCar11\WesternComV4.0\Prj\Debug\Obj\VCAN_MMA7455.o
#        D:\Project\SmartCar11\WesternComV4.0\Prj\Debug\Obj\VCAN_NRF24L0.o
#        D:\Project\SmartCar11\WesternComV4.0\Prj\Debug\Obj\VCAN_NRF24L0_MSG.o
#        D:\Project\SmartCar11\WesternComV4.0\Prj\Debug\Obj\VCAN_OV7725_Eagle.o
#        D:\Project\SmartCar11\WesternComV4.0\Prj\Debug\Obj\VCAN_OV7725_Wolf.o
#        D:\Project\SmartCar11\WesternComV4.0\Prj\Debug\Obj\VCAN_RTC_count.o
#        D:\Project\SmartCar11\WesternComV4.0\Prj\Debug\Obj\VCAN_SCCB.o
#        D:\Project\SmartCar11\WesternComV4.0\Prj\Debug\Obj\vcan_sd_app.o
#        D:\Project\SmartCar11\WesternComV4.0\Prj\Debug\Obj\Vcan_touch.o
#        D:\Project\SmartCar11\WesternComV4.0\Prj\Debug\Obj\VCAN_TSL1401.o
#        D:\Project\SmartCar11\WesternComV4.0\Prj\Debug\Obj\VCAN_UI_VAR.o
#        D:\Project\SmartCar11\WesternComV4.0\Prj\Debug\Obj\vectors.o -o
#        D:\Project\SmartCar11\WesternComV4.0\Prj\Debug\Exe\WesternCom.out
#        --map
#        D:\Project\SmartCar11\WesternComV4.0\Prj\Debug\List\WesternCom.map
#        --config "D:\Project\SmartCar11\WesternComV4.0\Prj\config
#        files\vcan_ROM_K60N1M.icf"
#        D:\Project\SmartCar11\WesternComV4.0\Prj\..\Lib\CMSIS\iar_cortexM4l_math.a
#        --entry __iar_program_start --vfe
#
###############################################################################

*******************************************************************************
*** RUNTIME MODEL ATTRIBUTES
***

CppFlavor       = *
__SystemLibrary = DLib


*******************************************************************************
*** PLACEMENT SUMMARY
***

"A1":  place at 0x00000000 { ro section .intvec };
"A2":  place at 0x00000410 { ro section .noinit };
"P1":  place in [from 0x00000000 to 0x00100000] { ro, block CodeRelocate };
"P2":  place in [from 0x1fff0410 to 0x20010000] {
          rw, block CodeRelocateRam, block CSTACK, block HEAP };

  Section              Kind        Address    Size  Object
  -------              ----        -------    ----  ------
"A1":                                        0x410
  .intvec              const    0x00000000   0x410  vectors.o [1]
                              - 0x00000410   0x410

"A2":                                          0x8
  .noinit              ro code  0x00000410     0x8  startup_MK60DZ10.o [1]
                              - 0x00000418     0x8

"P1":                                       0x8704
  .text                ro code  0x00000418   0xdee  Calculate.o [1]
  .text                ro code  0x00001206    0x22  zero_init3.o [5]
  .text                ro code  0x00001228   0x1a4  MK60_gpio.o [1]
  .text                ro code  0x000013cc    0xb0  MK60_port.o [1]
  Veneer               ro code  0x0000147c     0x8  - Linker created -
  Veneer               ro code  0x00001484     0x8  - Linker created -
  .text                ro code  0x0000148c   0x140  MK60_conf.o [1]
  .text                ro code  0x000015cc    0x70  VCAN_LED.o [1]
  .text                ro code  0x0000163c    0x24  printf.o [3]
  .text                ro code  0x00001660    0x64  MK60_SysTick.o [1]
  .text                ro code  0x000016c4   0x4d4  MK60_uart.o [1]
  .text                ro code  0x00001b98    0x9c  VCAN_key.o [1]
  .text                ro code  0x00001c34   0xd92  xprintffull_nomb.o [3]
  .text                ro code  0x000029c8    0x16  strchr.o [5]
  .text                ro code  0x000029e0    0x36  strlen.o [5]
  .text                ro code  0x00002a18    0x58  memchr.o [5]
  .text                ro code  0x00002a70    0xee  I64DivMod.o [5]
  .text                ro code  0x00002b60    0x76  ABImemcpy_unaligned.o [5]
  .text                ro code  0x00002bd6    0x42  xdnorm.o [4]
  .text                ro code  0x00002c18    0x2e  DblCmpLe.o [4]
  .text                ro code  0x00002c48    0x2e  DblCmpGe.o [4]
  .text                ro code  0x00002c78   0x118  xdscale.o [4]
  .text                ro code  0x00002d90    0x58  DblToI32.o [4]
  .text                ro code  0x00002de8    0x30  I32ToDbl.o [4]
  .text                ro code  0x00002e18   0x180  DblSub.o [4]
  .text                ro code  0x00002f98   0x1a2  DblMul.o [4]
  .text                ro code  0x0000313c   0x246  DblDiv.o [4]
  .text                ro code  0x00003384    0x6c  localeconv.o [3]
  .text                ro code  0x000033f0     0xe  div.o [3]
  .text                ro code  0x00003400     0x2  I64DivZer.o [5]
  .text                ro code  0x00003404    0xd4  DblAdd.o [4]
  .text                ro code  0x000034d8     0x2  xtls.o [3]
  .text                ro code  0x000034dc   0xdb4  Serial_oscilloscope.o [1]
  .text                ro code  0x00004290   0x368  CH_dma.o [1]
  .text                ro code  0x000045f8    0x90  DblToFlt.o [4]
  .text                ro code  0x00004688     0x6  ABImemclr4.o [5]
  .text                ro code  0x00004690    0x32  ABImemset48.o [5]
  .data_init                    0x000046c4   0xa6c  <Block>
    Initializer bytes  const    0x000046c4   0xa6c  <for .data-1>
  .text                ro code  0x00005130   0x648  process.o [1]
  .text                ro code  0x00005778   0x5f4  MK60_ftm.o [1]
  .text                ro code  0x00005d6c   0x222  CCD.o [1]
  .text                ro code  0x00005f90   0x2f0  PID.o [1]
  .text                ro code  0x00006280   0x1a0  motor.o [1]
  .text                ro code  0x00006420   0x2b8  MK60_adc.o [1]
  .text                ro code  0x000066d8   0x57c  fuzzy.o [1]
  .text                ro code  0x00006c54   0x5d4  MK60_i2c.o [1]
  .text                ro code  0x00007228     0x8  abs.o [3]
  Veneer               ro code  0x00007230     0x8  - Linker created -
  .text                ro code  0x00007238   0x3d4  MK60_mcg.o [1]
  .text                ro code  0x0000760c   0x354  8700_2100.o [1]
  .text                ro code  0x00007960   0x2b4  key_int.o [1]
  .text                ro code  0x00007c14    0x50  misc.o [1]
  .text                ro code  0x00007c64   0x218  Init.o [1]
  .text                ro code  0x00007e7c    0x54  Struct.o [1]
  .text                ro code  0x00007ed0   0x210  OLED.o [1]
  .text                ro code  0x000080e0   0x144  PIT0.o [1]
  .text                ro code  0x00008224    0x7c  MK60_PIT.o [1]
  CodeRelocate                  0x000082a0   0x1f0  <Block>
    Initializer bytes  const    0x000082a0   0x1f0  <for CodeRelocateRam-1>
  .text                ro code  0x00008490   0x130  system_MK60DZ10.o [1]
  .text                ro code  0x000085c0    0x40  MK60_wdog.o [1]
  .text                ro code  0x00008600    0xa4  main.o [1]
  .rodata              const    0x000086a4    0x80  MK60_i2c.o [1]
  .rodata              const    0x00008724    0x40  MK60_ftm.o [1]
  .rodata              const    0x00008764    0x3c  MK60_conf.o [1]
  .rodata              const    0x000087a0    0x3c  MK60_flash.o [1]
  .rodata              const    0x000087dc    0x3c  MK60_i2c.o [1]
  .rodata              const    0x00008818    0x3c  MK60_SysTick.o [1]
  .rodata              const    0x00008854    0x3c  MK60_uart.o [1]
  .rodata              const    0x00008890    0x38  misc.o [1]
  .rodata              const    0x000088c8    0x38  MK60_adc.o [1]
  .rodata              const    0x00008900    0x38  MK60_gpio.o [1]
  .rodata              const    0x00008938    0x38  MK60_PIT.o [1]
  .text                ro code  0x00008970    0x28  data_init.o [5]
  .rodata              const    0x00008998    0x24  MK60_conf.o [1]
  .text                ro code  0x000089bc    0x22  fpinit_M.o [4]
  .iar.init_table      const    0x000089e0    0x10  - Linker created -
  .rodata              const    0x000089f0    0x20  MK60_conf.o [1]
  .text                ro code  0x00008a10    0x1a  cmain.o [5]
  .text                ro code  0x00008a2a     0x4  low_level_init.o [3]
  .text                ro code  0x00008a2e     0x4  exit.o [3]
  .text                ro code  0x00008a34     0xa  cexit.o [5]
  .text                ro code  0x00008a40     0xc  XXexit.o [5]
  .text                ro code  0x00008a4c    0x16  xprout.o [3]
  .text                ro code  0x00008a64     0xc  putchar.o [3]
  .rodata              const    0x00008a70    0x14  MK60_conf.o [1]
  .text                ro code  0x00008a84     0xc  cstartup_M.o [5]
  .rodata              const    0x00008a90     0x4  CH_dma.o [1]
  .rodata              const    0x00008a94     0x0  zero_init3.o [5]
  Initializer bytes    const    0x00008a94    0x88  <for P2 s0>
                              - 0x00008b1c  0x8704

"P2":                                       0x1ad4
  .data                         0x1fff0410   0xa6c  <Block>
    .data-1                     0x1fff0410   0xa6c  <Init block>
      .data            inited   0x1fff0410     0x2  Calculate.o [1]
      .data            inited   0x1fff0414    0xc4  fuzzy.o [1]
      .data            inited   0x1fff04d8    0xc4  fuzzy.o [1]
      .data            inited   0x1fff059c    0xc4  fuzzy.o [1]
      .data            inited   0x1fff0660     0x8  MK60_adc.o [1]
      .data            inited   0x1fff0668   0x708  MK60_conf.o [1]
      .data            inited   0x1fff0d70    0x10  MK60_ftm.o [1]
      .data            inited   0x1fff0d80    0x14  MK60_gpio.o [1]
      .data            inited   0x1fff0d94     0x8  MK60_i2c.o [1]
      .data            inited   0x1fff0d9c    0x58  MK60_mcg.o [1]
      .data            inited   0x1fff0df4     0x4  MK60_mcg.o [1]
      .data            inited   0x1fff0df8    0x14  MK60_port.o [1]
      .data            inited   0x1fff0e0c    0x18  MK60_uart.o [1]
      .data            inited   0x1fff0e24     0x4  PID.o [1]
      .data            inited   0x1fff0e28     0x4  PID.o [1]
      .data            inited   0x1fff0e2c     0x1  process.o [1]
      .data            inited   0x1fff0e2d     0x1  Serial_oscilloscope.o [1]
      .data            inited   0x1fff0e30     0x8  VCAN_key.o [1]
      .data            inited   0x1fff0e38     0x4  VCAN_LED.o [1]
      .data            inited   0x1fff0e3c    0x40  xfiles.o [3]
  CodeRelocateRam               0x1fff0e7c   0x1f0  <Block>
    CodeRelocateRam-1           0x1fff0e7c   0x1f0  <Init block>
      Veneer           inited   0x1fff0e7c     0x8  - Linker created -
      Veneer           inited   0x1fff0e84     0x8  - Linker created -
      .textrw          inited   0x1fff0e8c   0x190  MK60_flash.o [1]
      .textrw          inited   0x1fff101c    0x50  MK60_mcg.o [1]
  .bss                          0x1fff106c   0xdf0  <Block>
    .bss               zero     0x1fff106c     0xc  8700_2100.o [1]
    .bss               zero     0x1fff1078    0x18  8700_2100.o [1]
    .bss               zero     0x1fff1090    0x10  8700_2100.o [1]
    .bss               zero     0x1fff10a0     0x4  8700_2100.o [1]
    .bss               zero     0x1fff10a4    0x34  fuzzy.o [1]
    .bss               zero     0x1fff10d8    0x10  MK60_ftm.o [1]
    .bss               zero     0x1fff10e8     0x4  MK60_i2c.o [1]
    .bss               zero     0x1fff10ec     0x4  motor.o [1]
    .bss               zero     0x1fff10f0     0x4  motor.o [1]
    .bss               zero     0x1fff10f4   0x400  OLED.o [1]
    .bss               zero     0x1fff14f4    0x38  PID.o [1]
    .bss               zero     0x1fff152c    0x38  PID.o [1]
    .bss               zero     0x1fff1564    0x38  PID.o [1]
    .bss               zero     0x1fff159c     0x4  process.o [1]
    .bss               zero     0x1fff15a0     0x4  process.o [1]
    .bss               zero     0x1fff15a4     0x4  process.o [1]
    .bss               zero     0x1fff15a8     0x4  process.o [1]
    .bss               zero     0x1fff15ac     0x4  process.o [1]
    .bss               zero     0x1fff15b0     0x4  process.o [1]
    .bss               zero     0x1fff15b4     0x4  process.o [1]
    .bss               zero     0x1fff15b8     0x4  process.o [1]
    .bss               zero     0x1fff15bc     0x4  process.o [1]
    .bss               zero     0x1fff15c0    0x34  Serial_oscilloscope.o [1]
    .bss               zero     0x1fff15f4    0x24  Serial_oscilloscope.o [1]
    .bss               zero     0x1fff1618    0x34  Serial_oscilloscope.o [1]
    .bss               zero     0x1fff164c    0x90  Struct.o [1]
    .bss               zero     0x1fff16dc     0x4  Struct.o [1]
    .bss               zero     0x1fff16e0     0x8  Struct.o [1]
    .bss               zero     0x1fff16e8    0x70  Struct.o [1]
    .bss               zero     0x1fff1758    0xdc  Struct.o [1]
    .bss               zero     0x1fff1834   0x2e0  Struct.o [1]
    .bss               zero     0x1fff1b14   0x2e0  Struct.o [1]
    .bss               zero     0x1fff1df4     0x4  system_MK60DZ10.o [1]
    .bss               zero     0x1fff1df8     0x4  system_MK60DZ10.o [1]
    .bss               zero     0x1fff1dfc     0x4  system_MK60DZ10.o [1]
    .bss               zero     0x1fff1e00    0x50  xfiles.o [3]
    .bss               zero     0x1fff1e50     0x2  process.o [1]
    .bss               zero     0x1fff1e52     0x1  PIT0.o [1]
    .bss               zero     0x1fff1e53     0x1  PIT0.o [1]
    .bss               zero     0x1fff1e54     0x1  PIT0.o [1]
    .bss               zero     0x1fff1e55     0x1  PIT0.o [1]
    .bss               zero     0x1fff1e56     0x1  PIT0.o [1]
    .bss               zero     0x1fff1e57     0x1  PIT0.o [1]
    .bss               zero     0x1fff1e58     0x1  PIT0.o [1]
    .bss               zero     0x1fff1e59     0x1  Serial_oscilloscope.o [1]
    .bss               zero     0x1fff1e5a     0x1  Serial_oscilloscope.o [1]
    .bss               zero     0x1fff1e5b     0x1  Serial_oscilloscope.o [1]
  P2 s0                         0x1fff1e5c    0x88  <Init block>
    __DLIB_PERTHREAD   inited   0x1fff1e5c    0x88  localeconv.o [3]
                              - 0x1fff1ee4  0x1ad4


*******************************************************************************
*** INIT TABLE
***

          Address     Size
          -------     ----
Zero (__iar_zero_init3)
    1 destination range, total size 0xdf0:
          0x1fff106c  0xdf0



*******************************************************************************
*** MODULE SUMMARY
***

    Module                 ro code  rw code  ro data  rw data
    ------                 -------  -------  -------  -------
D:\Project\SmartCar11\WesternComV4.0\Prj\Debug\Obj: [1]
    8700_2100.o                852                         56
    CCD.o                      546
    CH_dma.o                   872                 4
    Calculate.o              3 566                 2        2
    Init.o                     536
    MK60_PIT.o                 124                56
    MK60_SysTick.o             100                60
    MK60_adc.o                 696                64        8
    MK60_conf.o                320             1 948    1 800
    MK60_flash.o                        400      460
    MK60_ftm.o               1 524                80       32
    MK60_gpio.o                420                76       20
    MK60_i2c.o               1 492               196       12
    MK60_mcg.o                 980       80      172       92
    MK60_port.o                176                20       20
    MK60_uart.o              1 236                84       24
    MK60_wdog.o                 64
    OLED.o                     528                      1 024
    PID.o                      752                 8      176
    PIT0.o                     324                          7
    Serial_oscilloscope.o    3 508                 1      144
    Struct.o                    84                      1 960
    VCAN_LED.o                 112                 4        4
    VCAN_key.o                 156                10        8
    fuzzy.o                  1 404               590      640
    key_int.o                  692
    main.o                     164
    misc.o                      80                56
    motor.o                    416                          8
    process.o                1 608                 1       39
    startup_MK60DZ10.o           8
    system_MK60DZ10.o          304                         12
    vectors.o                                  1 040
    ---------------------------------------------------------
    Total:                  23 644      480    4 932    6 088

command line: [2]
    ---------------------------------------------------------
    Total:

dl7M_tlf.a: [3]
    abs.o                        8
    div.o                       14
    exit.o                       4
    localeconv.o               108               136      136
    low_level_init.o             4
    printf.o                    36
    putchar.o                   12
    xfiles.o                                      64      144
    xprintffull_nomb.o       3 474
    xprout.o                    22
    xtls.o                       2
    ---------------------------------------------------------
    Total:                   3 684               200      280

m7M_tls.a: [4]
    DblAdd.o                   212
    DblCmpGe.o                  46
    DblCmpLe.o                  46
    DblDiv.o                   582
    DblMul.o                   418
    DblSub.o                   384
    DblToFlt.o                 144
    DblToI32.o                  88
    I32ToDbl.o                  48
    fpinit_M.o                  34
    xdnorm.o                    66
    xdscale.o                  280
    ---------------------------------------------------------
    Total:                   2 348

rt7M_tl.a: [5]
    ABImemclr4.o                 6
    ABImemcpy_unaligned.o      118
    ABImemset48.o               50
    I64DivMod.o                238
    I64DivZer.o                  2
    XXexit.o                    12
    cexit.o                     10
    cmain.o                     26
    cstartup_M.o                12
    data_init.o                 40
    memchr.o                    88
    strchr.o                    22
    strlen.o                    54
    zero_init3.o                34
    ---------------------------------------------------------
    Total:                     712

    Gaps                        32                 2        4
    Linker created              24       16       32
-------------------------------------------------------------
    Grand Total:            30 444      496    5 166    6 372


*******************************************************************************
*** ENTRY LIST
***

Entry                      Address   Size  Type      Object
-----                      -------   ----  ----      ------
.bss$$Base              0x1fff106c          --   Gb  - Linker created -
.bss$$Limit             0x1fff1e5c          --   Gb  - Linker created -
.data$$Base             0x1fff0410          --   Gb  - Linker created -
.data$$Limit            0x1fff0e7c          --   Gb  - Linker created -
.data_init$$Base        0x000046c4          --   Gb  - Linker created -
.data_init$$Limit       0x00005130          --   Gb  - Linker created -
.iar.init_table$$Base   0x000089e0          --   Gb  - Linker created -
.iar.init_table$$Limit  0x000089f0          --   Gb  - Linker created -
?main                   0x00008a11         Code  Gb  cmain.o [5]
ADCN                    0x1fff0660    0x8  Data  Gb  MK60_adc.o [1]
ANO_DT_Data_Receive_Anl
                        0x000037b5  0x756  Code  Gb  Serial_oscilloscope.o [1]
ANO_DT_Data_Receive_Prepare
                        0x00003693  0x122  Code  Gb  Serial_oscilloscope.o [1]
ANO_DT_Send_Check       0x00003f0b   0x4a  Code  Lc  Serial_oscilloscope.o [1]
ANO_DT_Send_PID         0x00004113  0x120  Code  Gb  Serial_oscilloscope.o [1]
ANO_DT_Send_Speed       0x00003f55  0x1be  Code  Gb  Serial_oscilloscope.o [1]
ANO_Send_Data           0x0000367f   0x14  Code  Gb  Serial_oscilloscope.o [1]
ASSERT_FAILED_STR       0x00008998   0x24  Data  Gb  MK60_conf.o [1]
B0_Process              0x00007a21   0x46  Code  Gb  key_int.o [1]
B1_Process              0x00007a67   0x46  Code  Gb  key_int.o [1]
B2_Process              0x00007aad   0x88  Code  Gb  key_int.o [1]
B3_Process              0x00007b35   0x90  Code  Gb  key_int.o [1]
B4_Process              0x00007bc5   0x38  Code  Gb  key_int.o [1]
CCD1_ImageCapture       0x00005da9   0xaa  Code  Gb  CCD.o [1]
CCD1_info               0x1fff1834  0x2e0  Data  Gb  Struct.o [1]
CCD1_init               0x00005d6d   0x1e  Code  Gb  CCD.o [1]
CCD2_ImageCapture       0x00005e53   0xaa  Code  Gb  CCD.o [1]
CCD2_info               0x1fff1b14  0x2e0  Data  Gb  Struct.o [1]
CCD2_init               0x00005d8b   0x1e  Code  Gb  CCD.o [1]
Cal_Speed_L             0x1fff15ac    0x4  Data  Gb  process.o [1]
Cal_Speed_R             0x1fff15b0    0x4  Data  Gb  process.o [1]
Calservo                0x1fff159c    0x4  Data  Gb  process.o [1]
Car_State_Judge         0x0000559d   0x60  Code  Gb  process.o [1]
Car_state               0x1fff16dc    0x4  Data  Gb  Struct.o [1]
Car_stop                0x00005147   0x36  Code  Gb  process.o [1]
Center_Board_Value      0x1fff0410    0x2  Data  Gb  Calculate.o [1]
CodeRelocate$$Base      0x000082a0          --   Gb  - Linker created -
CodeRelocate$$Limit     0x00008490          --   Gb  - Linker created -
CodeRelocateRam$$Base   0x1fff0e7c          --   Gb  - Linker created -
CodeRelocateRam$$Limit  0x1fff106c          --   Gb  - Linker created -
DMAMUX_InstanceTable    0x00008a90    0x4  Data  Lc  CH_dma.o [1]
DMA_EnableRequest       0x000044ef    0xc  Code  Gb  CH_dma.o [1]
DMA_Init                0x00004291  0x218  Code  Gb  CH_dma.o [1]
DMA_IsMajorLoopComplete
                        0x000044fb   0x3c  Code  Gb  CH_dma.o [1]
DMA_SetMajorLoopCounter
                        0x000044a9   0x46  Code  Gb  CH_dma.o [1]
DMA_SetSourceAddress    0x00004537    0xa  Code  Gb  CH_dma.o [1]
Data_Send               0x0000350d  0x172  Code  Gb  Serial_oscilloscope.o [1]
FRD                     0x1fff0414   0xc4  Data  Gb  fuzzy.o [1]
FRP                     0x1fff04d8   0xc4  Data  Gb  fuzzy.o [1]
FR_Speed                0x1fff059c   0xc4  Data  Gb  fuzzy.o [1]
FTMN                    0x1fff0d70   0x10  Data  Gb  MK60_ftm.o [1]
FTM_port_mux            0x00005779  0x1ac  Code  Lc  MK60_ftm.o [1]
Filter_binary           0x00000825   0x94  Code  Gb  Calculate.o [1]
Fuzzy_Cal               0x00006725  0x50c  Code  Gb  fuzzy.o [1]
Fuzzy_Init              0x000066d9   0x4c  Code  Gb  fuzzy.o [1]
GPIOX                   0x1fff0d80   0x14  Data  Gb  MK60_gpio.o [1]
Gyro_data               0x1fff106c    0xc  Data  Gb  8700_2100.o [1]
Gyro_info               0x1fff1758   0xdc  Data  Gb  Struct.o [1]
Gyro_read               0x00007685   0x4c  Code  Gb  8700_2100.o [1]
I2CN                    0x1fff0d94    0x8  Data  Gb  MK60_i2c.o [1]
IIC_Count               0x1fff10e8    0x4  Data  Gb  MK60_i2c.o [1]
Imu_calculate           0x000076d1  0x268  Code  Gb  8700_2100.o [1]
Init2100                0x0000760d   0x4e  Code  Gb  8700_2100.o [1]
Init8700                0x0000765b   0x14  Code  Gb  8700_2100.o [1]
Init_PIT0               0x000080f5   0x24  Code  Gb  PIT0.o [1]
Init_PIT1               0x000081b5   0x24  Code  Gb  PIT0.o [1]
Init_PORT               0x00007975   0x42  Code  Gb  key_int.o [1]
Init_PORT_C             0x00007d59   0x4a  Code  Gb  Init.o [1]
Init_TLY                0x0000766f   0x16  Code  Gb  8700_2100.o [1]
Init_all                0x00007c79   0x8e  Code  Gb  Init.o [1]
Init_ftm_motor          0x00006281   0x4a  Code  Gb  motor.o [1]
Init_quad               0x000062cb   0x10  Code  Gb  motor.o [1]
Init_uart4              0x00007d07   0x30  Code  Gb  Init.o [1]
KEY_PTxn                0x1fff0e30    0x8  Data  Gb  VCAN_key.o [1]
K_Speed_Diff            0x1fff15b8    0x4  Data  Gb  process.o [1]
LED_PTxn                0x1fff0e38    0x4  Data  Gb  VCAN_LED.o [1]
LoadInt                 0x000021bb   0x6e  Code  Lc  xprintffull_nomb.o [3]
Menu                    0x1fff16e0    0x8  Data  Gb  Struct.o [1]
MotorSpeedOut           0x00006319   0xf4  Code  Gb  motor.o [1]
Motor_Process           0x000052a5  0x2f4  Code  Gb  process.o [1]
NVIC_DisableIRQ         0x00007c65   0x14  Code  Lc  Init.o [1]
NVIC_EnableIRQ          0x00007961   0x14  Code  Lc  key_int.o [1]
NVIC_EnableIRQ          0x000016c5   0x16  Code  Lc  MK60_uart.o [1]
NVIC_EnableIRQ          0x000080e1   0x14  Code  Lc  PIT0.o [1]
NVIC_EnableIRQ          0x00005131   0x16  Code  Lc  process.o [1]
NVIC_SystemReset        0x0000148d   0x1a  Code  Lc  MK60_conf.o [1]
OLED_GRAM               0x1fff10f4  0x400  Data  Gb  OLED.o [1]
PIT0_IRQHandler         0x00008119   0x9c  Code  Gb  PIT0.o [1]
PIT1_IRQHandler         0x000081d9   0x20  Code  Gb  PIT0.o [1]
PORTB_IRQHandler        0x000079b9   0x68  Code  Gb  key_int.o [1]
PORTC_IRQHandler        0x00007da5   0x3a  Code  Gb  Init.o [1]
PORTX                   0x1fff0df8   0x14  Data  Gb  MK60_port.o [1]
Parameter_info          0x1fff164c   0x90  Data  Gb  Struct.o [1]
PidServo                0x1fff14f4   0x38  Data  Gb  PID.o [1]
PidSpeedLeft            0x1fff152c   0x38  Data  Gb  PID.o [1]
PidSpeedRight           0x1fff1564   0x38  Data  Gb  PID.o [1]
Pid_Calculate_Servo     0x00006071  0x134  Code  Gb  PID.o [1]
Pid_Calculate_Speed     0x000061a5   0x92  Code  Gb  PID.o [1]
Pid_Init                0x00005f91   0xde  Code  Gb  PID.o [1]
Queue_Mean              0x0000114d   0x4a  Code  Gb  Calculate.o [1]
Queue_Variance          0x00001197   0x70  Code  Gb  Calculate.o [1]
Ramp_Kp                 0x1fff0e28    0x4  Data  Gb  PID.o [1]
Region$$Table$$Base     0x000089e0          --   Gb  - Linker created -
Region$$Table$$Limit    0x000089f0          --   Gb  - Linker created -
Reset_Handler           0x00000411         Code  Gb  startup_MK60DZ10.o [1]
SamplingDelay           0x00005f89    0x6  Code  Gb  CCD.o [1]
SendBuf                 0x1fff15f4   0x24  Data  Gb  Serial_oscilloscope.o [1]
SendImageData           0x00005efd   0x8a  Code  Gb  CCD.o [1]
Send_CCD_Imag           0x00005601   0x1c  Code  Gb  process.o [1]
Send_Steer_Info         0x0000561d   0xda  Code  Gb  process.o [1]
ServoFuzzy              0x1fff10a4   0x34  Data  Gb  fuzzy.o [1]
Speed_Average           0x1fff15a8    0x4  Data  Gb  process.o [1]
Speed_Expect            0x1fff0e24    0x4  Data  Gb  PID.o [1]
Speed_Expect_L          0x1fff15a0    0x4  Data  Gb  process.o [1]
Speed_Expect_R          0x1fff15a4    0x4  Data  Gb  process.o [1]
Speed_Read              0x000062db   0x3c  Code  Gb  motor.o [1]
Speed_Val1_L            0x1fff10ec    0x4  Data  Gb  motor.o [1]
Speed_Val2_R            0x1fff10f0    0x4  Data  Gb  motor.o [1]
Speed_info              0x1fff16e8   0x70  Data  Gb  Struct.o [1]
Steer_Process           0x0000517d  0x126  Code  Gb  process.o [1]
TIME0flag_100ms         0x1fff1e57    0x1  Data  Gb  PIT0.o [1]
TIME0flag_10ms          0x1fff1e53    0x1  Data  Gb  PIT0.o [1]
TIME0flag_15ms          0x1fff1e54    0x1  Data  Gb  PIT0.o [1]
TIME0flag_20ms          0x1fff1e55    0x1  Data  Gb  PIT0.o [1]
TIME0flag_25ms          0x1fff1e56    0x1  Data  Gb  PIT0.o [1]
TIME0flag_5ms           0x1fff1e52    0x1  Data  Gb  PIT0.o [1]
TimeCount               0x1fff1e58    0x1  Data  Gb  PIT0.o [1]
Time_Counter            0x1fff1e50    0x2  Data  Gb  process.o [1]
Tune_Mode               0x1fff0e2d    0x1  Data  Gb  Serial_oscilloscope.o [1]
UARTN                   0x1fff0e0c   0x18  Data  Gb  MK60_uart.o [1]
UART_DMASendConfig      0x00004541   0x6e  Code  Gb  CH_dma.o [1]
UART_ITDMAConfig        0x00001987  0x1f4  Code  Gb  MK60_uart.o [1]
UART_SendWithDMA        0x000045d1   0x28  Code  Gb  CH_dma.o [1]
_GenldFullNoMb          0x00002733  0x24c  Code  Lc  xprintffull_nomb.o [3]
_LdtobFullNoMb          0x00002331  0x3fc  Code  Lc  xprintffull_nomb.o [3]
_LitobFullNoMb          0x00002229  0x106  Code  Lc  xprintffull_nomb.o [3]
_Locale_aeabi_lconv     0x1fff1eac   0x38  Data  Gb  localeconv.o [3]
_Locale_lconv           0x1fff1e5c   0x50  Data  Gb  localeconv.o [3]
_PrintfFullNoMb         0x00001c35  0x580  Code  Gb  xprintffull_nomb.o [3]
_Prout                  0x00008a4d   0x16  Code  Gb  xprout.o [3]
_PutcharsFullNoMb       0x0000297f   0x2e  Code  Lc  xprintffull_nomb.o [3]
__BOOT_STACK_ADDRESS {Abs}
                        0x2000fff8          --   Gb  command line/config [2]
__VECTOR_RAM {Abs}      0x1fff0000          --   Gb  command line/config [2]
__VECTOR_TABLE {Abs}    0x00000000          --   Gb  command line/config [2]
__aeabi_cdcmple         0x00002c19         Code  Gb  DblCmpLe.o [4]
__aeabi_cdrcmple        0x00002c49         Code  Gb  DblCmpGe.o [4]
__aeabi_d2f             0x000045f9         Code  Gb  DblToFlt.o [4]
__aeabi_d2iz            0x00002d91         Code  Gb  DblToI32.o [4]
__aeabi_d2uiz           0x00002dbd         Code  Gb  DblToI32.o [4]
__aeabi_ddiv            0x0000313d         Code  Gb  DblDiv.o [4]
__aeabi_dmul            0x00002f99         Code  Gb  DblMul.o [4]
__aeabi_dsub            0x00002e19         Code  Gb  DblSub.o [4]
__aeabi_i2d             0x00002de9         Code  Gb  I32ToDbl.o [4]
__aeabi_ldiv0           0x00003401         Code  Gb  I64DivZer.o [5]
__aeabi_memclr4         0x00004689         Code  Gb  ABImemclr4.o [5]
__aeabi_ui2d            0x00002dfd         Code  Gb  I32ToDbl.o [4]
__aeabi_uldivmod        0x00002a71         Code  Gb  I64DivMod.o [5]
__cmain                 0x00008a11         Code  Gb  cmain.o [5]
__code_start__ {Abs}    0x00000410          --   Gb  command line/config [2]
__exit                  0x00008a41         Code  Gb  XXexit.o [5]
__iar_Dnorm             0x00002bd7   0x42  Code  Gb  xdnorm.o [4]
__iar_Dscale            0x00002c79  0x118  Code  Gb  xdscale.o [4]
__iar_Locale_lconv_init
                        0x00003385   0x3a  Code  Gb  localeconv.o [3]
__iar_Memchr            0x00002a19         Code  Gb  memchr.o [5]
__iar_Memset4_word      0x00004691         Code  Gb  ABImemset48.o [5]
__iar_Memset8_word      0x00004691         Code  Gb  ABImemset48.o [5]
__iar_Stdout            0x1fff0e3c   0x40  Data  Gb  xfiles.o [3]
__iar_Strchr            0x000029c9         Code  Gb  strchr.o [5]
__iar_d2uiz             0x00002dc9         Code  Gb  DblToI32.o [4]
__iar_dadd              0x00003405         Code  Gb  DblAdd.o [4]
__iar_data_init3        0x00008971   0x28  Code  Gb  data_init.o [5]
__iar_dlib_perthread_access
                        0x000034d9    0x2  Code  Gb  xtls.o [3]
__iar_dsub              0x00002e2d         Code  Gb  DblSub.o [4]
__iar_dsubStart         0x00002e3f         Code  Gb  DblSub.o [4]
__iar_init_vfp          0x000089bd         Code  Gb  fpinit_M.o [4]
__iar_program_start     0x00008a85         Code  Gb  cstartup_M.o [5]
__iar_ui2d              0x00002e01         Code  Gb  I32ToDbl.o [4]
__iar_unaligned___aeabi_memcpy
                        0x00002b61         Code  Gb  ABImemcpy_unaligned.o [5]
__iar_unaligned___aeabi_memcpy4
                        0x00002b81         Code  Gb  ABImemcpy_unaligned.o [5]
__iar_unaligned___aeabi_memcpy8
                        0x00002b81         Code  Gb  ABImemcpy_unaligned.o [5]
__iar_zero_init3        0x00001207   0x22  Code  Gb  zero_init3.o [5]
__low_level_init        0x00008a2b    0x4  Code  Gb  low_level_init.o [3]
__vector_table          0x00000000  0x410  Data  Gb  vectors.o [1]
_call_main              0x00008a1d         Code  Gb  cmain.o [5]
_exit                   0x00008a35         Code  Gb  cexit.o [5]
_main                   0x00008a27         Code  Gb  cmain.o [5]
abs                     0x00007229    0x8  Code  Gb  abs.o [3]
adc_init                0x00006421  0x20e  Code  Gb  MK60_adc.o [1]
adc_once                0x0000662f   0x50  Code  Gb  MK60_adc.o [1]
adc_start               0x0000667f   0x44  Code  Lc  MK60_adc.o [1]
assert_failed           0x000014a7   0x26  Code  Gb  MK60_conf.o [1]
bus_clk_khz             0x1fff1dfc    0x4  Data  Gb  system_MK60DZ10.o [1]
check_flag              0x1fff15b4    0x4  Data  Gb  process.o [1]
common_startup          0x000084ef   0x98  Code  Gb  system_MK60DZ10.o [1]
core_clk_khz            0x1fff1df4    0x4  Data  Gb  system_MK60DZ10.o [1]
core_clk_mhz            0x1fff1df8    0x4  Data  Gb  system_MK60DZ10.o [1]
data_to_send            0x1fff15c0   0x34  Data  Gb  Serial_oscilloscope.o [1]
default_isr             0x0000157b   0x30  Code  Gb  MK60_conf.o [1]
div                     0x000033f1    0xe  Code  Gb  div.o [3]
exit                    0x00008a2f    0x4  Code  Gb  exit.o [3]
flash_cmd               0x1fff0e8d   0x20  Code  Gb  MK60_flash.o [1]
flash_erase_sector      0x1fff0ed1   0x5c  Code  Gb  MK60_flash.o [1]
flash_init              0x1fff0ead   0x24  Code  Gb  MK60_flash.o [1]
flash_write             0x1fff0f2d   0xb4  Code  Gb  MK60_flash.o [1]
fputc                   0x000014cd   0x14  Code  Gb  MK60_conf.o [1]
ftm_mod                 0x1fff10d8   0x10  Data  Lc  MK60_ftm.o [1]
ftm_pwm_duty            0x00005ad7  0x122  Code  Gb  MK60_ftm.o [1]
ftm_pwm_init            0x00005925  0x1b2  Code  Gb  MK60_ftm.o [1]
ftm_quad_clean          0x00005d2b   0x28  Code  Gb  MK60_ftm.o [1]
ftm_quad_get            0x00005cff   0x2c  Code  Gb  MK60_ftm.o [1]
ftm_quad_init           0x00005bf9  0x106  Code  Gb  MK60_ftm.o [1]
gpio_get                0x00001385   0x3e  Code  Gb  MK60_gpio.o [1]
gpio_init               0x00001229   0xae  Code  Gb  MK60_gpio.o [1]
gpio_set                0x000012d7   0x74  Code  Gb  MK60_gpio.o [1]
gpio_turn               0x0000134b   0x3a  Code  Gb  MK60_gpio.o [1]
i2c_delay               0x00006d91   0x20  Code  Gb  MK60_i2c.o [1]
i2c_init                0x00006c55  0x13a  Code  Gb  MK60_i2c.o [1]
i2c_read_reg            0x00006db1  0x2b6  Code  Gb  MK60_i2c.o [1]
i2c_write_reg           0x00007067  0x1a6  Code  Gb  MK60_i2c.o [1]
key_check               0x00001c05   0x2a  Code  Gb  VCAN_key.o [1]
key_get                 0x00001beb   0x1a  Code  Gb  VCAN_key.o [1]
key_init                0x00001b99   0x52  Code  Gb  VCAN_key.o [1]
led_init                0x000015cd   0x3a  Code  Gb  VCAN_LED.o [1]
led_turn                0x00001607   0x32  Code  Gb  VCAN_LED.o [1]
localeconv              0x000033bf   0x16  Code  Gb  localeconv.o [3]
main                    0x00008601   0xa4  Code  Gb  main.o [1]
mcg_cfg                 0x1fff0d9c   0x58  Data  Gb  MK60_mcg.o [1]
mcg_div                 0x1fff0df4    0x4  Data  Gb  MK60_mcg.o [1]
mcg_div_count           0x00007239  0x304  Code  Gb  MK60_mcg.o [1]
memchr                  0x00002a19         Code  Gb  memchr.o [5]
myCCD_CCD1_GetLineError
                        0x00000ad9  0x2e8  Code  Gb  Calculate.o [1]
myCCD_CCD2_GetLineError
                        0x00000dc1  0x2ea  Code  Gb  Calculate.o [1]
myCCD_DataHandle        0x0000094d  0x180  Code  Gb  Calculate.o [1]
myCCD_DataInit          0x00000419  0x194  Code  Gb  Calculate.o [1]
myCCD_FilterAndBinarization
                        0x000005ad  0x278  Code  Gb  Calculate.o [1]
myCCD_FilterAtFirst     0x000008b9   0x2e  Code  Gb  Calculate.o [1]
myCCD_GetBeginLineError
                        0x000008e7   0x66  Code  Gb  Calculate.o [1]
myCCD_GetObstacle       0x000010ab   0xa2  Code  Gb  Calculate.o [1]
myData_Init             0x00007e7d   0x54  Code  Gb  Struct.o [1]
myOLED_Clear            0x00008055   0x3a  Code  Gb  OLED.o [1]
myOLED_GPIO_Init        0x00007ed1   0x36  Code  Gb  OLED.o [1]
myOLED_Init             0x00007f07   0xa6  Code  Gb  OLED.o [1]
myOLED_REST             0x0000803b   0x1a  Code  Gb  OLED.o [1]
myOLED_RefreshGRAM      0x0000808f   0x4e  Code  Gb  OLED.o [1]
myOLED_Write_DAT        0x00007ff3   0x48  Code  Gb  OLED.o [1]
myOLED_Write_REG        0x00007fad   0x46  Code  Gb  OLED.o [1]
obuf                    0x1fff1e00   0x50  Data  Lc  xfiles.o [3]
pit_init                0x00008225   0x6c  Code  Gb  MK60_PIT.o [1]
pll_init                0x0000753d   0xb2  Code  Gb  MK60_mcg.o [1]
port_init               0x000013cd   0x44  Code  Gb  MK60_port.o [1]
port_init_NoALT         0x00001411   0x62  Code  Gb  MK60_port.o [1]
printf                  0x0000163d   0x24  Code  Gb  printf.o [3]
push                    0x000034dd   0x30  Code  Gb  Serial_oscilloscope.o [1]
putchar                 0x00008a65    0xc  Code  Gb  putchar.o [3]
set_sys_dividers        0x1fff101d   0x50  Code  Gb  MK60_mcg.o [1]
set_vector_handler      0x00007c37   0x22  Code  Gb  misc.o [1]
start                   0x00008491   0x22  Code  Gb  system_MK60DZ10.o [1]
start_check             0x000014e1   0x9a  Code  Gb  MK60_conf.o [1]
stop_IRQProcess         0x00007ddf   0x66  Code  Gb  Init.o [1]
stop_flag               0x1fff0e2c    0x1  Data  Gb  process.o [1]
strchr                  0x000029c9         Code  Gb  strchr.o [5]
strlen                  0x000029e1         Code  Gb  strlen.o [5]
sysinit                 0x000084b3   0x3c  Code  Gb  system_MK60DZ10.o [1]
systick_delay           0x00001661   0x36  Code  Gb  MK60_SysTick.o [1]
systick_delay_ms        0x00001697   0x18  Code  Gb  MK60_SysTick.o [1]
uart4_test_handler      0x00007d39   0x20  Code  Gb  Init.o [1]
uart_getchar            0x00001903   0x22  Code  Gb  MK60_uart.o [1]
uart_init               0x000016db  0x228  Code  Gb  MK60_uart.o [1]
uart_putchar            0x00001925   0x1e  Code  Gb  MK60_uart.o [1]
uart_query              0x00001943   0x1a  Code  Gb  MK60_uart.o [1]
uart_rx_irq_en          0x0000195d   0x2a  Code  Gb  MK60_uart.o [1]
vector_str              0x1fff0668  0x708  Data  Gb  MK60_conf.o [1]
wdog_disable            0x000085c1   0x16  Code  Gb  MK60_wdog.o [1]
wdog_unlock             0x000085d7   0x20  Code  Lc  MK60_wdog.o [1]
write_vtor              0x00007c15   0x22  Code  Gb  misc.o [1]


[1] = D:\Project\SmartCar11\WesternComV4.0\Prj\Debug\Obj
[2] = command line
[3] = dl7M_tlf.a
[4] = m7M_tls.a
[5] = rt7M_tl.a

  30 444 bytes of readonly  code memory
     496 bytes of readwrite code memory
   5 166 bytes of readonly  data memory
   6 372 bytes of readwrite data memory

Errors: none
Warnings: none
