###############################################################################
#
# IAR ELF Linker V7.30.4.8167/W32 for ARM                 11/Aug/2016  17:03:47
# Copyright 2007-2014 IAR Systems AB.
#
#    Output file  =  
#        D:\Project\SmartCar11\WesternComV4.0\Prj\Debug\Exe\WesternCom.out
#    Map file     =  
#        D:\Project\SmartCar11\WesternComV4.0\Prj\Debug\List\WesternCom.map
#    Command line =  
#        D:\Project\SmartCar11\WesternComV4.0\Prj\Debug\Obj\8700_2100.o
#        D:\Project\SmartCar11\WesternComV4.0\Prj\Debug\Obj\Calculate.o
#        D:\Project\SmartCar11\WesternComV4.0\Prj\Debug\Obj\CCD.o
#        D:\Project\SmartCar11\WesternComV4.0\Prj\Debug\Obj\CH_dma.o
#        D:\Project\SmartCar11\WesternComV4.0\Prj\Debug\Obj\control.o
#        D:\Project\SmartCar11\WesternComV4.0\Prj\Debug\Obj\diskio.o
#        D:\Project\SmartCar11\WesternComV4.0\Prj\Debug\Obj\ff.o
#        D:\Project\SmartCar11\WesternComV4.0\Prj\Debug\Obj\fuzzy.o
#        D:\Project\SmartCar11\WesternComV4.0\Lib\CMSIS\iar_cortexM4l_math.a
#        D:\Project\SmartCar11\WesternComV4.0\Lib\CMSIS\iar_cortexM4lf_math.a
#        D:\Project\SmartCar11\WesternComV4.0\Prj\Debug\Obj\Init.o
#        D:\Project\SmartCar11\WesternComV4.0\Prj\Debug\Obj\key_int.o
#        D:\Project\SmartCar11\WesternComV4.0\Prj\Debug\Obj\main.o
#        D:\Project\SmartCar11\WesternComV4.0\Prj\Debug\Obj\misc.o
#        D:\Project\SmartCar11\WesternComV4.0\Prj\Debug\Obj\MK60_adc.o
#        D:\Project\SmartCar11\WesternComV4.0\Prj\Debug\Obj\MK60_can.o
#        D:\Project\SmartCar11\WesternComV4.0\Prj\Debug\Obj\MK60_conf.o
#        D:\Project\SmartCar11\WesternComV4.0\Prj\Debug\Obj\MK60_dac.o
#        D:\Project\SmartCar11\WesternComV4.0\Prj\Debug\Obj\MK60_dma.o
#        D:\Project\SmartCar11\WesternComV4.0\Prj\Debug\Obj\MK60_DWT.o
#        D:\Project\SmartCar11\WesternComV4.0\Prj\Debug\Obj\MK60_flash.o
#        D:\Project\SmartCar11\WesternComV4.0\Prj\Debug\Obj\MK60_flexbus.o
#        D:\Project\SmartCar11\WesternComV4.0\Prj\Debug\Obj\MK60_ftm.o
#        D:\Project\SmartCar11\WesternComV4.0\Prj\Debug\Obj\MK60_gpio.o
#        D:\Project\SmartCar11\WesternComV4.0\Prj\Debug\Obj\MK60_i2c.o
#        D:\Project\SmartCar11\WesternComV4.0\Prj\Debug\Obj\MK60_it.o
#        D:\Project\SmartCar11\WesternComV4.0\Prj\Debug\Obj\MK60_lptmr.o
#        D:\Project\SmartCar11\WesternComV4.0\Prj\Debug\Obj\MK60_mcg.o
#        D:\Project\SmartCar11\WesternComV4.0\Prj\Debug\Obj\MK60_PIT.o
#        D:\Project\SmartCar11\WesternComV4.0\Prj\Debug\Obj\MK60_port.o
#        D:\Project\SmartCar11\WesternComV4.0\Prj\Debug\Obj\MK60_rtc.o
#        D:\Project\SmartCar11\WesternComV4.0\Prj\Debug\Obj\MK60_sdhc.o
#        D:\Project\SmartCar11\WesternComV4.0\Prj\Debug\Obj\MK60_spi.o
#        D:\Project\SmartCar11\WesternComV4.0\Prj\Debug\Obj\MK60_SysTick.o
#        D:\Project\SmartCar11\WesternComV4.0\Prj\Debug\Obj\MK60_uart.o
#        D:\Project\SmartCar11\WesternComV4.0\Prj\Debug\Obj\MK60_usb.o
#        D:\Project\SmartCar11\WesternComV4.0\Prj\Debug\Obj\MK60_wdog.o
#        D:\Project\SmartCar11\WesternComV4.0\Prj\Debug\Obj\motor.o
#        D:\Project\SmartCar11\WesternComV4.0\Prj\Debug\Obj\OLED.o
#        D:\Project\SmartCar11\WesternComV4.0\Prj\Debug\Obj\PID.o
#        D:\Project\SmartCar11\WesternComV4.0\Prj\Debug\Obj\PIT0.o
#        D:\Project\SmartCar11\WesternComV4.0\Prj\Debug\Obj\process.o
#        D:\Project\SmartCar11\WesternComV4.0\Prj\Debug\Obj\SD.o
#        D:\Project\SmartCar11\WesternComV4.0\Prj\Debug\Obj\Serial_oscilloscope.o
#        D:\Project\SmartCar11\WesternComV4.0\Prj\Debug\Obj\startup_MK60DZ10.o
#        D:\Project\SmartCar11\WesternComV4.0\Prj\Debug\Obj\Struct.o
#        D:\Project\SmartCar11\WesternComV4.0\Prj\Debug\Obj\system_MK60DZ10.o
#        D:\Project\SmartCar11\WesternComV4.0\Prj\Debug\Obj\USB.o
#        D:\Project\SmartCar11\WesternComV4.0\Prj\Debug\Obj\USB_CDC.o
#        D:\Project\SmartCar11\WesternComV4.0\Prj\Debug\Obj\VCAN_ASCII.o
#        D:\Project\SmartCar11\WesternComV4.0\Prj\Debug\Obj\VCAN_BMP.o
#        D:\Project\SmartCar11\WesternComV4.0\Prj\Debug\Obj\VCAN_camera.o
#        D:\Project\SmartCar11\WesternComV4.0\Prj\Debug\Obj\VCAN_computer.o
#        D:\Project\SmartCar11\WesternComV4.0\Prj\Debug\Obj\vcan_img2sd.o
#        D:\Project\SmartCar11\WesternComV4.0\Prj\Debug\Obj\VCAN_key.o
#        D:\Project\SmartCar11\WesternComV4.0\Prj\Debug\Obj\VCAN_key_event.o
#        D:\Project\SmartCar11\WesternComV4.0\Prj\Debug\Obj\VCAN_LCD.o
#        D:\Project\SmartCar11\WesternComV4.0\Prj\Debug\Obj\VCAN_LCD_CH.o
#        D:\Project\SmartCar11\WesternComV4.0\Prj\Debug\Obj\VCAN_LCD_ILI9341.o
#        D:\Project\SmartCar11\WesternComV4.0\Prj\Debug\Obj\VCAN_LCD_ST7735R.o
#        D:\Project\SmartCar11\WesternComV4.0\Prj\Debug\Obj\VCAN_LCD_ST7735S.o
#        D:\Project\SmartCar11\WesternComV4.0\Prj\Debug\Obj\VCAN_LED.o
#        D:\Project\SmartCar11\WesternComV4.0\Prj\Debug\Obj\VCAN_MMA7455.o
#        D:\Project\SmartCar11\WesternComV4.0\Prj\Debug\Obj\VCAN_NRF24L0.o
#        D:\Project\SmartCar11\WesternComV4.0\Prj\Debug\Obj\VCAN_NRF24L0_MSG.o
#        D:\Project\SmartCar11\WesternComV4.0\Prj\Debug\Obj\VCAN_OV7725_Eagle.o
#        D:\Project\SmartCar11\WesternComV4.0\Prj\Debug\Obj\VCAN_OV7725_Wolf.o
#        D:\Project\SmartCar11\WesternComV4.0\Prj\Debug\Obj\VCAN_RTC_count.o
#        D:\Project\SmartCar11\WesternComV4.0\Prj\Debug\Obj\VCAN_SCCB.o
#        D:\Project\SmartCar11\WesternComV4.0\Prj\Debug\Obj\vcan_sd_app.o
#        D:\Project\SmartCar11\WesternComV4.0\Prj\Debug\Obj\Vcan_touch.o
#        D:\Project\SmartCar11\WesternComV4.0\Prj\Debug\Obj\VCAN_TSL1401.o
#        D:\Project\SmartCar11\WesternComV4.0\Prj\Debug\Obj\VCAN_UI_VAR.o
#        D:\Project\SmartCar11\WesternComV4.0\Prj\Debug\Obj\vectors.o -o
#        D:\Project\SmartCar11\WesternComV4.0\Prj\Debug\Exe\WesternCom.out
#        --map
#        D:\Project\SmartCar11\WesternComV4.0\Prj\Debug\List\WesternCom.map
#        --config "D:\Project\SmartCar11\WesternComV4.0\Prj\config
#        files\vcan_ROM_K60N1M.icf"
#        D:\Project\SmartCar11\WesternComV4.0\Prj\..\Lib\CMSIS\iar_cortexM4l_math.a
#        --entry __iar_program_start --vfe
#
###############################################################################

*******************************************************************************
*** RUNTIME MODEL ATTRIBUTES
***

CppFlavor       = *
__SystemLibrary = DLib


*******************************************************************************
*** PLACEMENT SUMMARY
***

"A1":  place at 0x00000000 { ro section .intvec };
"A2":  place at 0x00000410 { ro section .noinit };
"P1":  place in [from 0x00000000 to 0x00100000] { ro, block CodeRelocate };
"P2":  place in [from 0x1fff0410 to 0x20010000] {
          rw, block CodeRelocateRam, block CSTACK, block HEAP };

  Section              Kind        Address    Size  Object
  -------              ----        -------    ----  ------
"A1":                                        0x410
  .intvec              const    0x00000000   0x410  vectors.o [1]
                              - 0x00000410   0x410

"A2":                                          0x8
  .noinit              ro code  0x00000410     0x8  startup_MK60DZ10.o [1]
                              - 0x00000418     0x8

"P1":                                       0x8b48
  .text                ro code  0x00000418   0xe48  Calculate.o [1]
  .text                ro code  0x00001260   0x1a4  MK60_gpio.o [1]
  .text                ro code  0x00001404    0xb0  MK60_port.o [1]
  Veneer               ro code  0x000014b4     0x8  - Linker created -
  Veneer               ro code  0x000014bc     0x8  - Linker created -
  .text                ro code  0x000014c4   0x140  MK60_conf.o [1]
  .text                ro code  0x00001604    0x70  VCAN_LED.o [1]
  .text                ro code  0x00001674    0x24  printf.o [3]
  .text                ro code  0x00001698    0x64  MK60_SysTick.o [1]
  .text                ro code  0x000016fc   0x4d4  MK60_uart.o [1]
  .text                ro code  0x00001bd0    0x9c  VCAN_key.o [1]
  .text                ro code  0x00001c6c   0xd92  xprintffull_nomb.o [3]
  .text                ro code  0x000029fe    0x22  zero_init3.o [5]
  .text                ro code  0x00002a20    0x16  strchr.o [5]
  .text                ro code  0x00002a38    0x36  strlen.o [5]
  .text                ro code  0x00002a70    0x58  memchr.o [5]
  .text                ro code  0x00002ac8    0xee  I64DivMod.o [5]
  .text                ro code  0x00002bb8    0x76  ABImemcpy_unaligned.o [5]
  .text                ro code  0x00002c2e    0x42  xdnorm.o [4]
  .text                ro code  0x00002c70    0x2e  DblCmpLe.o [4]
  .text                ro code  0x00002ca0    0x2e  DblCmpGe.o [4]
  .text                ro code  0x00002cd0   0x118  xdscale.o [4]
  .text                ro code  0x00002de8    0x58  DblToI32.o [4]
  .text                ro code  0x00002e40    0x30  I32ToDbl.o [4]
  .text                ro code  0x00002e70   0x180  DblSub.o [4]
  .text                ro code  0x00002ff0   0x1a2  DblMul.o [4]
  .text                ro code  0x00003194   0x246  DblDiv.o [4]
  .text                ro code  0x000033dc    0x6c  localeconv.o [3]
  .text                ro code  0x00003448     0xe  div.o [3]
  .text                ro code  0x00003458     0x2  I64DivZer.o [5]
  .text                ro code  0x0000345c    0xd4  DblAdd.o [4]
  .text                ro code  0x00003530     0x2  xtls.o [3]
  .text                ro code  0x00003534   0xd7c  Serial_oscilloscope.o [1]
  .text                ro code  0x000042b0   0x368  CH_dma.o [1]
  .text                ro code  0x00004618    0x90  DblToFlt.o [4]
  .text                ro code  0x000046a8     0x6  ABImemclr4.o [5]
  .text                ro code  0x000046b0    0x32  ABImemset48.o [5]
  .data_init                    0x000046e4   0xa6c  <Block>
    Initializer bytes  const    0x000046e4   0xa6c  <for .data-1>
  .text                ro code  0x00005150   0x6b0  process.o [1]
  .text                ro code  0x00005800   0x5f4  MK60_ftm.o [1]
  .text                ro code  0x00005df4   0x222  CCD.o [1]
  .text                ro code  0x00006018   0x350  control.o [1]
  .text                ro code  0x00006368   0x2f0  PID.o [1]
  .text                ro code  0x00006658   0x1a0  motor.o [1]
  .text                ro code  0x000067f8   0x2b8  MK60_adc.o [1]
  .text                ro code  0x00006ab0   0x57c  fuzzy.o [1]
  .text                ro code  0x0000702c   0x5d4  MK60_i2c.o [1]
  .text                ro code  0x00007600     0x8  abs.o [3]
  Veneer               ro code  0x00007608     0x8  - Linker created -
  .text                ro code  0x00007610   0x3d4  MK60_mcg.o [1]
  .text                ro code  0x000079e4   0x354  8700_2100.o [1]
  .text                ro code  0x00007d38   0x2b4  key_int.o [1]
  .text                ro code  0x00007fec    0x50  misc.o [1]
  .text                ro code  0x0000803c   0x244  Init.o [1]
  .text                ro code  0x00008280    0x98  Struct.o [1]
  .text                ro code  0x00008318   0x210  OLED.o [1]
  .text                ro code  0x00008528   0x144  PIT0.o [1]
  .text                ro code  0x0000866c    0x7c  MK60_PIT.o [1]
  CodeRelocate                  0x000086e8   0x1f0  <Block>
    Initializer bytes  const    0x000086e8   0x1f0  <for CodeRelocateRam-1>
  .text                ro code  0x000088d8   0x130  system_MK60DZ10.o [1]
  .text                ro code  0x00008a08    0x40  MK60_wdog.o [1]
  .text                ro code  0x00008a48    0xa0  main.o [1]
  .rodata              const    0x00008ae8    0x80  MK60_i2c.o [1]
  .rodata              const    0x00008b68    0x40  MK60_ftm.o [1]
  .rodata              const    0x00008ba8    0x3c  MK60_conf.o [1]
  .rodata              const    0x00008be4    0x3c  MK60_flash.o [1]
  .rodata              const    0x00008c20    0x3c  MK60_i2c.o [1]
  .rodata              const    0x00008c5c    0x3c  MK60_SysTick.o [1]
  .rodata              const    0x00008c98    0x3c  MK60_uart.o [1]
  .rodata              const    0x00008cd4    0x38  misc.o [1]
  .rodata              const    0x00008d0c    0x38  MK60_adc.o [1]
  .rodata              const    0x00008d44    0x38  MK60_gpio.o [1]
  .rodata              const    0x00008d7c    0x38  MK60_PIT.o [1]
  .text                ro code  0x00008db4    0x28  data_init.o [5]
  .rodata              const    0x00008ddc    0x24  MK60_conf.o [1]
  .text                ro code  0x00008e00    0x22  fpinit_M.o [4]
  .iar.init_table      const    0x00008e24    0x10  - Linker created -
  .rodata              const    0x00008e34    0x20  MK60_conf.o [1]
  .text                ro code  0x00008e54    0x1a  cmain.o [5]
  .text                ro code  0x00008e6e     0x4  low_level_init.o [3]
  .text                ro code  0x00008e72     0x4  exit.o [3]
  .text                ro code  0x00008e78     0xa  cexit.o [5]
  .text                ro code  0x00008e84     0xc  XXexit.o [5]
  .text                ro code  0x00008e90    0x16  xprout.o [3]
  .text                ro code  0x00008ea8     0xc  putchar.o [3]
  .rodata              const    0x00008eb4    0x14  MK60_conf.o [1]
  .text                ro code  0x00008ec8     0xc  cstartup_M.o [5]
  .rodata              const    0x00008ed4     0x4  CH_dma.o [1]
  .rodata              const    0x00008ed8     0x0  zero_init3.o [5]
  Initializer bytes    const    0x00008ed8    0x88  <for P2 s0>
                              - 0x00008f60  0x8b48

"P2":                                       0x1af4
  .data                         0x1fff0410   0xa6c  <Block>
    .data-1                     0x1fff0410   0xa6c  <Init block>
      .data            inited   0x1fff0410     0x2  Calculate.o [1]
      .data            inited   0x1fff0414    0xc4  fuzzy.o [1]
      .data            inited   0x1fff04d8    0xc4  fuzzy.o [1]
      .data            inited   0x1fff059c    0xc4  fuzzy.o [1]
      .data            inited   0x1fff0660     0x8  MK60_adc.o [1]
      .data            inited   0x1fff0668   0x708  MK60_conf.o [1]
      .data            inited   0x1fff0d70    0x10  MK60_ftm.o [1]
      .data            inited   0x1fff0d80    0x14  MK60_gpio.o [1]
      .data            inited   0x1fff0d94     0x8  MK60_i2c.o [1]
      .data            inited   0x1fff0d9c    0x58  MK60_mcg.o [1]
      .data            inited   0x1fff0df4     0x4  MK60_mcg.o [1]
      .data            inited   0x1fff0df8    0x14  MK60_port.o [1]
      .data            inited   0x1fff0e0c    0x18  MK60_uart.o [1]
      .data            inited   0x1fff0e24     0x4  PID.o [1]
      .data            inited   0x1fff0e28     0x4  PID.o [1]
      .data            inited   0x1fff0e2c     0x1  process.o [1]
      .data            inited   0x1fff0e2d     0x1  Serial_oscilloscope.o [1]
      .data            inited   0x1fff0e30     0x8  VCAN_key.o [1]
      .data            inited   0x1fff0e38     0x4  VCAN_LED.o [1]
      .data            inited   0x1fff0e3c    0x40  xfiles.o [3]
  CodeRelocateRam               0x1fff0e7c   0x1f0  <Block>
    CodeRelocateRam-1           0x1fff0e7c   0x1f0  <Init block>
      Veneer           inited   0x1fff0e7c     0x8  - Linker created -
      Veneer           inited   0x1fff0e84     0x8  - Linker created -
      .textrw          inited   0x1fff0e8c   0x190  MK60_flash.o [1]
      .textrw          inited   0x1fff101c    0x50  MK60_mcg.o [1]
  .bss                          0x1fff106c   0xe10  <Block>
    .bss               zero     0x1fff106c     0xc  8700_2100.o [1]
    .bss               zero     0x1fff1078    0x18  8700_2100.o [1]
    .bss               zero     0x1fff1090    0x10  8700_2100.o [1]
    .bss               zero     0x1fff10a0     0x4  8700_2100.o [1]
    .bss               zero     0x1fff10a4    0x34  fuzzy.o [1]
    .bss               zero     0x1fff10d8    0x10  MK60_ftm.o [1]
    .bss               zero     0x1fff10e8     0x4  MK60_i2c.o [1]
    .bss               zero     0x1fff10ec     0x4  motor.o [1]
    .bss               zero     0x1fff10f0     0x4  motor.o [1]
    .bss               zero     0x1fff10f4   0x400  OLED.o [1]
    .bss               zero     0x1fff14f4    0x38  PID.o [1]
    .bss               zero     0x1fff152c    0x38  PID.o [1]
    .bss               zero     0x1fff1564    0x38  PID.o [1]
    .bss               zero     0x1fff159c     0x4  process.o [1]
    .bss               zero     0x1fff15a0     0x4  process.o [1]
    .bss               zero     0x1fff15a4     0x4  process.o [1]
    .bss               zero     0x1fff15a8     0x4  process.o [1]
    .bss               zero     0x1fff15ac     0x4  process.o [1]
    .bss               zero     0x1fff15b0     0x4  process.o [1]
    .bss               zero     0x1fff15b4     0x4  process.o [1]
    .bss               zero     0x1fff15b8     0x4  process.o [1]
    .bss               zero     0x1fff15bc    0x34  Serial_oscilloscope.o [1]
    .bss               zero     0x1fff15f0    0x24  Serial_oscilloscope.o [1]
    .bss               zero     0x1fff1614    0x34  Serial_oscilloscope.o [1]
    .bss               zero     0x1fff1648    0x90  Struct.o [1]
    .bss               zero     0x1fff16d8     0x4  Struct.o [1]
    .bss               zero     0x1fff16dc     0x8  Struct.o [1]
    .bss               zero     0x1fff16e4    0x70  Struct.o [1]
    .bss               zero     0x1fff1754    0xdc  Struct.o [1]
    .bss               zero     0x1fff1830   0x2f0  Struct.o [1]
    .bss               zero     0x1fff1b20   0x2f0  Struct.o [1]
    .bss               zero     0x1fff1e10     0x4  system_MK60DZ10.o [1]
    .bss               zero     0x1fff1e14     0x4  system_MK60DZ10.o [1]
    .bss               zero     0x1fff1e18     0x4  system_MK60DZ10.o [1]
    .bss               zero     0x1fff1e1c    0x50  xfiles.o [3]
    .bss               zero     0x1fff1e6c     0x2  process.o [1]
    .bss               zero     0x1fff1e6e     0x1  PIT0.o [1]
    .bss               zero     0x1fff1e6f     0x1  PIT0.o [1]
    .bss               zero     0x1fff1e70     0x1  PIT0.o [1]
    .bss               zero     0x1fff1e71     0x1  PIT0.o [1]
    .bss               zero     0x1fff1e72     0x1  PIT0.o [1]
    .bss               zero     0x1fff1e73     0x1  PIT0.o [1]
    .bss               zero     0x1fff1e74     0x1  PIT0.o [1]
    .bss               zero     0x1fff1e75     0x1  process.o [1]
    .bss               zero     0x1fff1e76     0x1  Serial_oscilloscope.o [1]
    .bss               zero     0x1fff1e77     0x1  Serial_oscilloscope.o [1]
    .bss               zero     0x1fff1e78     0x1  Serial_oscilloscope.o [1]
  P2 s0                         0x1fff1e7c    0x88  <Init block>
    __DLIB_PERTHREAD   inited   0x1fff1e7c    0x88  localeconv.o [3]
                              - 0x1fff1f04  0x1af4


*******************************************************************************
*** INIT TABLE
***

          Address     Size
          -------     ----
Zero (__iar_zero_init3)
    1 destination range, total size 0xe0d:
          0x1fff106c  0xe0d



*******************************************************************************
*** MODULE SUMMARY
***

    Module                 ro code  rw code  ro data  rw data
    ------                 -------  -------  -------  -------
D:\Project\SmartCar11\WesternComV4.0\Prj\Debug\Obj: [1]
    8700_2100.o                852                         56
    CCD.o                      546
    CH_dma.o                   872                 4
    Calculate.o              3 656                 2        2
    Init.o                     580
    MK60_PIT.o                 124                56
    MK60_SysTick.o             100                60
    MK60_adc.o                 696                64        8
    MK60_conf.o                320             1 948    1 800
    MK60_flash.o                        400      460
    MK60_ftm.o               1 524                80       32
    MK60_gpio.o                420                76       20
    MK60_i2c.o               1 492               196       12
    MK60_mcg.o                 980       80      172       92
    MK60_port.o                176                20       20
    MK60_uart.o              1 236                84       24
    MK60_wdog.o                 64
    OLED.o                     528                      1 024
    PID.o                      752                 8      176
    PIT0.o                     324                          7
    Serial_oscilloscope.o    3 452                 1      144
    Struct.o                   152                      1 992
    VCAN_LED.o                 112                 4        4
    VCAN_key.o                 156                10        8
    control.o                  848
    fuzzy.o                  1 404               590      640
    key_int.o                  692
    main.o                     160
    misc.o                      80                56
    motor.o                    416                          8
    process.o                1 712                 1       36
    startup_MK60DZ10.o           8
    system_MK60DZ10.o          304                         12
    vectors.o                                  1 040
    ---------------------------------------------------------
    Total:                  24 738      480    4 932    6 117

command line: [2]
    ---------------------------------------------------------
    Total:

dl7M_tlf.a: [3]
    abs.o                        8
    div.o                       14
    exit.o                       4
    localeconv.o               108               136      136
    low_level_init.o             4
    printf.o                    36
    putchar.o                   12
    xfiles.o                                      64      144
    xprintffull_nomb.o       3 474
    xprout.o                    22
    xtls.o                       2
    ---------------------------------------------------------
    Total:                   3 684               200      280

m7M_tls.a: [4]
    DblAdd.o                   212
    DblCmpGe.o                  46
    DblCmpLe.o                  46
    DblDiv.o                   582
    DblMul.o                   418
    DblSub.o                   384
    DblToFlt.o                 144
    DblToI32.o                  88
    I32ToDbl.o                  48
    fpinit_M.o                  34
    xdnorm.o                    66
    xdscale.o                  280
    ---------------------------------------------------------
    Total:                   2 348

rt7M_tl.a: [5]
    ABImemclr4.o                 6
    ABImemcpy_unaligned.o      118
    ABImemset48.o               50
    I64DivMod.o                238
    I64DivZer.o                  2
    XXexit.o                    12
    cexit.o                     10
    cmain.o                     26
    cstartup_M.o                12
    data_init.o                 40
    memchr.o                    88
    strchr.o                    22
    strlen.o                    54
    zero_init3.o                34
    ---------------------------------------------------------
    Total:                     712

    Gaps                        30                 2        4
    Linker created              24       16       32
-------------------------------------------------------------
    Grand Total:            31 536      496    5 166    6 401


*******************************************************************************
*** ENTRY LIST
***

Entry                      Address   Size  Type      Object
-----                      -------   ----  ----      ------
.bss$$Base              0x1fff106c          --   Gb  - Linker created -
.bss$$Limit             0x1fff1e7c          --   Gb  - Linker created -
.data$$Base             0x1fff0410          --   Gb  - Linker created -
.data$$Limit            0x1fff0e7c          --   Gb  - Linker created -
.data_init$$Base        0x000046e4          --   Gb  - Linker created -
.data_init$$Limit       0x00005150          --   Gb  - Linker created -
.iar.init_table$$Base   0x00008e24          --   Gb  - Linker created -
.iar.init_table$$Limit  0x00008e34          --   Gb  - Linker created -
?main                   0x00008e55         Code  Gb  cmain.o [5]
ADCN                    0x1fff0660    0x8  Data  Gb  MK60_adc.o [1]
ANO_DT_Data_Receive_Anl
                        0x0000380d  0x6ce  Code  Gb  Serial_oscilloscope.o [1]
ANO_DT_Data_Receive_Prepare
                        0x000036eb  0x122  Code  Gb  Serial_oscilloscope.o [1]
ANO_DT_Send_Check       0x00003edb   0x58  Code  Lc  Serial_oscilloscope.o [1]
ANO_DT_Send_PID         0x00003f35  0x1e8  Code  Gb  Serial_oscilloscope.o [1]
ANO_DT_Send_Speed       0x00004121  0x138  Code  Gb  Serial_oscilloscope.o [1]
ANO_Send_Data           0x000036d7   0x14  Code  Gb  Serial_oscilloscope.o [1]
ASSERT_FAILED_STR       0x00008ddc   0x24  Data  Gb  MK60_conf.o [1]
B0_Process              0x00007df9   0x46  Code  Gb  key_int.o [1]
B1_Process              0x00007e3f   0x46  Code  Gb  key_int.o [1]
B2_Process              0x00007e85   0x88  Code  Gb  key_int.o [1]
B3_Process              0x00007f0d   0x90  Code  Gb  key_int.o [1]
B4_Process              0x00007f9d   0x38  Code  Gb  key_int.o [1]
CCD1_ImageCapture       0x00005e31   0xaa  Code  Gb  CCD.o [1]
CCD1_info               0x1fff1830  0x2f0  Data  Gb  Struct.o [1]
CCD1_init               0x00005df5   0x1e  Code  Gb  CCD.o [1]
CCD2_ImageCapture       0x00005edb   0xaa  Code  Gb  CCD.o [1]
CCD2_info               0x1fff1b20  0x2f0  Data  Gb  Struct.o [1]
CCD2_init               0x00005e13   0x1e  Code  Gb  CCD.o [1]
Cal_Speed_L             0x1fff15ac    0x4  Data  Gb  process.o [1]
Cal_Speed_R             0x1fff15b0    0x4  Data  Gb  process.o [1]
Calservo                0x1fff159c    0x4  Data  Gb  process.o [1]
Car_state               0x1fff16d8    0x4  Data  Gb  Struct.o [1]
Car_stop                0x00005167   0x36  Code  Gb  process.o [1]
Center_Board_Value      0x1fff0410    0x2  Data  Gb  Calculate.o [1]
CodeRelocate$$Base      0x000086e8          --   Gb  - Linker created -
CodeRelocate$$Limit     0x000088d8          --   Gb  - Linker created -
CodeRelocateRam$$Base   0x1fff0e7c          --   Gb  - Linker created -
CodeRelocateRam$$Limit  0x1fff106c          --   Gb  - Linker created -
DMAMUX_InstanceTable    0x00008ed4    0x4  Data  Lc  CH_dma.o [1]
DMA_EnableRequest       0x0000450f    0xc  Code  Gb  CH_dma.o [1]
DMA_Init                0x000042b1  0x218  Code  Gb  CH_dma.o [1]
DMA_IsMajorLoopComplete
                        0x0000451b   0x3c  Code  Gb  CH_dma.o [1]
DMA_SetMajorLoopCounter
                        0x000044c9   0x46  Code  Gb  CH_dma.o [1]
DMA_SetSourceAddress    0x00004557    0xa  Code  Gb  CH_dma.o [1]
Data_Send               0x00003565  0x172  Code  Gb  Serial_oscilloscope.o [1]
FRD                     0x1fff0414   0xc4  Data  Gb  fuzzy.o [1]
FRP                     0x1fff04d8   0xc4  Data  Gb  fuzzy.o [1]
FR_Speed                0x1fff059c   0xc4  Data  Gb  fuzzy.o [1]
FTMN                    0x1fff0d70   0x10  Data  Gb  MK60_ftm.o [1]
FTM_port_mux            0x00005801  0x1ac  Code  Lc  MK60_ftm.o [1]
Filter_binary           0x00000825   0x94  Code  Gb  Calculate.o [1]
Fuzzy_Cal               0x00006afd  0x50c  Code  Gb  fuzzy.o [1]
Fuzzy_Init              0x00006ab1   0x4c  Code  Gb  fuzzy.o [1]
GPIOX                   0x1fff0d80   0x14  Data  Gb  MK60_gpio.o [1]
Gyro_data               0x1fff106c    0xc  Data  Gb  8700_2100.o [1]
Gyro_info               0x1fff1754   0xdc  Data  Gb  Struct.o [1]
Gyro_read               0x00007a5d   0x4c  Code  Gb  8700_2100.o [1]
I2CN                    0x1fff0d94    0x8  Data  Gb  MK60_i2c.o [1]
IIC_Count               0x1fff10e8    0x4  Data  Gb  MK60_i2c.o [1]
Imu_calculate           0x00007aa9  0x268  Code  Gb  8700_2100.o [1]
Init2100                0x000079e5   0x4e  Code  Gb  8700_2100.o [1]
Init8700                0x00007a33   0x14  Code  Gb  8700_2100.o [1]
Init_PIT0               0x0000853d   0x24  Code  Gb  PIT0.o [1]
Init_PIT1               0x000085fd   0x24  Code  Gb  PIT0.o [1]
Init_PORT               0x00007d4d   0x42  Code  Gb  key_int.o [1]
Init_PORT_C             0x00008131   0x4a  Code  Gb  Init.o [1]
Init_TLY                0x00007a47   0x16  Code  Gb  8700_2100.o [1]
Init_all                0x00008051   0x8e  Code  Gb  Init.o [1]
Init_ftm_motor          0x00006659   0x4a  Code  Gb  motor.o [1]
Init_quad               0x000066a3   0x10  Code  Gb  motor.o [1]
Init_uart4              0x000080df   0x30  Code  Gb  Init.o [1]
KEY_PTxn                0x1fff0e30    0x8  Data  Gb  VCAN_key.o [1]
K_Speed_Diff            0x1fff15b8    0x4  Data  Gb  process.o [1]
LED_PTxn                0x1fff0e38    0x4  Data  Gb  VCAN_LED.o [1]
LoadInt                 0x000021f3   0x6e  Code  Lc  xprintffull_nomb.o [3]
Menu                    0x1fff16dc    0x8  Data  Gb  Struct.o [1]
MotorSpeedOut           0x000066f1   0xf4  Code  Gb  motor.o [1]
Motor_Process           0x000052d1  0x2f8  Code  Gb  process.o [1]
NVIC_DisableIRQ         0x0000803d   0x14  Code  Lc  Init.o [1]
NVIC_EnableIRQ          0x00007d39   0x14  Code  Lc  key_int.o [1]
NVIC_EnableIRQ          0x000016fd   0x16  Code  Lc  MK60_uart.o [1]
NVIC_EnableIRQ          0x00008529   0x14  Code  Lc  PIT0.o [1]
NVIC_EnableIRQ          0x00005151   0x16  Code  Lc  process.o [1]
NVIC_SystemReset        0x000014c5   0x1a  Code  Lc  MK60_conf.o [1]
OLED_GRAM               0x1fff10f4  0x400  Data  Gb  OLED.o [1]
PIT0_IRQHandler         0x00008561   0x9c  Code  Gb  PIT0.o [1]
PIT1_IRQHandler         0x00008621   0x20  Code  Gb  PIT0.o [1]
PORTB_IRQHandler        0x00007d91   0x68  Code  Gb  key_int.o [1]
PORTC_IRQHandler        0x0000817d   0x3a  Code  Gb  Init.o [1]
PORTX                   0x1fff0df8   0x14  Data  Gb  MK60_port.o [1]
Parameter_info          0x1fff1648   0x90  Data  Gb  Struct.o [1]
PidServo                0x1fff14f4   0x38  Data  Gb  PID.o [1]
PidSpeedLeft            0x1fff152c   0x38  Data  Gb  PID.o [1]
PidSpeedRight           0x1fff1564   0x38  Data  Gb  PID.o [1]
Pid_Calculate_Servo     0x00006449  0x134  Code  Gb  PID.o [1]
Pid_Calculate_Speed     0x0000657d   0x92  Code  Gb  PID.o [1]
Pid_Init                0x00006369   0xde  Code  Gb  PID.o [1]
Queue_Mean              0x00001155   0x9c  Code  Gb  Calculate.o [1]
Queue_Variance          0x000011f1   0x70  Code  Gb  Calculate.o [1]
Ramp_Kp                 0x1fff0e28    0x4  Data  Gb  PID.o [1]
Region$$Table$$Base     0x00008e24          --   Gb  - Linker created -
Region$$Table$$Limit    0x00008e34          --   Gb  - Linker created -
Reset_Handler           0x00000411         Code  Gb  startup_MK60DZ10.o [1]
Road_Judge              0x0000601b  0x340  Code  Gb  control.o [1]
SamplingDelay           0x00006011    0x6  Code  Gb  CCD.o [1]
SendBuf                 0x1fff15f0   0x24  Data  Gb  Serial_oscilloscope.o [1]
SendImageData           0x00005f85   0x8a  Code  Gb  CCD.o [1]
Send_CCD_Imag           0x000055c9   0x20  Code  Gb  process.o [1]
Send_Steer_Info         0x000055f1  0x194  Code  Gb  process.o [1]
ServoFuzzy              0x1fff10a4   0x34  Data  Gb  fuzzy.o [1]
Speed_Average           0x1fff15a8    0x4  Data  Gb  process.o [1]
Speed_Expect            0x1fff0e24    0x4  Data  Gb  PID.o [1]
Speed_Expect_L          0x1fff15a0    0x4  Data  Gb  process.o [1]
Speed_Expect_R          0x1fff15a4    0x4  Data  Gb  process.o [1]
Speed_Read              0x000066b3   0x3c  Code  Gb  motor.o [1]
Speed_Val1_L            0x1fff10ec    0x4  Data  Gb  motor.o [1]
Speed_Val2_R            0x1fff10f0    0x4  Data  Gb  motor.o [1]
Speed_info              0x1fff16e4   0x70  Data  Gb  Struct.o [1]
Steer_Process           0x0000519d  0x132  Code  Gb  process.o [1]
TIME0flag_100ms         0x1fff1e73    0x1  Data  Gb  PIT0.o [1]
TIME0flag_10ms          0x1fff1e6f    0x1  Data  Gb  PIT0.o [1]
TIME0flag_15ms          0x1fff1e70    0x1  Data  Gb  PIT0.o [1]
TIME0flag_20ms          0x1fff1e71    0x1  Data  Gb  PIT0.o [1]
TIME0flag_25ms          0x1fff1e72    0x1  Data  Gb  PIT0.o [1]
TIME0flag_5ms           0x1fff1e6e    0x1  Data  Gb  PIT0.o [1]
TimeCount               0x1fff1e74    0x1  Data  Gb  PIT0.o [1]
Time_Counter            0x1fff1e6c    0x2  Data  Gb  process.o [1]
Tune_Mode               0x1fff0e2d    0x1  Data  Gb  Serial_oscilloscope.o [1]
UARTN                   0x1fff0e0c   0x18  Data  Gb  MK60_uart.o [1]
UART_DMASendConfig      0x00004561   0x6e  Code  Gb  CH_dma.o [1]
UART_ITDMAConfig        0x000019bf  0x1f4  Code  Gb  MK60_uart.o [1]
UART_SendWithDMA        0x000045f1   0x28  Code  Gb  CH_dma.o [1]
_GenldFullNoMb          0x0000276b  0x24c  Code  Lc  xprintffull_nomb.o [3]
_LdtobFullNoMb          0x00002369  0x3fc  Code  Lc  xprintffull_nomb.o [3]
_LitobFullNoMb          0x00002261  0x106  Code  Lc  xprintffull_nomb.o [3]
_Locale_aeabi_lconv     0x1fff1ecc   0x38  Data  Gb  localeconv.o [3]
_Locale_lconv           0x1fff1e7c   0x50  Data  Gb  localeconv.o [3]
_PrintfFullNoMb         0x00001c6d  0x580  Code  Gb  xprintffull_nomb.o [3]
_Prout                  0x00008e91   0x16  Code  Gb  xprout.o [3]
_PutcharsFullNoMb       0x000029b7   0x2e  Code  Lc  xprintffull_nomb.o [3]
__BOOT_STACK_ADDRESS {Abs}
                        0x2000fff8          --   Gb  command line/config [2]
__VECTOR_RAM {Abs}      0x1fff0000          --   Gb  command line/config [2]
__VECTOR_TABLE {Abs}    0x00000000          --   Gb  command line/config [2]
__aeabi_cdcmple         0x00002c71         Code  Gb  DblCmpLe.o [4]
__aeabi_cdrcmple        0x00002ca1         Code  Gb  DblCmpGe.o [4]
__aeabi_d2f             0x00004619         Code  Gb  DblToFlt.o [4]
__aeabi_d2iz            0x00002de9         Code  Gb  DblToI32.o [4]
__aeabi_d2uiz           0x00002e15         Code  Gb  DblToI32.o [4]
__aeabi_ddiv            0x00003195         Code  Gb  DblDiv.o [4]
__aeabi_dmul            0x00002ff1         Code  Gb  DblMul.o [4]
__aeabi_dsub            0x00002e71         Code  Gb  DblSub.o [4]
__aeabi_i2d             0x00002e41         Code  Gb  I32ToDbl.o [4]
__aeabi_ldiv0           0x00003459         Code  Gb  I64DivZer.o [5]
__aeabi_memclr4         0x000046a9         Code  Gb  ABImemclr4.o [5]
__aeabi_ui2d            0x00002e55         Code  Gb  I32ToDbl.o [4]
__aeabi_uldivmod        0x00002ac9         Code  Gb  I64DivMod.o [5]
__cmain                 0x00008e55         Code  Gb  cmain.o [5]
__code_start__ {Abs}    0x00000410          --   Gb  command line/config [2]
__exit                  0x00008e85         Code  Gb  XXexit.o [5]
__iar_Dnorm             0x00002c2f   0x42  Code  Gb  xdnorm.o [4]
__iar_Dscale            0x00002cd1  0x118  Code  Gb  xdscale.o [4]
__iar_Locale_lconv_init
                        0x000033dd   0x3a  Code  Gb  localeconv.o [3]
__iar_Memchr            0x00002a71         Code  Gb  memchr.o [5]
__iar_Memset4_word      0x000046b1         Code  Gb  ABImemset48.o [5]
__iar_Memset8_word      0x000046b1         Code  Gb  ABImemset48.o [5]
__iar_Stdout            0x1fff0e3c   0x40  Data  Gb  xfiles.o [3]
__iar_Strchr            0x00002a21         Code  Gb  strchr.o [5]
__iar_d2uiz             0x00002e21         Code  Gb  DblToI32.o [4]
__iar_dadd              0x0000345d         Code  Gb  DblAdd.o [4]
__iar_data_init3        0x00008db5   0x28  Code  Gb  data_init.o [5]
__iar_dlib_perthread_access
                        0x00003531    0x2  Code  Gb  xtls.o [3]
__iar_dsub              0x00002e85         Code  Gb  DblSub.o [4]
__iar_dsubStart         0x00002e97         Code  Gb  DblSub.o [4]
__iar_init_vfp          0x00008e01         Code  Gb  fpinit_M.o [4]
__iar_program_start     0x00008ec9         Code  Gb  cstartup_M.o [5]
__iar_ui2d              0x00002e59         Code  Gb  I32ToDbl.o [4]
__iar_unaligned___aeabi_memcpy
                        0x00002bb9         Code  Gb  ABImemcpy_unaligned.o [5]
__iar_unaligned___aeabi_memcpy4
                        0x00002bd9         Code  Gb  ABImemcpy_unaligned.o [5]
__iar_unaligned___aeabi_memcpy8
                        0x00002bd9         Code  Gb  ABImemcpy_unaligned.o [5]
__iar_zero_init3        0x000029ff   0x22  Code  Gb  zero_init3.o [5]
__low_level_init        0x00008e6f    0x4  Code  Gb  low_level_init.o [3]
__vector_table          0x00000000  0x410  Data  Gb  vectors.o [1]
_call_main              0x00008e61         Code  Gb  cmain.o [5]
_exit                   0x00008e79         Code  Gb  cexit.o [5]
_main                   0x00008e6b         Code  Gb  cmain.o [5]
abs                     0x00007601    0x8  Code  Gb  abs.o [3]
adc_init                0x000067f9  0x20e  Code  Gb  MK60_adc.o [1]
adc_once                0x00006a07   0x50  Code  Gb  MK60_adc.o [1]
adc_start               0x00006a57   0x44  Code  Lc  MK60_adc.o [1]
assert_failed           0x000014df   0x26  Code  Gb  MK60_conf.o [1]
bus_clk_khz             0x1fff1e18    0x4  Data  Gb  system_MK60DZ10.o [1]
check_flag              0x1fff15b4    0x4  Data  Gb  process.o [1]
common_startup          0x00008937   0x98  Code  Gb  system_MK60DZ10.o [1]
core_clk_khz            0x1fff1e10    0x4  Data  Gb  system_MK60DZ10.o [1]
core_clk_mhz            0x1fff1e14    0x4  Data  Gb  system_MK60DZ10.o [1]
data_to_send            0x1fff15bc   0x34  Data  Gb  Serial_oscilloscope.o [1]
default_isr             0x000015b3   0x30  Code  Gb  MK60_conf.o [1]
div                     0x00003449    0xe  Code  Gb  div.o [3]
exit                    0x00008e73    0x4  Code  Gb  exit.o [3]
flash_cmd               0x1fff0e8d   0x20  Code  Gb  MK60_flash.o [1]
flash_erase_sector      0x1fff0ed1   0x5c  Code  Gb  MK60_flash.o [1]
flash_init              0x1fff0ead   0x24  Code  Gb  MK60_flash.o [1]
flash_write             0x1fff0f2d   0xb4  Code  Gb  MK60_flash.o [1]
fputc                   0x00001505   0x14  Code  Gb  MK60_conf.o [1]
ftm_mod                 0x1fff10d8   0x10  Data  Lc  MK60_ftm.o [1]
ftm_pwm_duty            0x00005b5f  0x122  Code  Gb  MK60_ftm.o [1]
ftm_pwm_init            0x000059ad  0x1b2  Code  Gb  MK60_ftm.o [1]
ftm_quad_clean          0x00005db3   0x28  Code  Gb  MK60_ftm.o [1]
ftm_quad_get            0x00005d87   0x2c  Code  Gb  MK60_ftm.o [1]
ftm_quad_init           0x00005c81  0x106  Code  Gb  MK60_ftm.o [1]
gpio_get                0x000013bd   0x3e  Code  Gb  MK60_gpio.o [1]
gpio_init               0x00001261   0xae  Code  Gb  MK60_gpio.o [1]
gpio_set                0x0000130f   0x74  Code  Gb  MK60_gpio.o [1]
gpio_turn               0x00001383   0x3a  Code  Gb  MK60_gpio.o [1]
i2c_delay               0x00007169   0x20  Code  Gb  MK60_i2c.o [1]
i2c_init                0x0000702d  0x13a  Code  Gb  MK60_i2c.o [1]
i2c_read_reg            0x00007189  0x2b6  Code  Gb  MK60_i2c.o [1]
i2c_write_reg           0x0000743f  0x1a6  Code  Gb  MK60_i2c.o [1]
key_check               0x00001c3d   0x2a  Code  Gb  VCAN_key.o [1]
key_get                 0x00001c23   0x1a  Code  Gb  VCAN_key.o [1]
key_init                0x00001bd1   0x52  Code  Gb  VCAN_key.o [1]
led_init                0x00001605   0x3a  Code  Gb  VCAN_LED.o [1]
led_turn                0x0000163f   0x32  Code  Gb  VCAN_LED.o [1]
localeconv              0x00003417   0x16  Code  Gb  localeconv.o [3]
main                    0x00008a49   0xa0  Code  Gb  main.o [1]
mcg_cfg                 0x1fff0d9c   0x58  Data  Gb  MK60_mcg.o [1]
mcg_div                 0x1fff0df4    0x4  Data  Gb  MK60_mcg.o [1]
mcg_div_count           0x00007611  0x304  Code  Gb  MK60_mcg.o [1]
memchr                  0x00002a71         Code  Gb  memchr.o [5]
myCCD_CCD1_GetLineError
                        0x00000ad9  0x2e8  Code  Gb  Calculate.o [1]
myCCD_CCD2_GetLineError
                        0x00000dc1  0x2f2  Code  Gb  Calculate.o [1]
myCCD_DataHandle        0x0000094d  0x180  Code  Gb  Calculate.o [1]
myCCD_DataInit          0x00000419  0x194  Code  Gb  Calculate.o [1]
myCCD_FilterAndBinarization
                        0x000005ad  0x278  Code  Gb  Calculate.o [1]
myCCD_FilterAtFirst     0x000008b9   0x2e  Code  Gb  Calculate.o [1]
myCCD_GetBeginLineError
                        0x000008e7   0x66  Code  Gb  Calculate.o [1]
myCCD_GetObstacle       0x000010b3   0xa2  Code  Gb  Calculate.o [1]
myData_Init             0x00008281   0x98  Code  Gb  Struct.o [1]
myOLED_Clear            0x0000849d   0x3a  Code  Gb  OLED.o [1]
myOLED_GPIO_Init        0x00008319   0x36  Code  Gb  OLED.o [1]
myOLED_Init             0x0000834f   0xa6  Code  Gb  OLED.o [1]
myOLED_REST             0x00008483   0x1a  Code  Gb  OLED.o [1]
myOLED_RefreshGRAM      0x000084d7   0x4e  Code  Gb  OLED.o [1]
myOLED_Write_DAT        0x0000843b   0x48  Code  Gb  OLED.o [1]
myOLED_Write_REG        0x000083f5   0x46  Code  Gb  OLED.o [1]
obuf                    0x1fff1e1c   0x50  Data  Lc  xfiles.o [3]
pit_init                0x0000866d   0x6c  Code  Gb  MK60_PIT.o [1]
pll_init                0x00007915   0xb2  Code  Gb  MK60_mcg.o [1]
port_init               0x00001405   0x44  Code  Gb  MK60_port.o [1]
port_init_NoALT         0x00001449   0x62  Code  Gb  MK60_port.o [1]
print_road              0x00006019    0x2  Code  Gb  control.o [1]
printf                  0x00001675   0x24  Code  Gb  printf.o [3]
push                    0x00003535   0x30  Code  Gb  Serial_oscilloscope.o [1]
putchar                 0x00008ea9    0xc  Code  Gb  putchar.o [3]
reduce_spe_flag         0x1fff1e75    0x1  Data  Gb  process.o [1]
set_sys_dividers        0x1fff101d   0x50  Code  Gb  MK60_mcg.o [1]
set_vector_handler      0x0000800f   0x22  Code  Gb  misc.o [1]
start                   0x000088d9   0x22  Code  Gb  system_MK60DZ10.o [1]
start_check             0x00001519   0x9a  Code  Gb  MK60_conf.o [1]
stop_IRQProcess         0x000081b7   0x90  Code  Gb  Init.o [1]
stop_flag               0x1fff0e2c    0x1  Data  Gb  process.o [1]
strchr                  0x00002a21         Code  Gb  strchr.o [5]
strlen                  0x00002a39         Code  Gb  strlen.o [5]
sysinit                 0x000088fb   0x3c  Code  Gb  system_MK60DZ10.o [1]
systick_delay           0x00001699   0x36  Code  Gb  MK60_SysTick.o [1]
systick_delay_ms        0x000016cf   0x18  Code  Gb  MK60_SysTick.o [1]
uart4_test_handler      0x00008111   0x20  Code  Gb  Init.o [1]
uart_getchar            0x0000193b   0x22  Code  Gb  MK60_uart.o [1]
uart_init               0x00001713  0x228  Code  Gb  MK60_uart.o [1]
uart_putchar            0x0000195d   0x1e  Code  Gb  MK60_uart.o [1]
uart_query              0x0000197b   0x1a  Code  Gb  MK60_uart.o [1]
uart_rx_irq_en          0x00001995   0x2a  Code  Gb  MK60_uart.o [1]
vector_str              0x1fff0668  0x708  Data  Gb  MK60_conf.o [1]
wdog_disable            0x00008a09   0x16  Code  Gb  MK60_wdog.o [1]
wdog_unlock             0x00008a1f   0x20  Code  Lc  MK60_wdog.o [1]
write_vtor              0x00007fed   0x22  Code  Gb  misc.o [1]


[1] = D:\Project\SmartCar11\WesternComV4.0\Prj\Debug\Obj
[2] = command line
[3] = dl7M_tlf.a
[4] = m7M_tls.a
[5] = rt7M_tl.a

  31 536 bytes of readonly  code memory
     496 bytes of readwrite code memory
   5 166 bytes of readonly  data memory
   6 401 bytes of readwrite data memory

Errors: none
Warnings: none
