###############################################################################
#
# IAR ELF Linker V7.30.4.8167/W32 for ARM                 01/Jul/2016  09:59:21
# Copyright 2007-2014 IAR Systems AB.
#
#    Output file  =  
#        D:\Project\SmartCar11\WesternCom\Prj\Debug\Exe\WesternCom.out
#    Map file     =  
#        D:\Project\SmartCar11\WesternCom\Prj\Debug\List\WesternCom.map
#    Command line =  
#        D:\Project\SmartCar11\WesternCom\Prj\Debug\Obj\Calculate.o
#        D:\Project\SmartCar11\WesternCom\Prj\Debug\Obj\CCD.o
#        D:\Project\SmartCar11\WesternCom\Prj\Debug\Obj\control.o
#        D:\Project\SmartCar11\WesternCom\Prj\Debug\Obj\diskio.o
#        D:\Project\SmartCar11\WesternCom\Prj\Debug\Obj\ff.o
#        D:\Project\SmartCar11\WesternCom\Prj\Debug\Obj\fuzzy.o
#        D:\Project\SmartCar11\WesternCom\Lib\CMSIS\iar_cortexM4l_math.a
#        D:\Project\SmartCar11\WesternCom\Lib\CMSIS\iar_cortexM4lf_math.a
#        D:\Project\SmartCar11\WesternCom\Prj\Debug\Obj\Init.o
#        D:\Project\SmartCar11\WesternCom\Prj\Debug\Obj\key_int.o
#        D:\Project\SmartCar11\WesternCom\Prj\Debug\Obj\main.o
#        D:\Project\SmartCar11\WesternCom\Prj\Debug\Obj\misc.o
#        D:\Project\SmartCar11\WesternCom\Prj\Debug\Obj\MK60_adc.o
#        D:\Project\SmartCar11\WesternCom\Prj\Debug\Obj\MK60_can.o
#        D:\Project\SmartCar11\WesternCom\Prj\Debug\Obj\MK60_conf.o
#        D:\Project\SmartCar11\WesternCom\Prj\Debug\Obj\MK60_dac.o
#        D:\Project\SmartCar11\WesternCom\Prj\Debug\Obj\MK60_dma.o
#        D:\Project\SmartCar11\WesternCom\Prj\Debug\Obj\MK60_DWT.o
#        D:\Project\SmartCar11\WesternCom\Prj\Debug\Obj\MK60_flash.o
#        D:\Project\SmartCar11\WesternCom\Prj\Debug\Obj\MK60_flexbus.o
#        D:\Project\SmartCar11\WesternCom\Prj\Debug\Obj\MK60_ftm.o
#        D:\Project\SmartCar11\WesternCom\Prj\Debug\Obj\MK60_gpio.o
#        D:\Project\SmartCar11\WesternCom\Prj\Debug\Obj\MK60_i2c.o
#        D:\Project\SmartCar11\WesternCom\Prj\Debug\Obj\MK60_it.o
#        D:\Project\SmartCar11\WesternCom\Prj\Debug\Obj\MK60_lptmr.o
#        D:\Project\SmartCar11\WesternCom\Prj\Debug\Obj\MK60_mcg.o
#        D:\Project\SmartCar11\WesternCom\Prj\Debug\Obj\MK60_PIT.o
#        D:\Project\SmartCar11\WesternCom\Prj\Debug\Obj\MK60_port.o
#        D:\Project\SmartCar11\WesternCom\Prj\Debug\Obj\MK60_rtc.o
#        D:\Project\SmartCar11\WesternCom\Prj\Debug\Obj\MK60_sdhc.o
#        D:\Project\SmartCar11\WesternCom\Prj\Debug\Obj\MK60_spi.o
#        D:\Project\SmartCar11\WesternCom\Prj\Debug\Obj\MK60_SysTick.o
#        D:\Project\SmartCar11\WesternCom\Prj\Debug\Obj\MK60_uart.o
#        D:\Project\SmartCar11\WesternCom\Prj\Debug\Obj\MK60_usb.o
#        D:\Project\SmartCar11\WesternCom\Prj\Debug\Obj\MK60_wdog.o
#        D:\Project\SmartCar11\WesternCom\Prj\Debug\Obj\motor.o
#        D:\Project\SmartCar11\WesternCom\Prj\Debug\Obj\OLED.o
#        D:\Project\SmartCar11\WesternCom\Prj\Debug\Obj\PID.o
#        D:\Project\SmartCar11\WesternCom\Prj\Debug\Obj\PIT0.o
#        D:\Project\SmartCar11\WesternCom\Prj\Debug\Obj\process.o
#        D:\Project\SmartCar11\WesternCom\Prj\Debug\Obj\Serial_oscilloscope.o
#        D:\Project\SmartCar11\WesternCom\Prj\Debug\Obj\startup_MK60DZ10.o
#        D:\Project\SmartCar11\WesternCom\Prj\Debug\Obj\Struct.o
#        D:\Project\SmartCar11\WesternCom\Prj\Debug\Obj\system_MK60DZ10.o
#        D:\Project\SmartCar11\WesternCom\Prj\Debug\Obj\USB.o
#        D:\Project\SmartCar11\WesternCom\Prj\Debug\Obj\USB_CDC.o
#        D:\Project\SmartCar11\WesternCom\Prj\Debug\Obj\VCAN_ASCII.o
#        D:\Project\SmartCar11\WesternCom\Prj\Debug\Obj\VCAN_BMP.o
#        D:\Project\SmartCar11\WesternCom\Prj\Debug\Obj\VCAN_camera.o
#        D:\Project\SmartCar11\WesternCom\Prj\Debug\Obj\VCAN_computer.o
#        D:\Project\SmartCar11\WesternCom\Prj\Debug\Obj\vcan_img2sd.o
#        D:\Project\SmartCar11\WesternCom\Prj\Debug\Obj\VCAN_key.o
#        D:\Project\SmartCar11\WesternCom\Prj\Debug\Obj\VCAN_key_event.o
#        D:\Project\SmartCar11\WesternCom\Prj\Debug\Obj\VCAN_LCD.o
#        D:\Project\SmartCar11\WesternCom\Prj\Debug\Obj\VCAN_LCD_CH.o
#        D:\Project\SmartCar11\WesternCom\Prj\Debug\Obj\VCAN_LCD_ILI9341.o
#        D:\Project\SmartCar11\WesternCom\Prj\Debug\Obj\VCAN_LCD_ST7735R.o
#        D:\Project\SmartCar11\WesternCom\Prj\Debug\Obj\VCAN_LCD_ST7735S.o
#        D:\Project\SmartCar11\WesternCom\Prj\Debug\Obj\VCAN_LED.o
#        D:\Project\SmartCar11\WesternCom\Prj\Debug\Obj\VCAN_MMA7455.o
#        D:\Project\SmartCar11\WesternCom\Prj\Debug\Obj\VCAN_NRF24L0.o
#        D:\Project\SmartCar11\WesternCom\Prj\Debug\Obj\VCAN_NRF24L0_MSG.o
#        D:\Project\SmartCar11\WesternCom\Prj\Debug\Obj\VCAN_OV7725_Eagle.o
#        D:\Project\SmartCar11\WesternCom\Prj\Debug\Obj\VCAN_OV7725_Wolf.o
#        D:\Project\SmartCar11\WesternCom\Prj\Debug\Obj\VCAN_RTC_count.o
#        D:\Project\SmartCar11\WesternCom\Prj\Debug\Obj\VCAN_SCCB.o
#        D:\Project\SmartCar11\WesternCom\Prj\Debug\Obj\vcan_sd_app.o
#        D:\Project\SmartCar11\WesternCom\Prj\Debug\Obj\Vcan_touch.o
#        D:\Project\SmartCar11\WesternCom\Prj\Debug\Obj\VCAN_TSL1401.o
#        D:\Project\SmartCar11\WesternCom\Prj\Debug\Obj\VCAN_UI_VAR.o
#        D:\Project\SmartCar11\WesternCom\Prj\Debug\Obj\vectors.o -o
#        D:\Project\SmartCar11\WesternCom\Prj\Debug\Exe\WesternCom.out --map
#        D:\Project\SmartCar11\WesternCom\Prj\Debug\List\WesternCom.map
#        --config "D:\Project\SmartCar11\WesternCom\Prj\config
#        files\vcan_ROM_K60N1M.icf"
#        D:\Project\SmartCar11\WesternCom\Prj\..\Lib\CMSIS\iar_cortexM4l_math.a
#        --entry __iar_program_start --vfe
#
###############################################################################

*******************************************************************************
*** RUNTIME MODEL ATTRIBUTES
***

CppFlavor       = *
__SystemLibrary = DLib


*******************************************************************************
*** PLACEMENT SUMMARY
***

"A1":  place at 0x00000000 { ro section .intvec };
"A2":  place at 0x00000410 { ro section .noinit };
"P1":  place in [from 0x00000000 to 0x00100000] { ro, block CodeRelocate };
"P2":  place in [from 0x1fff0410 to 0x20010000] {
          rw, block CodeRelocateRam, block CSTACK, block HEAP };

  Section              Kind        Address    Size  Object
  -------              ----        -------    ----  ------
"A1":                                        0x410
  .intvec              const    0x00000000   0x410  vectors.o [1]
                              - 0x00000410   0x410

"A2":                                          0x8
  .noinit              ro code  0x00000410     0x8  startup_MK60DZ10.o [1]
                              - 0x00000418     0x8

"P1":                                       0x96ac
  .text                ro code  0x00000418  0x3190  OLED.o [1]
  .text                ro code  0x000035a8   0x1a4  MK60_gpio.o [1]
  .text                ro code  0x0000374c    0x64  MK60_SysTick.o [1]
  .text                ro code  0x000037b0    0x36  strlen.o [5]
  .text                ro code  0x000037e6    0x22  zero_init3.o [5]
  .text                ro code  0x00003808   0x2b8  MK60_adc.o [1]
  .text                ro code  0x00003ac0    0x30  I32ToDbl.o [4]
  .text                ro code  0x00003af0    0xe8  DblAdd.o [4]
  .text                ro code  0x00003bd8   0x246  DblDiv.o [4]
  .text                ro code  0x00003e20   0x1a2  DblMul.o [4]
  .text                ro code  0x00003fc4    0x58  DblToI32.o [4]
  .text                ro code  0x0000401c    0x90  DblToFlt.o [4]
  .text                ro code  0x000040ac    0xb0  MK60_port.o [1]
  Veneer               ro code  0x0000415c     0x8  - Linker created -
  Veneer               ro code  0x00004164     0x8  - Linker created -
  .text                ro code  0x0000416c   0x140  MK60_conf.o [1]
  .text                ro code  0x000042ac   0x180  DblSub.o [4]
  .text                ro code  0x0000442c    0x70  VCAN_LED.o [1]
  .text                ro code  0x0000449c    0x24  printf.o [3]
  .text                ro code  0x000044c0   0x2c0  MK60_uart.o [1]
  .text                ro code  0x00004780    0x9c  VCAN_key.o [1]
  .text                ro code  0x0000481c   0xd92  xprintffull_nomb.o [3]
  .text                ro code  0x000055b0    0x16  strchr.o [5]
  .text                ro code  0x000055c8    0x58  memchr.o [5]
  .text                ro code  0x00005620    0xee  I64DivMod.o [5]
  .text                ro code  0x00005710    0x76  ABImemcpy_unaligned.o [5]
  .text                ro code  0x00005786    0x42  xdnorm.o [4]
  .text                ro code  0x000057c8    0x2e  DblCmpLe.o [4]
  .text                ro code  0x000057f8    0x2e  DblCmpGe.o [4]
  .text                ro code  0x00005828   0x118  xdscale.o [4]
  .text                ro code  0x00005940    0x6c  localeconv.o [3]
  .text                ro code  0x000059ac     0xe  div.o [3]
  .text                ro code  0x000059bc     0x2  I64DivZer.o [5]
  .text                ro code  0x000059be     0x2  xtls.o [3]
  .data_init                    0x000059c0   0xa94  <Block>
    Initializer bytes  const    0x000059c0   0xa94  <for .data-1> (used: 0xa90)
  .text                ro code  0x00006454   0x7c4  Serial_oscilloscope.o [1]
  .text                ro code  0x00006c18   0x5f4  MK60_ftm.o [1]
  .text                ro code  0x0000720c   0x504  process.o [1]
  .text                ro code  0x00007710   0x1b4  CCD.o [1]
  .text                ro code  0x000078c4   0x428  Calculate.o [1]
  .text                ro code  0x00007cec   0x1ec  PID.o [1]
  .text                ro code  0x00007ed8   0x4e4  control.o [1]
  .text                ro code  0x000083bc   0x1f0  motor.o [1]
  Veneer               ro code  0x000085ac     0x8  - Linker created -
  .text                ro code  0x000085b4   0x3d4  MK60_mcg.o [1]
  .text                ro code  0x00008988   0x298  key_int.o [1]
  .text                ro code  0x00008c20    0x50  misc.o [1]
  .text                ro code  0x00008c70   0x210  Init.o [1]
  .text                ro code  0x00008e80    0x48  fuzzy.o [1]
  .text                ro code  0x00008ec8    0xfc  PIT0.o [1]
  .text                ro code  0x00008fc4    0x7c  MK60_PIT.o [1]
  CodeRelocate                  0x00009040   0x1f0  <Block>
    Initializer bytes  const    0x00009040   0x1f0  <for CodeRelocateRam-1>
  .text                ro code  0x00009230   0x130  system_MK60DZ10.o [1]
  .text                ro code  0x00009360    0xa0  MK60_wdog.o [1]
  .text                ro code  0x00009400    0xd0  main.o [1]
  .rodata              const    0x000094d0    0x3c  MK60_conf.o [1]
  .rodata              const    0x0000950c    0x3c  MK60_SysTick.o [1]
  .rodata              const    0x00009548    0x38  MK60_adc.o [1]
  .rodata              const    0x00009580    0x38  MK60_flash.o [1]
  .rodata              const    0x000095b8    0x38  MK60_ftm.o [1]
  .rodata              const    0x000095f0    0x38  MK60_gpio.o [1]
  .rodata              const    0x00009628    0x38  MK60_PIT.o [1]
  .rodata              const    0x00009660    0x38  MK60_uart.o [1]
  .rodata              const    0x00009698    0x38  MK60_wdog.o [1]
  .rodata              const    0x000096d0    0x34  misc.o [1]
  .text                ro code  0x00009704    0x28  data_init.o [5]
  .rodata              const    0x0000972c    0x24  MK60_conf.o [1]
  .text                ro code  0x00009750    0x22  fpinit_M.o [4]
  .iar.init_table      const    0x00009774    0x10  - Linker created -
  .rodata              const    0x00009784    0x20  MK60_conf.o [1]
  .text                ro code  0x000097a4    0x1a  cmain.o [5]
  .text                ro code  0x000097be     0x4  low_level_init.o [3]
  .text                ro code  0x000097c2     0x4  exit.o [3]
  .text                ro code  0x000097c8     0xa  cexit.o [5]
  .text                ro code  0x000097d4     0xc  XXexit.o [5]
  .text                ro code  0x000097e0    0x16  xprout.o [3]
  .text                ro code  0x000097f8     0xc  putchar.o [3]
  .rodata              const    0x00009804    0x14  control.o [1]
  .rodata              const    0x00009818    0x14  MK60_conf.o [1]
  .rodata              const    0x0000982c    0x10  control.o [1]
  .rodata              const    0x0000983c    0x10  control.o [1]
  .rodata              const    0x0000984c    0x10  control.o [1]
  .rodata              const    0x0000985c    0x10  control.o [1]
  .rodata              const    0x0000986c    0x10  control.o [1]
  .rodata              const    0x0000987c    0x10  control.o [1]
  .rodata              const    0x0000988c    0x10  OLED.o [1]
  .rodata              const    0x0000989c     0xc  control.o [1]
  .rodata              const    0x000098a8     0xc  OLED.o [1]
  .rodata              const    0x000098b4     0xc  OLED.o [1]
  .text                ro code  0x000098c0     0xc  cstartup_M.o [5]
  .rodata              const    0x000098cc     0x8  OLED.o [1]
  .rodata              const    0x000098d4     0x8  OLED.o [1]
  .rodata              const    0x000098dc     0x8  OLED.o [1]
  .rodata              const    0x000098e4     0x8  OLED.o [1]
  .rodata              const    0x000098ec     0x8  OLED.o [1]
  .rodata              const    0x000098f4     0x8  OLED.o [1]
  .rodata              const    0x000098fc     0x8  OLED.o [1]
  .rodata              const    0x00009904     0x8  OLED.o [1]
  .rodata              const    0x0000990c     0x8  OLED.o [1]
  .rodata              const    0x00009914     0x8  OLED.o [1]
  .rodata              const    0x0000991c     0x8  OLED.o [1]
  .rodata              const    0x00009924     0x8  OLED.o [1]
  .rodata              const    0x0000992c     0x8  OLED.o [1]
  .rodata              const    0x00009934     0x8  OLED.o [1]
  .rodata              const    0x0000993c     0x8  OLED.o [1]
  .rodata              const    0x00009944     0x8  OLED.o [1]
  .rodata              const    0x0000994c     0x8  OLED.o [1]
  .rodata              const    0x00009954     0x8  OLED.o [1]
  .rodata              const    0x0000995c     0x8  OLED.o [1]
  .rodata              const    0x00009964     0x8  OLED.o [1]
  .rodata              const    0x0000996c     0x8  OLED.o [1]
  .rodata              const    0x00009974     0x8  OLED.o [1]
  .rodata              const    0x0000997c     0x8  OLED.o [1]
  .rodata              const    0x00009984     0x8  OLED.o [1]
  .rodata              const    0x0000998c     0x8  OLED.o [1]
  .rodata              const    0x00009994     0x8  OLED.o [1]
  .rodata              const    0x0000999c     0x8  OLED.o [1]
  .rodata              const    0x000099a4     0x8  OLED.o [1]
  .rodata              const    0x000099ac     0x8  OLED.o [1]
  .rodata              const    0x000099b4     0x8  OLED.o [1]
  .rodata              const    0x000099bc     0x8  OLED.o [1]
  .rodata              const    0x000099c4     0x8  OLED.o [1]
  .rodata              const    0x000099cc     0x8  OLED.o [1]
  .rodata              const    0x000099d4     0x8  OLED.o [1]
  .rodata              const    0x000099dc     0x8  OLED.o [1]
  .rodata              const    0x000099e4     0x8  OLED.o [1]
  .rodata              const    0x000099ec     0x8  OLED.o [1]
  .rodata              const    0x000099f4     0x8  OLED.o [1]
  .rodata              const    0x000099fc     0x8  OLED.o [1]
  .rodata              const    0x00009a04     0x8  OLED.o [1]
  .rodata              const    0x00009a0c     0x8  OLED.o [1]
  .rodata              const    0x00009a14     0x8  OLED.o [1]
  .rodata              const    0x00009a1c     0x8  OLED.o [1]
  .rodata              const    0x00009a24     0x8  OLED.o [1]
  .rodata              const    0x00009a2c     0x8  OLED.o [1]
  .rodata              const    0x00009a34     0x8  OLED.o [1]
  .rodata              const    0x00009a3c     0x0  zero_init3.o [5]
  Initializer bytes    const    0x00009a3c    0x88  <for P2 s0>
                              - 0x00009ac4  0x96ac

"P2":                                       0x3024
  .data                         0x1fff0410   0xa90  <Block>
    .data-1                     0x1fff0410   0xa90  <Init block>
      .data            inited   0x1fff0410     0x1  Calculate.o [1]
      .data            inited   0x1fff0411     0x1  Calculate.o [1]
      .data            inited   0x1fff0414     0x4  Calculate.o [1]
      .data            inited   0x1fff0418     0x4  Calculate.o [1]
      .data            inited   0x1fff041c     0x1  Calculate.o [1]
      .data            inited   0x1fff041d     0x1  Calculate.o [1]
      .data            inited   0x1fff041e     0x1  Calculate.o [1]
      .data            inited   0x1fff041f     0x1  Calculate.o [1]
      .data            inited   0x1fff0420     0x1  Calculate.o [1]
      .data            inited   0x1fff0421     0x1  Calculate.o [1]
      .data            inited   0x1fff0422     0x1  Calculate.o [1]
      .data            inited   0x1fff0423     0x1  Calculate.o [1]
      .data            inited   0x1fff0424     0x1  Calculate.o [1]
      .data            inited   0x1fff0425     0x1  Calculate.o [1]
      .data            inited   0x1fff0426     0x1  Calculate.o [1]
      .data            inited   0x1fff0427     0x1  Calculate.o [1]
      .data            inited   0x1fff0428     0x8  MK60_adc.o [1]
      .data            inited   0x1fff0430   0x708  MK60_conf.o [1]
      .data            inited   0x1fff0b38    0x10  MK60_ftm.o [1]
      .data            inited   0x1fff0b48    0x14  MK60_gpio.o [1]
      .data            inited   0x1fff0b5c    0x58  MK60_mcg.o [1]
      .data            inited   0x1fff0bb4     0x4  MK60_mcg.o [1]
      .data            inited   0x1fff0bb8    0x14  MK60_port.o [1]
      .data            inited   0x1fff0bcc    0x18  MK60_uart.o [1]
      .data            inited   0x1fff0be4   0x260  OLED.o [1]
      .data            inited   0x1fff0e44     0x4  PID.o [1]
      .data            inited   0x1fff0e48     0x4  PID.o [1]
      .data            inited   0x1fff0e4c     0x4  PID.o [1]
      .data            inited   0x1fff0e50     0x1  process.o [1]
      .data            inited   0x1fff0e51     0x1  Serial_oscilloscope.o [1]
      .data            inited   0x1fff0e52     0x1  Struct.o [1]
      .data            inited   0x1fff0e53     0x1  Struct.o [1]
      .data            inited   0x1fff0e54     0x8  VCAN_key.o [1]
      .data            inited   0x1fff0e5c     0x4  VCAN_LED.o [1]
      .data            inited   0x1fff0e60    0x40  xfiles.o [3]
  CodeRelocateRam               0x1fff0ea0   0x1f0  <Block>
    CodeRelocateRam-1           0x1fff0ea0   0x1f0  <Init block>
      Veneer           inited   0x1fff0ea0     0x8  - Linker created -
      Veneer           inited   0x1fff0ea8     0x8  - Linker created -
      .textrw          inited   0x1fff0eb0   0x190  MK60_flash.o [1]
      .textrw          inited   0x1fff1040    0x50  MK60_mcg.o [1]
  .bss                          0x1fff1090  0x231c  <Block>
    .bss               zero     0x1fff1090     0x4  Calculate.o [1]
    .bss               zero     0x1fff1094     0x4  Calculate.o [1]
    .bss               zero     0x1fff1098   0x824  control.o [1]
    .bss               zero     0x1fff18bc   0x824  control.o [1]
    .bss               zero     0x1fff20e0     0x4  control.o [1]
    .bss               zero     0x1fff20e4     0x4  control.o [1]
    .bss               zero     0x1fff20e8    0x30  fuzzy.o [1]
    .bss               zero     0x1fff2118    0x10  MK60_ftm.o [1]
    .bss               zero     0x1fff2128     0x4  motor.o [1]
    .bss               zero     0x1fff212c     0x4  motor.o [1]
    .bss               zero     0x1fff2130     0x4  motor.o [1]
    .bss               zero     0x1fff2134     0x4  motor.o [1]
    .bss               zero     0x1fff2138   0x400  OLED.o [1]
    .bss               zero     0x1fff2538    0x38  PID.o [1]
    .bss               zero     0x1fff2570    0x38  PID.o [1]
    .bss               zero     0x1fff25a8    0x38  PID.o [1]
    .bss               zero     0x1fff25e0     0x4  process.o [1]
    .bss               zero     0x1fff25e4     0x4  process.o [1]
    .bss               zero     0x1fff25e8    0x80  process.o [1]
    .bss               zero     0x1fff2668    0x80  process.o [1]
    .bss               zero     0x1fff26e8    0x80  process.o [1]
    .bss               zero     0x1fff2768    0x80  process.o [1]
    .bss               zero     0x1fff27e8    0x34  Serial_oscilloscope.o [1]
    .bss               zero     0x1fff281c    0x24  Serial_oscilloscope.o [1]
    .bss               zero     0x1fff2840    0x34  Serial_oscilloscope.o [1]
    .bss               zero     0x1fff2874    0xa0  Struct.o [1]
    .bss               zero     0x1fff2914     0xc  Struct.o [1]
    .bss               zero     0x1fff2920    0x6c  Struct.o [1]
    .bss               zero     0x1fff298c    0x40  Struct.o [1]
    .bss               zero     0x1fff29cc    0x78  Struct.o [1]
    .bss               zero     0x1fff2a44    0x2c  Struct.o [1]
    .bss               zero     0x1fff2a70    0xa0  Struct.o [1]
    .bss               zero     0x1fff2b10   0x824  Struct.o [1]
    .bss               zero     0x1fff3334     0x4  system_MK60DZ10.o [1]
    .bss               zero     0x1fff3338     0x4  system_MK60DZ10.o [1]
    .bss               zero     0x1fff333c     0x4  system_MK60DZ10.o [1]
    .bss               zero     0x1fff3340    0x50  xfiles.o [3]
    .bss               zero     0x1fff3390     0x2  PID.o [1]
    .bss               zero     0x1fff3392     0x1  Calculate.o [1]
    .bss               zero     0x1fff3393     0x1  Calculate.o [1]
    .bss               zero     0x1fff3394     0x1  Calculate.o [1]
    .bss               zero     0x1fff3395     0x1  Calculate.o [1]
    .bss               zero     0x1fff3396     0x1  Calculate.o [1]
    .bss               zero     0x1fff3397     0x1  Calculate.o [1]
    .bss               zero     0x1fff3398     0x1  Calculate.o [1]
    .bss               zero     0x1fff3399     0x1  Calculate.o [1]
    .bss               zero     0x1fff339a     0x1  Calculate.o [1]
    .bss               zero     0x1fff339b     0x1  Calculate.o [1]
    .bss               zero     0x1fff339c     0x1  key_int.o [1]
    .bss               zero     0x1fff339d     0x1  PIT0.o [1]
    .bss               zero     0x1fff339e     0x1  PIT0.o [1]
    .bss               zero     0x1fff339f     0x1  PIT0.o [1]
    .bss               zero     0x1fff33a0     0x1  PIT0.o [1]
    .bss               zero     0x1fff33a1     0x1  PIT0.o [1]
    .bss               zero     0x1fff33a2     0x1  PIT0.o [1]
    .bss               zero     0x1fff33a3     0x1  PIT0.o [1]
    .bss               zero     0x1fff33a4     0x1  process.o [1]
    .bss               zero     0x1fff33a5     0x1  process.o [1]
    .bss               zero     0x1fff33a6     0x1  Serial_oscilloscope.o [1]
    .bss               zero     0x1fff33a7     0x1  Serial_oscilloscope.o [1]
    .bss               zero     0x1fff33a8     0x1  Serial_oscilloscope.o [1]
    .bss               zero     0x1fff33a9     0x1  Struct.o [1]
  P2 s0                         0x1fff33ac    0x88  <Init block>
    __DLIB_PERTHREAD   inited   0x1fff33ac    0x88  localeconv.o [3]
                              - 0x1fff3434  0x3024


*******************************************************************************
*** INIT TABLE
***

          Address     Size
          -------     ----
Zero (__iar_zero_init3)
    1 destination range, total size 0x231a:
          0x1fff1090  0x231a



*******************************************************************************
*** MODULE SUMMARY
***

    Module                 ro code  rw code  ro data  rw data
    ------                 -------  -------  -------  -------
D:\Project\SmartCar11\WesternCom\Prj\Debug\Obj: [1]
    CCD.o                      436
    Calculate.o              1 064                24       40
    Init.o                     528
    MK60_PIT.o                 124                56
    MK60_SysTick.o             100                60
    MK60_adc.o                 696                64        8
    MK60_conf.o                320             1 948    1 800
    MK60_flash.o                        400      456
    MK60_ftm.o               1 524                72       32
    MK60_gpio.o                420                76       20
    MK60_mcg.o                 980       80      172       92
    MK60_port.o                176                20       20
    MK60_uart.o                704                80       24
    MK60_wdog.o                160                56
    OLED.o                  12 688             1 016    1 632
    PID.o                      492                12      182
    PIT0.o                     252                          7
    Serial_oscilloscope.o    1 988                 1      144
    Struct.o                                       2    2 755
    VCAN_LED.o                 112                 4        4
    VCAN_key.o                 156                 8        8
    control.o                1 252               128    4 176
    fuzzy.o                     72                         48
    key_int.o                  664                          1
    main.o                     208
    misc.o                      80                52
    motor.o                    496                         16
    process.o                1 284                 1      523
    startup_MK60DZ10.o           8
    system_MK60DZ10.o          304                         12
    vectors.o                                  1 040
    ---------------------------------------------------------
    Total:                  27 288      480    5 348   11 544

command line: [2]
    ---------------------------------------------------------
    Total:

dl7M_tlf.a: [3]
    div.o                       14
    exit.o                       4
    localeconv.o               108               136      136
    low_level_init.o             4
    printf.o                    36
    putchar.o                   12
    xfiles.o                                      64      144
    xprintffull_nomb.o       3 474
    xprout.o                    22
    xtls.o                       2
    ---------------------------------------------------------
    Total:                   3 676               200      280

m7M_tls.a: [4]
    DblAdd.o                   232
    DblCmpGe.o                  46
    DblCmpLe.o                  46
    DblDiv.o                   582
    DblMul.o                   418
    DblSub.o                   384
    DblToFlt.o                 144
    DblToI32.o                  88
    I32ToDbl.o                  48
    fpinit_M.o                  34
    xdnorm.o                    66
    xdscale.o                  280
    ---------------------------------------------------------
    Total:                   2 368

rt7M_tl.a: [5]
    ABImemcpy_unaligned.o      118
    I64DivMod.o                238
    I64DivZer.o                  2
    XXexit.o                    12
    cexit.o                     10
    cmain.o                     26
    cstartup_M.o                12
    data_init.o                 40
    memchr.o                    88
    strchr.o                    22
    strlen.o                    54
    zero_init3.o                34
    ---------------------------------------------------------
    Total:                     656

    Gaps                        22                 2        2
    Linker created              24       16       36
-------------------------------------------------------------
    Grand Total:            34 034      496    5 586   11 826


*******************************************************************************
*** ENTRY LIST
***

Entry                      Address    Size  Type      Object
-----                      -------    ----  ----      ------
.bss$$Base              0x1fff1090           --   Gb  - Linker created -
.bss$$Limit             0x1fff33ac           --   Gb  - Linker created -
.data$$Base             0x1fff0410           --   Gb  - Linker created -
.data$$Limit            0x1fff0ea0           --   Gb  - Linker created -
.data_init$$Base        0x000059c0           --   Gb  - Linker created -
.data_init$$Limit       0x00006454           --   Gb  - Linker created -
.iar.init_table$$Base   0x00009774           --   Gb  - Linker created -
.iar.init_table$$Limit  0x00009784           --   Gb  - Linker created -
?main                   0x000097a5          Code  Gb  cmain.o [5]
ADCN                    0x1fff0428     0x8  Data  Gb  MK60_adc.o [1]
ANO_DT_Data_Receive_Anl
                        0x0000673d   0x44c  Code  Gb  Serial_oscilloscope.o [1]
ANO_DT_Data_Receive_Prepare
                        0x0000661b   0x122  Code  Gb  Serial_oscilloscope.o [1]
ANO_DT_Send_Check       0x00006b89    0x4a  Code  Lc  Serial_oscilloscope.o [1]
ANO_Send_Data           0x000065f5    0x26  Code  Gb  Serial_oscilloscope.o [1]
ASCII_code              0x1fff0be4   0x260  Data  Gb  OLED.o [1]
ASSERT_FAILED_STR       0x0000972c    0x24  Data  Gb  MK60_conf.o [1]
B0_Process              0x00008a49    0x46  Code  Gb  key_int.o [1]
B1_Process              0x00008a8f    0x46  Code  Gb  key_int.o [1]
B2_Process              0x00008ad5    0x84  Code  Gb  key_int.o [1]
B3_Process              0x00008b59    0x8c  Code  Gb  key_int.o [1]
B4_Process              0x00008be5    0x28  Code  Gb  key_int.o [1]
Black_Ahead_Flag        0x1fff3393     0x1  Data  Gb  Calculate.o [1]
CCD1_ImageCapture       0x0000774d    0xaa  Code  Gb  CCD.o [1]
CCD1_flag               0x1fff3394     0x1  Data  Gb  Calculate.o [1]
CCD1_init               0x00007711    0x1e  Code  Gb  CCD.o [1]
CCD2_ImageCapture       0x000077f7    0xaa  Code  Gb  CCD.o [1]
CCD2_flag               0x1fff3395     0x1  Data  Gb  Calculate.o [1]
CCD2_info               0x1fff2b10   0x824  Data  Gb  Struct.o [1]
CCD2_init               0x0000772f    0x1e  Code  Gb  CCD.o [1]
CCD_Get_Line_1          0x000079db   0x198  Code  Gb  Calculate.o [1]
CCD_Get_Line_2          0x00007b73   0x114  Code  Gb  Calculate.o [1]
Calservo                0x1fff25e0     0x4  Data  Gb  process.o [1]
Car_mode                0x1fff0e52     0x1  Data  Gb  Struct.o [1]
Car_stop                0x0000720d    0x36  Code  Gb  process.o [1]
Center_Board_Value      0x1fff0422     0x1  Data  Gb  Calculate.o [1]
Center_Board_Value1     0x1fff041e     0x1  Data  Gb  Calculate.o [1]
Center_Board_Value2     0x1fff0421     0x1  Data  Gb  Calculate.o [1]
Centre_BlackOld_1       0x1fff0423     0x1  Data  Gb  Calculate.o [1]
Centre_BlackOld_2       0x1fff0424     0x1  Data  Gb  Calculate.o [1]
CodeRelocate$$Base      0x00009040           --   Gb  - Linker created -
CodeRelocate$$Limit     0x00009230           --   Gb  - Linker created -
CodeRelocateRam$$Base   0x1fff0ea0           --   Gb  - Linker created -
CodeRelocateRam$$Limit  0x1fff1090           --   Gb  - Linker created -
Coderval                0x1fff25e4     0x4  Data  Gb  process.o [1]
Data_Send               0x00006485   0x170  Code  Gb  Serial_oscilloscope.o [1]
FTMN                    0x1fff0b38    0x10  Data  Gb  MK60_ftm.o [1]
FTM_port_mux            0x00006c19   0x1ac  Code  Lc  MK60_ftm.o [1]
Filter_Pixel            0x00007989    0x52  Code  Gb  Calculate.o [1]
Fuzzy_Init              0x00008e81    0x42  Code  Gb  fuzzy.o [1]
GPIOX                   0x1fff0b48    0x14  Data  Gb  MK60_gpio.o [1]
Gyro_info               0x1fff2a44    0x2c  Data  Gb  Struct.o [1]
Info_Init               0x00008e03    0x34  Code  Gb  Init.o [1]
Init_PIT0               0x00008edd    0x24  Code  Gb  PIT0.o [1]
Init_PORT               0x0000899d    0x42  Code  Gb  key_int.o [1]
Init_PORT_C             0x00008d49    0x28  Code  Gb  Init.o [1]
Init_all                0x00008c71    0x54  Code  Gb  Init.o [1]
Init_ftm_motor          0x000083bd    0x4a  Code  Gb  motor.o [1]
Init_quad               0x00008407    0x10  Code  Gb  motor.o [1]
Init_uart1              0x00008ce3    0x1e  Code  Gb  Init.o [1]
Init_uart4              0x00008cc5    0x1e  Code  Gb  Init.o [1]
KEY_PTxn                0x1fff0e54     0x8  Data  Gb  VCAN_key.o [1]
LED_PTxn                0x1fff0e5c     0x4  Data  Gb  VCAN_LED.o [1]
L_ab_sqr                0x1fff0418     0x4  Data  Gb  Calculate.o [1]
L_bc                    0x1fff0414     0x4  Data  Gb  Calculate.o [1]
Left_Board_Value1       0x1fff041c     0x1  Data  Gb  Calculate.o [1]
Left_Board_Value2       0x1fff041f     0x1  Data  Gb  Calculate.o [1]
LoadInt                 0x00004da3    0x6e  Code  Lc  xprintffull_nomb.o [3]
Menu                    0x1fff2914     0xc  Data  Gb  Struct.o [1]
MotorSpeedOut           0x00008455   0x13c  Code  Gb  motor.o [1]
Motor_Process           0x000072e5    0x9a  Code  Gb  process.o [1]
Motor_info              0x1fff298c    0x40  Data  Gb  Struct.o [1]
NVIC_EnableIRQ          0x00008989    0x14  Code  Lc  key_int.o [1]
NVIC_EnableIRQ          0x000044c1    0x16  Code  Lc  MK60_uart.o [1]
NVIC_EnableIRQ          0x00008ec9    0x14  Code  Lc  PIT0.o [1]
NVIC_SystemReset        0x0000416d    0x1a  Code  Lc  MK60_conf.o [1]
OLED_GRAM               0x1fff2138   0x400  Data  Gb  OLED.o [1]
PIT0_IRQHandler         0x00008f01    0x9c  Code  Gb  PIT0.o [1]
PORTB_IRQHandler        0x000089e1    0x68  Code  Gb  key_int.o [1]
PORTC_IRQHandler        0x00008d71    0x28  Code  Gb  Init.o [1]
PORTX                   0x1fff0bb8    0x14  Data  Gb  MK60_port.o [1]
Parameter_info          0x1fff2874    0xa0  Data  Gb  Struct.o [1]
PidDSpe                 0x1fff25a8    0x38  Data  Gb  PID.o [1]
PidServo                0x1fff2538    0x38  Data  Gb  PID.o [1]
PidSpeed                0x1fff2570    0x38  Data  Gb  PID.o [1]
Pid_Calculate_Servo     0x00007db5    0xe6  Code  Gb  PID.o [1]
Pid_Init                0x00007ced    0xc8  Code  Gb  PID.o [1]
Pixel_1                 0x1fff25e8    0x80  Data  Gb  process.o [1]
Pixel_2                 0x1fff26e8    0x80  Data  Gb  process.o [1]
Pixel_Get_Left_Flag1    0x1fff3396     0x1  Data  Gb  Calculate.o [1]
Pixel_Get_Left_Flag2    0x1fff3398     0x1  Data  Gb  Calculate.o [1]
Pixel_Get_Right_Flag1   0x1fff3397     0x1  Data  Gb  Calculate.o [1]
Pixel_Get_Right_Flag2   0x1fff3399     0x1  Data  Gb  Calculate.o [1]
Pixel_Lose_Left_Flag    0x1fff0410     0x1  Data  Gb  Calculate.o [1]
Pixel_Lose_Right_Flag   0x1fff0411     0x1  Data  Gb  Calculate.o [1]
Pixel_Maximum_value     0x1fff339a     0x1  Data  Gb  Calculate.o [1]
Pixel_Minimum_value     0x1fff339b     0x1  Data  Gb  Calculate.o [1]
Queue_Init              0x00008dc3     0xe  Code  Gb  Init.o [1]
Queue_Mean              0x00008365    0x20  Code  Gb  control.o [1]
Queue_Variance          0x00008385    0x38  Code  Gb  control.o [1]
Region$$Table$$Base     0x00009774           --   Gb  - Linker created -
Region$$Table$$Limit    0x00009784           --   Gb  - Linker created -
RemSpeedUpDown_info     0x1fff2a70    0xa0  Data  Gb  Struct.o [1]
Reset_Handler           0x00000411          Code  Gb  startup_MK60DZ10.o [1]
Right_Board_Value1      0x1fff041d     0x1  Data  Gb  Calculate.o [1]
Right_Board_Value2      0x1fff0420     0x1  Data  Gb  Calculate.o [1]
Road_Data_Update        0x0000820f   0x128  Code  Gb  control.o [1]
Road_Judge              0x00007f77   0x298  Code  Gb  control.o [1]
Road_type               0x1fff0e53     0x1  Data  Gb  Struct.o [1]
SamplingDelay           0x000078a1    0x24  Code  Gb  CCD.o [1]
SendBuf                 0x1fff281c    0x24  Data  Gb  Serial_oscilloscope.o [1]
Send_Motor_Info         0x00007509   0x19e  Code  Gb  process.o [1]
Send_Steer_Info         0x00007381   0x17c  Code  Gb  process.o [1]
ServoFuzzy              0x1fff20e8    0x30  Data  Gb  fuzzy.o [1]
Speed_Expect            0x1fff0e4c     0x4  Data  Gb  PID.o [1]
Speed_L                 0x1fff2128     0x4  Data  Gb  motor.o [1]
Speed_R                 0x1fff212c     0x4  Data  Gb  motor.o [1]
Speed_Read              0x00008417    0x3c  Code  Gb  motor.o [1]
Speed_Val1_L            0x1fff2130     0x4  Data  Gb  motor.o [1]
Speed_Val2_R            0x1fff2134     0x4  Data  Gb  motor.o [1]
Speed_info              0x1fff29cc    0x78  Data  Gb  Struct.o [1]
State_Init              0x00008dd1    0x32  Code  Gb  Init.o [1]
Steer_Process           0x00007243    0x9e  Code  Gb  process.o [1]
Steer_info              0x1fff2920    0x6c  Data  Gb  Struct.o [1]
TIME0flag_100ms         0x1fff33a2     0x1  Data  Gb  PIT0.o [1]
TIME0flag_10ms          0x1fff339e     0x1  Data  Gb  PIT0.o [1]
TIME0flag_15ms          0x1fff339f     0x1  Data  Gb  PIT0.o [1]
TIME0flag_20ms          0x1fff33a0     0x1  Data  Gb  PIT0.o [1]
TIME0flag_25ms          0x1fff33a1     0x1  Data  Gb  PIT0.o [1]
TIME0flag_5ms           0x1fff339d     0x1  Data  Gb  PIT0.o [1]
Threshold_Value         0x1fff0427     0x1  Data  Gb  Calculate.o [1]
Threshold_Value_High    0x1fff0426     0x1  Data  Gb  Calculate.o [1]
Threshold_Value_Low     0x1fff0425     0x1  Data  Gb  Calculate.o [1]
TimeCount               0x1fff33a3     0x1  Data  Gb  PIT0.o [1]
Tune_Mode               0x1fff0e51     0x1  Data  Gb  Serial_oscilloscope.o [1]
UARTN                   0x1fff0bcc    0x18  Data  Gb  MK60_uart.o [1]
White_Ahead_Flag        0x1fff3392     0x1  Data  Gb  Calculate.o [1]
_GenldFullNoMb          0x0000531b   0x24c  Code  Lc  xprintffull_nomb.o [3]
_LdtobFullNoMb          0x00004f19   0x3fc  Code  Lc  xprintffull_nomb.o [3]
_LitobFullNoMb          0x00004e11   0x106  Code  Lc  xprintffull_nomb.o [3]
_Locale_aeabi_lconv     0x1fff33fc    0x38  Data  Gb  localeconv.o [3]
_Locale_lconv           0x1fff33ac    0x50  Data  Gb  localeconv.o [3]
_PrintfFullNoMb         0x0000481d   0x580  Code  Gb  xprintffull_nomb.o [3]
_Prout                  0x000097e1    0x16  Code  Gb  xprout.o [3]
_PutcharsFullNoMb       0x00005567    0x2e  Code  Lc  xprintffull_nomb.o [3]
__BOOT_STACK_ADDRESS {Abs}
                        0x2000fff8           --   Gb  command line/config [2]
__VECTOR_RAM {Abs}      0x1fff0000           --   Gb  command line/config [2]
__VECTOR_TABLE {Abs}    0x00000000           --   Gb  command line/config [2]
__aeabi_cdcmple         0x000057c9          Code  Gb  DblCmpLe.o [4]
__aeabi_cdrcmple        0x000057f9          Code  Gb  DblCmpGe.o [4]
__aeabi_d2f             0x0000401d          Code  Gb  DblToFlt.o [4]
__aeabi_d2iz            0x00003fc5          Code  Gb  DblToI32.o [4]
__aeabi_d2uiz           0x00003ff1          Code  Gb  DblToI32.o [4]
__aeabi_dadd            0x00003af1          Code  Gb  DblAdd.o [4]
__aeabi_ddiv            0x00003bd9          Code  Gb  DblDiv.o [4]
__aeabi_dmul            0x00003e21          Code  Gb  DblMul.o [4]
__aeabi_dsub            0x000042ad          Code  Gb  DblSub.o [4]
__aeabi_i2d             0x00003ac1          Code  Gb  I32ToDbl.o [4]
__aeabi_ldiv0           0x000059bd          Code  Gb  I64DivZer.o [5]
__aeabi_ui2d            0x00003ad5          Code  Gb  I32ToDbl.o [4]
__aeabi_uldivmod        0x00005621          Code  Gb  I64DivMod.o [5]
__cmain                 0x000097a5          Code  Gb  cmain.o [5]
__code_start__ {Abs}    0x00000410           --   Gb  command line/config [2]
__exit                  0x000097d5          Code  Gb  XXexit.o [5]
__iar_Dnorm             0x00005787    0x42  Code  Gb  xdnorm.o [4]
__iar_Dscale            0x00005829   0x118  Code  Gb  xdscale.o [4]
__iar_Locale_lconv_init
                        0x00005941    0x3a  Code  Gb  localeconv.o [3]
__iar_Memchr            0x000055c9          Code  Gb  memchr.o [5]
__iar_Stdout            0x1fff0e60    0x40  Data  Gb  xfiles.o [3]
__iar_Strchr            0x000055b1          Code  Gb  strchr.o [5]
__iar_d2uiz             0x00003ffd          Code  Gb  DblToI32.o [4]
__iar_dadd              0x00003b05          Code  Gb  DblAdd.o [4]
__iar_data_init3        0x00009705    0x28  Code  Gb  data_init.o [5]
__iar_dlib_perthread_access
                        0x000059bf     0x2  Code  Gb  xtls.o [3]
__iar_dsub              0x000042c1          Code  Gb  DblSub.o [4]
__iar_dsubStart         0x000042d3          Code  Gb  DblSub.o [4]
__iar_init_vfp          0x00009751          Code  Gb  fpinit_M.o [4]
__iar_program_start     0x000098c1          Code  Gb  cstartup_M.o [5]
__iar_ui2d              0x00003ad9          Code  Gb  I32ToDbl.o [4]
__iar_unaligned___aeabi_memcpy
                        0x00005711          Code  Gb  ABImemcpy_unaligned.o [5]
__iar_unaligned___aeabi_memcpy4
                        0x00005731          Code  Gb  ABImemcpy_unaligned.o [5]
__iar_unaligned___aeabi_memcpy8
                        0x00005731          Code  Gb  ABImemcpy_unaligned.o [5]
__iar_zero_init3        0x000037e7    0x22  Code  Gb  zero_init3.o [5]
__low_level_init        0x000097bf     0x4  Code  Gb  low_level_init.o [3]
__vector_table          0x00000000   0x410  Data  Gb  vectors.o [1]
_call_main              0x000097b1          Code  Gb  cmain.o [5]
_exit                   0x000097c9          Code  Gb  cexit.o [5]
_main                   0x000097bb          Code  Gb  cmain.o [5]
adc_init                0x00003809   0x20e  Code  Gb  MK60_adc.o [1]
adc_once                0x00003a17    0x50  Code  Gb  MK60_adc.o [1]
adc_start               0x00003a67    0x44  Code  Lc  MK60_adc.o [1]
arc_ratio_left          0x1fff1090     0x4  Data  Gb  Calculate.o [1]
arc_ratio_right         0x1fff1094     0x4  Data  Gb  Calculate.o [1]
assert_failed           0x00004187    0x26  Code  Gb  MK60_conf.o [1]
binary_conversion       0x00007959    0x30  Code  Gb  Calculate.o [1]
binary_road_1           0x1fff2668    0x80  Data  Gb  process.o [1]
binary_road_2           0x1fff2768    0x80  Data  Gb  process.o [1]
bus_clk_khz             0x1fff333c     0x4  Data  Gb  system_MK60DZ10.o [1]
ccd1_info               0x1fff1098   0x824  Data  Gb  control.o [1]
ccd1_state              0x1fff20e0     0x4  Data  Gb  control.o [1]
ccd2_info               0x1fff18bc   0x824  Data  Gb  control.o [1]
ccd2_state              0x1fff20e4     0x4  Data  Gb  control.o [1]
check_flag              0x1fff33a4     0x1  Data  Gb  process.o [1]
common_startup          0x0000928f    0x98  Code  Gb  system_MK60DZ10.o [1]
core_clk_khz            0x1fff3334     0x4  Data  Gb  system_MK60DZ10.o [1]
core_clk_mhz            0x1fff3338     0x4  Data  Gb  system_MK60DZ10.o [1]
data_to_send            0x1fff27e8    0x34  Data  Gb  Serial_oscilloscope.o [1]
default_isr             0x0000425b    0x30  Code  Gb  MK60_conf.o [1]
div                     0x000059ad     0xe  Code  Gb  div.o [3]
exit                    0x000097c3     0x4  Code  Gb  exit.o [3]
flash_cmd               0x1fff0eb1    0x20  Code  Gb  MK60_flash.o [1]
flash_erase_sector      0x1fff0ef5    0x5c  Code  Gb  MK60_flash.o [1]
flash_init              0x1fff0ed1    0x24  Code  Gb  MK60_flash.o [1]
flash_write             0x1fff0f51    0xb4  Code  Gb  MK60_flash.o [1]
fputc                   0x000041ad    0x14  Code  Gb  MK60_conf.o [1]
ftm_mod                 0x1fff2118    0x10  Data  Lc  MK60_ftm.o [1]
ftm_pwm_duty            0x00006f77   0x122  Code  Gb  MK60_ftm.o [1]
ftm_pwm_init            0x00006dc5   0x1b2  Code  Gb  MK60_ftm.o [1]
ftm_quad_clean          0x000071cb    0x28  Code  Gb  MK60_ftm.o [1]
ftm_quad_get            0x0000719f    0x2c  Code  Gb  MK60_ftm.o [1]
ftm_quad_init           0x00007099   0x106  Code  Gb  MK60_ftm.o [1]
get_min_max             0x000078c5    0x94  Code  Gb  Calculate.o [1]
gpio_get                0x00003705    0x3e  Code  Gb  MK60_gpio.o [1]
gpio_init               0x000035a9    0xae  Code  Gb  MK60_gpio.o [1]
gpio_set                0x00003657    0x74  Code  Gb  MK60_gpio.o [1]
gpio_turn               0x000036cb    0x3a  Code  Gb  MK60_gpio.o [1]
key_check               0x000047ed    0x2a  Code  Gb  VCAN_key.o [1]
key_get                 0x000047d3    0x1a  Code  Gb  VCAN_key.o [1]
key_init                0x00004781    0x52  Code  Gb  VCAN_key.o [1]
lcd_menu_display_init   0x00000901  0x2c50  Code  Gb  OLED.o [1]
led_init                0x0000442d    0x3a  Code  Gb  VCAN_LED.o [1]
led_turn                0x00004467    0x32  Code  Gb  VCAN_LED.o [1]
localeconv              0x0000597b    0x16  Code  Gb  localeconv.o [3]
main                    0x00009401    0xd0  Code  Gb  main.o [1]
mcg_cfg                 0x1fff0b5c    0x58  Data  Gb  MK60_mcg.o [1]
mcg_div                 0x1fff0bb4     0x4  Data  Gb  MK60_mcg.o [1]
mcg_div_count           0x000085b5   0x304  Code  Gb  MK60_mcg.o [1]
memchr                  0x000055c9          Code  Gb  memchr.o [5]
mode_correct            0x1fff339c     0x1  Data  Gb  key_int.o [1]
myOLED_Char             0x0000065d    0x2a  Code  Gb  OLED.o [1]
myOLED_Clear            0x0000059d    0x3a  Code  Gb  OLED.o [1]
myOLED_Dec              0x000006b5   0x178  Code  Gb  OLED.o [1]
myOLED_Decimals         0x0000082d    0xc6  Code  Gb  OLED.o [1]
myOLED_GPIO_Init        0x00000419    0x36  Code  Gb  OLED.o [1]
myOLED_Init             0x0000044f    0xa6  Code  Gb  OLED.o [1]
myOLED_REST             0x00000583    0x1a  Code  Gb  OLED.o [1]
myOLED_RefreshGRAM      0x000005d7    0x4e  Code  Gb  OLED.o [1]
myOLED_Set_XY           0x00000687    0x2e  Code  Gb  OLED.o [1]
myOLED_String           0x00000625    0x38  Code  Gb  OLED.o [1]
myOLED_Write_DAT        0x0000053b    0x48  Code  Gb  OLED.o [1]
myOLED_Write_REG        0x000004f5    0x46  Code  Gb  OLED.o [1]
obuf                    0x1fff3340    0x50  Data  Lc  xfiles.o [3]
para_a                  0x1fff0e44     0x4  Data  Gb  PID.o [1]
para_b                  0x1fff0e48     0x4  Data  Gb  PID.o [1]
pit_init                0x00008fc5    0x6c  Code  Gb  MK60_PIT.o [1]
pll_init                0x000088b9    0xb2  Code  Gb  MK60_mcg.o [1]
port_init               0x000040ad    0x44  Code  Gb  MK60_port.o [1]
port_init_NoALT         0x000040f1    0x62  Code  Gb  MK60_port.o [1]
print_road              0x00007ed9    0x9e  Code  Gb  control.o [1]
printf                  0x0000449d    0x24  Code  Gb  printf.o [3]
push                    0x00006455    0x30  Code  Gb  Serial_oscilloscope.o [1]
putchar                 0x000097f9     0xc  Code  Gb  putchar.o [3]
qhead                   0x1fff33a9     0x1  Data  Gb  Struct.o [1]
reduce_spe_flag         0x1fff33a5     0x1  Data  Gb  process.o [1]
set_sys_dividers        0x1fff1041    0x50  Code  Gb  MK60_mcg.o [1]
set_vector_handler      0x00008c43    0x22  Code  Gb  misc.o [1]
start                   0x00009231    0x22  Code  Gb  system_MK60DZ10.o [1]
start_check             0x000041c1    0x9a  Code  Gb  MK60_conf.o [1]
stop_IRQProcess         0x00008d99    0x2a  Code  Gb  Init.o [1]
stop_flag               0x1fff0e50     0x1  Data  Gb  process.o [1]
strchr                  0x000055b1          Code  Gb  strchr.o [5]
strlen                  0x000037b1          Code  Gb  strlen.o [5]
sysinit                 0x00009253    0x3c  Code  Gb  system_MK60DZ10.o [1]
systick_delay           0x0000374d    0x36  Code  Gb  MK60_SysTick.o [1]
systick_delay_ms        0x00003783    0x18  Code  Gb  MK60_SysTick.o [1]
uart1_handler           0x00008d01    0x28  Code  Gb  Init.o [1]
uart4_test_handler      0x00008d29    0x20  Code  Gb  Init.o [1]
uart_getchar            0x000046eb    0x1e  Code  Gb  MK60_uart.o [1]
uart_init               0x000044d7   0x214  Code  Gb  MK60_uart.o [1]
uart_putchar            0x00004709    0x1a  Code  Gb  MK60_uart.o [1]
uart_query              0x00004723    0x18  Code  Gb  MK60_uart.o [1]
uart_rx_irq_en          0x0000473b    0x2a  Code  Gb  MK60_uart.o [1]
vector_str              0x1fff0430   0x708  Data  Gb  MK60_conf.o [1]
wdog_disable            0x0000938f    0x16  Code  Gb  MK60_wdog.o [1]
wdog_feed               0x000093a5    0x20  Code  Gb  MK60_wdog.o [1]
wdog_init_ms            0x00009361    0x2e  Code  Gb  MK60_wdog.o [1]
wdog_unlock             0x000093c5    0x20  Code  Lc  MK60_wdog.o [1]
write_vtor              0x00008c21    0x22  Code  Gb  misc.o [1]


[1] = D:\Project\SmartCar11\WesternCom\Prj\Debug\Obj
[2] = command line
[3] = dl7M_tlf.a
[4] = m7M_tls.a
[5] = rt7M_tl.a

  34 034 bytes of readonly  code memory
     496 bytes of readwrite code memory
   5 586 bytes of readonly  data memory
  11 826 bytes of readwrite data memory

Errors: none
Warnings: none
